Archive member included to satisfy reference by file (symbol)

C:/ST/STM32CubeIDE_1.17.0/STM32CubeIDE/plugins/com.st.stm32cube.ide.mcu.externaltools.gnu-tools-for-stm32.13.3.rel1.win32_1.0.0.202411081344/tools/bin/../lib/gcc/arm-none-eabi/13.3.1/../../../../arm-none-eabi/lib/thumb/v8-m.main+fp/hard\libc_nano.a(libc_a-exit.o)
                              C:/ST/STM32CubeIDE_1.17.0/STM32CubeIDE/plugins/com.st.stm32cube.ide.mcu.externaltools.gnu-tools-for-stm32.13.3.rel1.win32_1.0.0.202411081344/tools/bin/../lib/gcc/arm-none-eabi/13.3.1/../../../../arm-none-eabi/lib/thumb/v8-m.main+fp/hard/crt0.o (exit)
C:/ST/STM32CubeIDE_1.17.0/STM32CubeIDE/plugins/com.st.stm32cube.ide.mcu.externaltools.gnu-tools-for-stm32.13.3.rel1.win32_1.0.0.202411081344/tools/bin/../lib/gcc/arm-none-eabi/13.3.1/../../../../arm-none-eabi/lib/thumb/v8-m.main+fp/hard\libc_nano.a(libc_a-findfp.o)
                              C:/ST/STM32CubeIDE_1.17.0/STM32CubeIDE/plugins/com.st.stm32cube.ide.mcu.externaltools.gnu-tools-for-stm32.13.3.rel1.win32_1.0.0.202411081344/tools/bin/../lib/gcc/arm-none-eabi/13.3.1/../../../../arm-none-eabi/lib/thumb/v8-m.main+fp/hard\libc_nano.a(libc_a-exit.o) (__stdio_exit_handler)
C:/ST/STM32CubeIDE_1.17.0/STM32CubeIDE/plugins/com.st.stm32cube.ide.mcu.externaltools.gnu-tools-for-stm32.13.3.rel1.win32_1.0.0.202411081344/tools/bin/../lib/gcc/arm-none-eabi/13.3.1/../../../../arm-none-eabi/lib/thumb/v8-m.main+fp/hard\libc_nano.a(libc_a-fwalk.o)
                              C:/ST/STM32CubeIDE_1.17.0/STM32CubeIDE/plugins/com.st.stm32cube.ide.mcu.externaltools.gnu-tools-for-stm32.13.3.rel1.win32_1.0.0.202411081344/tools/bin/../lib/gcc/arm-none-eabi/13.3.1/../../../../arm-none-eabi/lib/thumb/v8-m.main+fp/hard\libc_nano.a(libc_a-findfp.o) (_fwalk_sglue)
C:/ST/STM32CubeIDE_1.17.0/STM32CubeIDE/plugins/com.st.stm32cube.ide.mcu.externaltools.gnu-tools-for-stm32.13.3.rel1.win32_1.0.0.202411081344/tools/bin/../lib/gcc/arm-none-eabi/13.3.1/../../../../arm-none-eabi/lib/thumb/v8-m.main+fp/hard\libc_nano.a(libc_a-sprintf.o)
                              ./Core/Src/main.o (sprintf)
C:/ST/STM32CubeIDE_1.17.0/STM32CubeIDE/plugins/com.st.stm32cube.ide.mcu.externaltools.gnu-tools-for-stm32.13.3.rel1.win32_1.0.0.202411081344/tools/bin/../lib/gcc/arm-none-eabi/13.3.1/../../../../arm-none-eabi/lib/thumb/v8-m.main+fp/hard\libc_nano.a(libc_a-stdio.o)
                              C:/ST/STM32CubeIDE_1.17.0/STM32CubeIDE/plugins/com.st.stm32cube.ide.mcu.externaltools.gnu-tools-for-stm32.13.3.rel1.win32_1.0.0.202411081344/tools/bin/../lib/gcc/arm-none-eabi/13.3.1/../../../../arm-none-eabi/lib/thumb/v8-m.main+fp/hard\libc_nano.a(libc_a-findfp.o) (__sread)
C:/ST/STM32CubeIDE_1.17.0/STM32CubeIDE/plugins/com.st.stm32cube.ide.mcu.externaltools.gnu-tools-for-stm32.13.3.rel1.win32_1.0.0.202411081344/tools/bin/../lib/gcc/arm-none-eabi/13.3.1/../../../../arm-none-eabi/lib/thumb/v8-m.main+fp/hard\libc_nano.a(libc_a-memset.o)
                              C:/ST/STM32CubeIDE_1.17.0/STM32CubeIDE/plugins/com.st.stm32cube.ide.mcu.externaltools.gnu-tools-for-stm32.13.3.rel1.win32_1.0.0.202411081344/tools/bin/../lib/gcc/arm-none-eabi/13.3.1/../../../../arm-none-eabi/lib/thumb/v8-m.main+fp/hard/crt0.o (memset)
C:/ST/STM32CubeIDE_1.17.0/STM32CubeIDE/plugins/com.st.stm32cube.ide.mcu.externaltools.gnu-tools-for-stm32.13.3.rel1.win32_1.0.0.202411081344/tools/bin/../lib/gcc/arm-none-eabi/13.3.1/../../../../arm-none-eabi/lib/thumb/v8-m.main+fp/hard\libc_nano.a(libc_a-closer.o)
                              C:/ST/STM32CubeIDE_1.17.0/STM32CubeIDE/plugins/com.st.stm32cube.ide.mcu.externaltools.gnu-tools-for-stm32.13.3.rel1.win32_1.0.0.202411081344/tools/bin/../lib/gcc/arm-none-eabi/13.3.1/../../../../arm-none-eabi/lib/thumb/v8-m.main+fp/hard\libc_nano.a(libc_a-stdio.o) (_close_r)
C:/ST/STM32CubeIDE_1.17.0/STM32CubeIDE/plugins/com.st.stm32cube.ide.mcu.externaltools.gnu-tools-for-stm32.13.3.rel1.win32_1.0.0.202411081344/tools/bin/../lib/gcc/arm-none-eabi/13.3.1/../../../../arm-none-eabi/lib/thumb/v8-m.main+fp/hard\libc_nano.a(libc_a-reent.o)
                              C:/ST/STM32CubeIDE_1.17.0/STM32CubeIDE/plugins/com.st.stm32cube.ide.mcu.externaltools.gnu-tools-for-stm32.13.3.rel1.win32_1.0.0.202411081344/tools/bin/../lib/gcc/arm-none-eabi/13.3.1/../../../../arm-none-eabi/lib/thumb/v8-m.main+fp/hard\libc_nano.a(libc_a-closer.o) (errno)
C:/ST/STM32CubeIDE_1.17.0/STM32CubeIDE/plugins/com.st.stm32cube.ide.mcu.externaltools.gnu-tools-for-stm32.13.3.rel1.win32_1.0.0.202411081344/tools/bin/../lib/gcc/arm-none-eabi/13.3.1/../../../../arm-none-eabi/lib/thumb/v8-m.main+fp/hard\libc_nano.a(libc_a-impure.o)
                              C:/ST/STM32CubeIDE_1.17.0/STM32CubeIDE/plugins/com.st.stm32cube.ide.mcu.externaltools.gnu-tools-for-stm32.13.3.rel1.win32_1.0.0.202411081344/tools/bin/../lib/gcc/arm-none-eabi/13.3.1/../../../../arm-none-eabi/lib/thumb/v8-m.main+fp/hard\libc_nano.a(libc_a-sprintf.o) (_impure_ptr)
[...]
Memory Configuration

Name             Origin             Length             Attributes
FLASH            0x08000000         0x00100000         xr
RAM              0x20030000         0x00002000         xrw
*default*        0x00000000         0xffffffff

Linker script and memory map

LOAD C:/ST/STM32CubeIDE_1.17.0/STM32CubeIDE/plugins/com.st.stm32cube.ide.mcu.externaltools.gnu-tools-for-stm32.13.3.rel1.win32_1.0.0.202411081344/tools/bin/../lib/gcc/arm-none-eabi/13.3.1/thumb/v8-m.main+fp/hard/crti.o
LOAD C:/ST/STM32CubeIDE_1.17.0/STM32CubeIDE/plugins/com.st.stm32cube.ide.mcu.externaltools.gnu-tools-for-stm32.13.3.rel1.win32_1.0.0.202411081344/tools/bin/../lib/gcc/arm-none-eabi/13.3.1/thumb/v8-m.main+fp/hard/crtbegin.o
LOAD C:/ST/STM32CubeIDE_1.17.0/STM32CubeIDE/plugins/com.st.stm32cube.ide.mcu.externaltools.gnu-tools-for-stm32.13.3.rel1.win32_1.0.0.202411081344/tools/bin/../lib/gcc/arm-none-eabi/13.3.1/../../../../arm-none-eabi/lib/thumb/v8-m.main+fp/hard/crt0.o
LOAD ./Core/Src/main.o
LOAD ./Core/Src/stm32u3xx_hal_msp.o
LOAD ./Core/Src/stm32u3xx_it.o
LOAD ./Core/Src/syscalls.o
LOAD ./Core/Src/sysmem.o
LOAD ./Core/Src/system_stm32u3xx.o
LOAD ./Core/Startup/startup_stm32u385rgtxq.o
LOAD ./Drivers/STM32U3xx_HAL_Driver/Src/stm32u3xx_hal.o
LOAD ./Drivers/STM32U3xx_HAL_Driver/Src/stm32u3xx_hal_adc.o
LOAD ./Drivers/STM32U3xx_HAL_Driver/Src/stm32u3xx_hal_adc_ex.o
LOAD ./Drivers/STM32U3xx_HAL_Driver/Src/stm32u3xx_hal_cortex.o
LOAD ./Drivers/STM32U3xx_HAL_Driver/Src/stm32u3xx_hal_dma.o
LOAD ./Drivers/STM32U3xx_HAL_Driver/Src/stm32u3xx_hal_dma_ex.o
LOAD ./Drivers/STM32U3xx_HAL_Driver/Src/stm32u3xx_hal_exti.o
LOAD ./Drivers/STM32U3xx_HAL_Driver/Src/stm32u3xx_hal_flash.o
LOAD ./Drivers/STM32U3xx_HAL_Driver/Src/stm32u3xx_hal_flash_ex.o
LOAD ./Drivers/STM32U3xx_HAL_Driver/Src/stm32u3xx_hal_gpio.o
LOAD ./Drivers/STM32U3xx_HAL_Driver/Src/stm32u3xx_hal_gtzc.o
LOAD ./Drivers/STM32U3xx_HAL_Driver/Src/stm32u3xx_hal_icache.o
LOAD ./Drivers/STM32U3xx_HAL_Driver/Src/stm32u3xx_hal_pwr.o
LOAD ./Drivers/STM32U3xx_HAL_Driver/Src/stm32u3xx_hal_pwr_ex.o
LOAD ./Drivers/STM32U3xx_HAL_Driver/Src/stm32u3xx_hal_rcc.o
LOAD ./Drivers/STM32U3xx_HAL_Driver/Src/stm32u3xx_hal_rcc_ex.o
LOAD ./Drivers/STM32U3xx_HAL_Driver/Src/stm32u3xx_hal_rtc.o
LOAD ./Drivers/STM32U3xx_HAL_Driver/Src/stm32u3xx_hal_rtc_ex.o
LOAD ./Drivers/STM32U3xx_HAL_Driver/Src/stm32u3xx_hal_tim.o
LOAD ./Drivers/STM32U3xx_HAL_Driver/Src/stm32u3xx_hal_tim_ex.o
LOAD ./Drivers/STM32U3xx_HAL_Driver/Src/stm32u3xx_hal_uart.o
LOAD ./Drivers/STM32U3xx_HAL_Driver/Src/stm32u3xx_hal_uart_ex.o
START GROUP
LOAD C:/ST/STM32CubeIDE_1.17.0/STM32CubeIDE/plugins/com.st.stm32cube.ide.mcu.externaltools.gnu-tools-for-stm32.13.3.rel1.win32_1.0.0.202411081344/tools/bin/../lib/gcc/arm-none-eabi/13.3.1/../../../../arm-none-eabi/lib/thumb/v8-m.main+fp/hard\libc_nano.a
LOAD C:/ST/STM32CubeIDE_1.17.0/STM32CubeIDE/plugins/com.st.stm32cube.ide.mcu.externaltools.gnu-tools-for-stm32.13.3.rel1.win32_1.0.0.202411081344/tools/bin/../lib/gcc/arm-none-eabi/13.3.1/../../../../arm-none-eabi/lib/thumb/v8-m.main+fp/hard\libm.a
END GROUP
START GROUP
LOAD C:/ST/STM32CubeIDE_1.17.0/STM32CubeIDE/plugins/com.st.stm32cube.ide.mcu.externaltools.gnu-tools-for-stm32.13.3.rel1.win32_1.0.0.202411081344/tools/bin/../lib/gcc/arm-none-eabi/13.3.1/thumb/v8-m.main+fp/hard\libgcc.a
LOAD C:/ST/STM32CubeIDE_1.17.0/STM32CubeIDE/plugins/com.st.stm32cube.ide.mcu.externaltools.gnu-tools-for-stm32.13.3.rel1.win32_1.0.0.202411081344/tools/bin/../lib/gcc/arm-none-eabi/13.3.1/../../../../arm-none-eabi/lib/thumb/v8-m.main+fp/hard\libc_nano.a
END GROUP
START GROUP
LOAD C:/ST/STM32CubeIDE_1.17.0/STM32CubeIDE/plugins/com.st.stm32cube.ide.mcu.externaltools.gnu-tools-for-stm32.13.3.rel1.win32_1.0.0.202411081344/tools/bin/../lib/gcc/arm-none-eabi/13.3.1/thumb/v8-m.main+fp/hard\libgcc.a
LOAD C:/ST/STM32CubeIDE_1.17.0/STM32CubeIDE/plugins/com.st.stm32cube.ide.mcu.externaltools.gnu-tools-for-stm32.13.3.rel1.win32_1.0.0.202411081344/tools/bin/../lib/gcc/arm-none-eabi/13.3.1/../../../../arm-none-eabi/lib/thumb/v8-m.main+fp/hard\libc_nano.a
LOAD C:/ST/STM32CubeIDE_1.17.0/STM32CubeIDE/plugins/com.st.stm32cube.ide.mcu.externaltools.gnu-tools-for-stm32.13.3.rel1.win32_1.0.0.202411081344/tools/bin/../lib/gcc/arm-none-eabi/13.3.1/../../../../arm-none-eabi/lib/thumb/v8-m.main+fp/hard\libnosys.a
END GROUP
START GROUP
LOAD C:/ST/STM32CubeIDE_1.17.0/STM32CubeIDE/plugins/com.st.stm32cube.ide.mcu.externaltools.gnu-tools-for-stm32.13.3.rel1.win32_1.0.0.202411081344/tools/bin/../lib/gcc/arm-none-eabi/13.3.1/thumb/v8-m.main+fp/hard\libgcc.a
LOAD C:/ST/STM32CubeIDE_1.17.0/STM32CubeIDE/plugins/com.st.stm32cube.ide.mcu.externaltools.gnu-tools-for-stm32.13.3.rel1.win32_1.0.0.202411081344/tools/bin/../lib/gcc/arm-none-eabi/13.3.1/../../../../arm-none-eabi/lib/thumb/v8-m.main+fp/hard\libc_nano.a
LOAD C:/ST/STM32CubeIDE_1.17.0/STM32CubeIDE/plugins/com.st.stm32cube.ide.mcu.externaltools.gnu-tools-for-stm32.13.3.rel1.win32_1.0.0.202411081344/tools/bin/../lib/gcc/arm-none-eabi/13.3.1/../../../../arm-none-eabi/lib/thumb/v8-m.main+fp/hard\libnosys.a
END GROUP
LOAD C:/ST/STM32CubeIDE_1.17.0/STM32CubeIDE/plugins/com.st.stm32cube.ide.mcu.externaltools.gnu-tools-for-stm32.13.3.rel1.win32_1.0.0.202411081344/tools/bin/../lib/gcc/arm-none-eabi/13.3.1/thumb/v8-m.main+fp/hard/crtend.o
LOAD C:/ST/STM32CubeIDE_1.17.0/STM32CubeIDE/plugins/com.st.stm32cube.ide.mcu.externaltools.gnu-tools-for-stm32.13.3.rel1.win32_1.0.0.202411081344/tools/bin/../lib/gcc/arm-none-eabi/13.3.1/thumb/v8-m.main+fp/hard/crtn.o
                0x20032000                        _estack = (ORIGIN (RAM) + LENGTH (RAM))
                0x00000200                        _Min_Heap_Size = 0x200
                0x00000400                        _Min_Stack_Size = 0x400

.isr_vector     0x08000000      0x234
                0x08000000                        . = ALIGN (0x4)
 *(.isr_vector)
 .isr_vector    0x08000000      0x234 ./Core/Startup/startup_stm32u385rgtxq.o
                0x08000000                g_pfnVectors
                0x08000234                        . = ALIGN (0x4)

.text           0x08000234     0x64d4
                0x08000234                        . = ALIGN (0x4)
 *(.text)
 .text          0x08000234       0x40 C:/ST/STM32CubeIDE_1.17.0/STM32CubeIDE/plugins/com.st.stm32cube.ide.mcu.externaltools.gnu-tools-for-stm32.13.3.rel1.win32_1.0.0.202411081344/tools/bin/../lib/gcc/arm-none-eabi/13.3.1/thumb/v8-m.main+fp/hard/crtbegin.o
 .text          0x08000274       0x30 C:/ST/STM32CubeIDE_1.17.0/STM32CubeIDE/plugins/com.st.stm32cube.ide.mcu.externaltools.gnu-tools-for-stm32.13.3.rel1.win32_1.0.0.202411081344/tools/bin/../lib/gcc/arm-none-eabi/13.3.1/thumb/v8-m.main+fp/hard\libgcc.a(_aeabi_uldivmod.o)
                0x08000274                __aeabi_uldivmod
 .text          0x080002a4      0x348 C:/ST/STM32CubeIDE_1.17.0/STM32CubeIDE/plugins/com.st.stm32cube.ide.mcu.externaltools.gnu-tools-for-stm32.13.3.rel1.win32_1.0.0.202411081344/tools/bin/../lib/gcc/arm-none-eabi/13.3.1/thumb/v8-m.main+fp/hard\libgcc.a(_udivmoddi4.o)
                0x080002a4                __udivmoddi4
 .text          0x080005ec        0x4 C:/ST/STM32CubeIDE_1.17.0/STM32CubeIDE/plugins/com.st.stm32cube.ide.mcu.externaltools.gnu-tools-for-stm32.13.3.rel1.win32_1.0.0.202411081344/tools/bin/../lib/gcc/arm-none-eabi/13.3.1/thumb/v8-m.main+fp/hard\libgcc.a(_dvmd_tls.o)
                0x080005ec                __aeabi_idiv0
                0x080005ec                __aeabi_ldiv0
 *(.text*)
 .text.LL_LPUART_ClearFlag_TC
                0x080005f0       0x1a ./Core/Src/main.o
 .text.LL_LPUART_EnableIT_TC
                0x0800060a       0x42 ./Core/Src/main.o
 .text.main     0x0800064c      0x1e0 ./Core/Src/main.o
                0x0800064c                main
 .text.SystemClock_Config
                0x0800082c       0xe0 ./Core/Src/main.o
                0x0800082c                SystemClock_Config
 .text.MX_ADC1_Init
                0x0800090c       0xdc ./Core/Src/main.o
 .text.MX_ICACHE_Init
                0x080009e8       0x26 ./Core/Src/main.o
 *fill*         0x08000a0e        0x2 
 .text.MX_LPUART1_UART_Init
                0x08000a10       0xa0 ./Core/Src/main.o
 .text.MX_RTC_Init
                0x08000ab0       0xb0 ./Core/Src/main.o
 .text.MX_GPIO_Init
                0x08000b60       0x54 ./Core/Src/main.o
 .text.Error_Handler
                0x08000bb4        0xc ./Core/Src/main.o
                0x08000bb4                Error_Handler
 .text.HAL_MspInit
                0x08000bc0       0x34 ./Core/Src/stm32u3xx_hal_msp.o
                0x08000bc0                HAL_MspInit
 .text.HAL_ADC_MspInit
                0x08000bf4       0x74 ./Core/Src/stm32u3xx_hal_msp.o
                0x08000bf4                HAL_ADC_MspInit
 .text.HAL_UART_MspInit
                0x08000c68       0xdc ./Core/Src/stm32u3xx_hal_msp.o
                0x08000c68                HAL_UART_MspInit
 .text.HAL_RTC_MspInit
                0x08000d44       0x90 ./Core/Src/stm32u3xx_hal_msp.o
                0x08000d44                HAL_RTC_MspInit
 .text.NMI_Handler
                0x08000dd4        0x8 ./Core/Src/stm32u3xx_it.o
                0x08000dd4                NMI_Handler
 .text.HardFault_Handler
                0x08000ddc        0x8 ./Core/Src/stm32u3xx_it.o
                0x08000ddc                HardFault_Handler
 .text.MemManage_Handler
                0x08000de4        0x8 ./Core/Src/stm32u3xx_it.o
                0x08000de4                MemManage_Handler
 .text.BusFault_Handler
                0x08000dec        0x8 ./Core/Src/stm32u3xx_it.o
                0x08000dec                BusFault_Handler
 .text.UsageFault_Handler
                0x08000df4        0x8 ./Core/Src/stm32u3xx_it.o
                0x08000df4                UsageFault_Handler
 .text.SVC_Handler
                0x08000dfc        0xe ./Core/Src/stm32u3xx_it.o
                0x08000dfc                SVC_Handler
 .text.DebugMon_Handler
                0x08000e0a        0xe ./Core/Src/stm32u3xx_it.o
                0x08000e0a                DebugMon_Handler
 .text.PendSV_Handler
                0x08000e18        0xe ./Core/Src/stm32u3xx_it.o
                0x08000e18                PendSV_Handler
 .text.SysTick_Handler
                0x08000e26        0xc ./Core/Src/stm32u3xx_it.o
                0x08000e26                SysTick_Handler
 *fill*         0x08000e32        0x2 
 .text.RTC_IRQHandler
                0x08000e34       0x14 ./Core/Src/stm32u3xx_it.o
                0x08000e34                RTC_IRQHandler
 .text.LPUART1_IRQHandler
                0x08000e48       0x14 ./Core/Src/stm32u3xx_it.o
                0x08000e48                LPUART1_IRQHandler
 .text._sbrk    0x08000e5c       0x6c ./Core/Src/sysmem.o
                0x08000e5c                _sbrk
 .text.SystemInit
                0x08000ec8       0x24 ./Core/Src/system_stm32u3xx.o
                0x08000ec8                SystemInit
 .text.SystemCoreClockUpdate
                0x08000eec       0xd0 ./Core/Src/system_stm32u3xx.o
                0x08000eec                SystemCoreClockUpdate
 .text.Reset_Handler
                0x08000fbc       0x50 ./Core/Startup/startup_stm32u385rgtxq.o
                0x08000fbc                Reset_Handler
 .text.Default_Handler
                0x0800100c        0x2 ./Core/Startup/startup_stm32u385rgtxq.o
                0x0800100c                EXTI2_IRQHandler
                0x0800100c                EXTI5_IRQHandler
                0x0800100c                I3C1_ER_IRQHandler
                0x0800100c                FLASH_S_IRQHandler
                0x0800100c                EXTI13_IRQHandler
                0x0800100c                TIM1_CC_IRQHandler
                0x0800100c                TSC_IRQHandler
                0x0800100c                TIM1_TRG_COM_DIR_IDX_IRQHandler
                0x0800100c                TAMP_IRQHandler
                0x0800100c                TIM6_IRQHandler
                0x0800100c                EXTI12_IRQHandler
                0x0800100c                EXTI3_IRQHandler
                0x0800100c                LPTIM4_IRQHandler
                0x0800100c                GPDMA1_Channel5_IRQHandler
                0x0800100c                EXTI8_IRQHandler
                0x0800100c                LPTIM2_IRQHandler
                0x0800100c                USB_FS_IRQHandler
                0x0800100c                I2C3_ER_IRQHandler
                0x0800100c                LPTIM3_IRQHandler
                0x0800100c                EXTI0_IRQHandler
                0x0800100c                I2C2_EV_IRQHandler
                0x0800100c                FPU_IRQHandler
                0x0800100c                GPDMA1_Channel3_IRQHandler
                0x0800100c                GPDMA1_Channel7_IRQHandler
                0x0800100c                FDCAN1_IT1_IRQHandler
                0x0800100c                RAMCFG_IRQHandler
                0x0800100c                PWR_S_IRQHandler
                0x0800100c                GPDMA1_Channel9_IRQHandler
                0x0800100c                SPI1_IRQHandler
                0x0800100c                OCTOSPI1_IRQHandler
                0x0800100c                GPDMA1_Channel2_IRQHandler
                0x0800100c                RCC_S_IRQHandler
                0x0800100c                ADC1_IRQHandler
                0x0800100c                PKA_IRQHandler
                0x0800100c                PWR_IRQHandler
                0x0800100c                I3C2_ER_IRQHandler
                0x0800100c                EXTI15_IRQHandler
                0x0800100c                TIM17_IRQHandler
                0x0800100c                USART3_IRQHandler
                0x0800100c                EXTI9_IRQHandler
                0x0800100c                UART5_IRQHandler
                0x0800100c                TIM4_IRQHandler
                0x0800100c                I3C2_EV_IRQHandler
                0x0800100c                I2C1_EV_IRQHandler
                0x0800100c                GPDMA1_Channel1_IRQHandler
                0x0800100c                TIM16_IRQHandler
                0x0800100c                UART4_IRQHandler
                0x0800100c                SecureFault_Handler
                0x0800100c                TIM3_IRQHandler
                0x0800100c                RCC_IRQHandler
                0x0800100c                Default_Handler
                0x0800100c                GPDMA1_Channel8_IRQHandler
                0x0800100c                GPDMA1_Channel11_IRQHandler
                0x0800100c                TIM7_IRQHandler
                0x0800100c                SDMMC1_IRQHandler
                0x0800100c                SAES_IRQHandler
                0x0800100c                GPDMA1_Channel0_IRQHandler
                0x0800100c                I3C1_EV_IRQHandler
                0x0800100c                TIM15_IRQHandler
                0x0800100c                I2C3_EV_IRQHandler
                0x0800100c                PVD_PVM_IRQHandler
                0x0800100c                ADC2_IRQHandler
                0x0800100c                SPI2_IRQHandler
                0x0800100c                EXTI14_IRQHandler
                0x0800100c                EXTI11_IRQHandler
                0x0800100c                CRS_IRQHandler
                0x0800100c                EXTI4_IRQHandler
                0x0800100c                TIM1_BRK_TERR_IERR_IRQHandler
                0x0800100c                RTC_S_IRQHandler
                0x0800100c                RNG_IRQHandler
                0x0800100c                COMP_IRQHandler
                0x0800100c                TIM1_UP_IRQHandler
                0x0800100c                WWDG_IRQHandler
                0x0800100c                ADF1_IRQHandler
                0x0800100c                IWDG_IRQHandler
                0x0800100c                FDCAN1_IT0_IRQHandler
                0x0800100c                TIM2_IRQHandler
                0x0800100c                GPDMA1_Channel4_IRQHandler
                0x0800100c                EXTI7_IRQHandler
                0x0800100c                EXTI1_IRQHandler
                0x0800100c                AES_IRQHandler
                0x0800100c                DAC1_IRQHandler
                0x0800100c                GTZC_IRQHandler
                0x0800100c                GPDMA1_Channel6_IRQHandler
                0x0800100c                I2C2_ER_IRQHandler
                0x0800100c                FLASH_IRQHandler
                0x0800100c                USART1_IRQHandler
                0x0800100c                EXTI10_IRQHandler
                0x0800100c                SPI3_IRQHandler
                0x0800100c                I2C1_ER_IRQHandler
                0x0800100c                EXTI6_IRQHandler
                0x0800100c                LPTIM1_IRQHandler
                0x0800100c                GPDMA1_Channel10_IRQHandler
                0x0800100c                ICACHE_IRQHandler
                0x0800100c                SAI1_IRQHandler
                0x0800100c                HASH_IRQHandler
 *fill*         0x0800100e        0x2 
 .text.HAL_Init
                0x08001010       0x40 ./Drivers/STM32U3xx_HAL_Driver/Src/stm32u3xx_hal.o
                0x08001010                HAL_Init
 .text.HAL_InitTick
                0x08001050       0xfc ./Drivers/STM32U3xx_HAL_Driver/Src/stm32u3xx_hal.o
                0x08001050                HAL_InitTick
 .text.HAL_IncTick
                0x0800114c       0x28 ./Drivers/STM32U3xx_HAL_Driver/Src/stm32u3xx_hal.o
                0x0800114c                HAL_IncTick
 .text.HAL_GetTick
                0x08001174       0x18 ./Drivers/STM32U3xx_HAL_Driver/Src/stm32u3xx_hal.o
                0x08001174                HAL_GetTick
 .text.HAL_Delay
                0x0800118c       0x48 ./Drivers/STM32U3xx_HAL_Driver/Src/stm32u3xx_hal.o
                0x0800118c                HAL_Delay
 .text.LL_ADC_SetCommonPathInternalCh
                0x080011d4       0x26 ./Drivers/STM32U3xx_HAL_Driver/Src/stm32u3xx_hal_adc.o
 .text.LL_ADC_GetCommonPathInternalCh
                0x080011fa       0x1c ./Drivers/STM32U3xx_HAL_Driver/Src/stm32u3xx_hal_adc.o
 .text.LL_ADC_SetPathInternalCh
                0x08001216       0x2c ./Drivers/STM32U3xx_HAL_Driver/Src/stm32u3xx_hal_adc.o
 .text.LL_ADC_GetPathInternalCh
                0x08001242       0x20 ./Drivers/STM32U3xx_HAL_Driver/Src/stm32u3xx_hal_adc.o
 .text.LL_ADC_SetOffsetChannel
                0x08001262       0x38 ./Drivers/STM32U3xx_HAL_Driver/Src/stm32u3xx_hal_adc.o
 .text.LL_ADC_GetOffsetChannel
                0x0800129a       0x2e ./Drivers/STM32U3xx_HAL_Driver/Src/stm32u3xx_hal_adc.o
 .text.LL_ADC_SetOffsetLevel
                0x080012c8       0x36 ./Drivers/STM32U3xx_HAL_Driver/Src/stm32u3xx_hal_adc.o
 .text.LL_ADC_SetOffsetSign
                0x080012fe       0x36 ./Drivers/STM32U3xx_HAL_Driver/Src/stm32u3xx_hal_adc.o
 .text.LL_ADC_SetOffsetSignedSaturation
                0x08001334       0x36 ./Drivers/STM32U3xx_HAL_Driver/Src/stm32u3xx_hal_adc.o
 .text.LL_ADC_SetOffsetUnsignedSaturation
                0x0800136a       0x36 ./Drivers/STM32U3xx_HAL_Driver/Src/stm32u3xx_hal_adc.o
 .text.LL_ADC_SetGainCompensation
                0x080013a0       0x46 ./Drivers/STM32U3xx_HAL_Driver/Src/stm32u3xx_hal_adc.o
 .text.LL_ADC_REG_IsTriggerSourceSWStart
                0x080013e6       0x26 ./Drivers/STM32U3xx_HAL_Driver/Src/stm32u3xx_hal_adc.o
 .text.LL_ADC_REG_SetSequencerRanks
                0x0800140c       0x56 ./Drivers/STM32U3xx_HAL_Driver/Src/stm32u3xx_hal_adc.o
 .text.LL_ADC_SetChannelPreselection
                0x08001462       0x2e ./Drivers/STM32U3xx_HAL_Driver/Src/stm32u3xx_hal_adc.o
 .text.LL_ADC_SetChannelSamplingTime
                0x08001490      0x17c ./Drivers/STM32U3xx_HAL_Driver/Src/stm32u3xx_hal_adc.o
 .text.LL_ADC_GetMultimode
                0x0800160c       0x1c ./Drivers/STM32U3xx_HAL_Driver/Src/stm32u3xx_hal_adc.o
 .text.LL_ADC_GetMultiDataFormat
                0x08001628       0x1c ./Drivers/STM32U3xx_HAL_Driver/Src/stm32u3xx_hal_adc.o
 .text.LL_ADC_DisableDeepPowerDown
                0x08001644       0x24 ./Drivers/STM32U3xx_HAL_Driver/Src/stm32u3xx_hal_adc.o
 .text.LL_ADC_IsDeepPowerDownEnabled
                0x08001668       0x28 ./Drivers/STM32U3xx_HAL_Driver/Src/stm32u3xx_hal_adc.o
 .text.LL_ADC_EnableInternalRegulator
                0x08001690       0x28 ./Drivers/STM32U3xx_HAL_Driver/Src/stm32u3xx_hal_adc.o
 .text.LL_ADC_IsInternalRegulatorEnabled
                0x080016b8       0x28 ./Drivers/STM32U3xx_HAL_Driver/Src/stm32u3xx_hal_adc.o
 .text.LL_ADC_Enable
                0x080016e0       0x28 ./Drivers/STM32U3xx_HAL_Driver/Src/stm32u3xx_hal_adc.o
 .text.LL_ADC_Disable
                0x08001708       0x28 ./Drivers/STM32U3xx_HAL_Driver/Src/stm32u3xx_hal_adc.o
 .text.LL_ADC_IsEnabled
                0x08001730       0x26 ./Drivers/STM32U3xx_HAL_Driver/Src/stm32u3xx_hal_adc.o
 .text.LL_ADC_IsDisableOngoing
                0x08001756       0x26 ./Drivers/STM32U3xx_HAL_Driver/Src/stm32u3xx_hal_adc.o
 .text.LL_ADC_REG_StartConversion
                0x0800177c       0x28 ./Drivers/STM32U3xx_HAL_Driver/Src/stm32u3xx_hal_adc.o
 .text.LL_ADC_REG_IsConversionOngoing
                0x080017a4       0x26 ./Drivers/STM32U3xx_HAL_Driver/Src/stm32u3xx_hal_adc.o
 .text.LL_ADC_INJ_IsConversionOngoing
                0x080017ca       0x26 ./Drivers/STM32U3xx_HAL_Driver/Src/stm32u3xx_hal_adc.o
 .text.LL_ADC_IsActiveFlag_LDORDY
                0x080017f0       0x28 ./Drivers/STM32U3xx_HAL_Driver/Src/stm32u3xx_hal_adc.o
 .text.LL_ADC_ClearFlag_LDORDY
                0x08001818       0x1c ./Drivers/STM32U3xx_HAL_Driver/Src/stm32u3xx_hal_adc.o
 .text.HAL_ADC_Init
                0x08001834      0x29c ./Drivers/STM32U3xx_HAL_Driver/Src/stm32u3xx_hal_adc.o
                0x08001834                HAL_ADC_Init
 .text.HAL_ADC_Start
                0x08001ad0      0x174 ./Drivers/STM32U3xx_HAL_Driver/Src/stm32u3xx_hal_adc.o
                0x08001ad0                HAL_ADC_Start
 .text.HAL_ADC_PollForConversion
                0x08001c44      0x1b0 ./Drivers/STM32U3xx_HAL_Driver/Src/stm32u3xx_hal_adc.o
                0x08001c44                HAL_ADC_PollForConversion
 .text.HAL_ADC_GetValue
                0x08001df4       0x1a ./Drivers/STM32U3xx_HAL_Driver/Src/stm32u3xx_hal_adc.o
                0x08001df4                HAL_ADC_GetValue
 *fill*         0x08001e0e        0x2 
 .text.HAL_ADC_ConfigChannel
                0x08001e10      0x358 ./Drivers/STM32U3xx_HAL_Driver/Src/stm32u3xx_hal_adc.o
                0x08001e10                HAL_ADC_ConfigChannel
 .text.ADC_Enable
                0x08002168      0x108 ./Drivers/STM32U3xx_HAL_Driver/Src/stm32u3xx_hal_adc.o
                0x08002168                ADC_Enable
 .text.ADC_Disable
                0x08002270       0xbe ./Drivers/STM32U3xx_HAL_Driver/Src/stm32u3xx_hal_adc.o
                0x08002270                ADC_Disable
 .text.LL_ADC_StartCalibration
                0x0800232e       0x28 ./Drivers/STM32U3xx_HAL_Driver/Src/stm32u3xx_hal_adc_ex.o
 .text.LL_ADC_IsCalibrationOnGoing
                0x08002356       0x28 ./Drivers/STM32U3xx_HAL_Driver/Src/stm32u3xx_hal_adc_ex.o
 *fill*         0x0800237e        0x2 
 .text.HAL_ADCEx_Calibration_Start
                0x08002380       0xc4 ./Drivers/STM32U3xx_HAL_Driver/Src/stm32u3xx_hal_adc_ex.o
                0x08002380                HAL_ADCEx_Calibration_Start
 .text.__NVIC_SetPriorityGrouping
                0x08002444       0x48 ./Drivers/STM32U3xx_HAL_Driver/Src/stm32u3xx_hal_cortex.o
 .text.__NVIC_GetPriorityGrouping
                0x0800248c       0x1c ./Drivers/STM32U3xx_HAL_Driver/Src/stm32u3xx_hal_cortex.o
 .text.__NVIC_EnableIRQ
                0x080024a8       0x3c ./Drivers/STM32U3xx_HAL_Driver/Src/stm32u3xx_hal_cortex.o
 .text.__NVIC_SetPriority
                0x080024e4       0x54 ./Drivers/STM32U3xx_HAL_Driver/Src/stm32u3xx_hal_cortex.o
 .text.NVIC_EncodePriority
                0x08002538       0x66 ./Drivers/STM32U3xx_HAL_Driver/Src/stm32u3xx_hal_cortex.o
 .text.HAL_NVIC_SetPriorityGrouping
                0x0800259e       0x16 ./Drivers/STM32U3xx_HAL_Driver/Src/stm32u3xx_hal_cortex.o
                0x0800259e                HAL_NVIC_SetPriorityGrouping
 .text.HAL_NVIC_SetPriority
                0x080025b4       0x34 ./Drivers/STM32U3xx_HAL_Driver/Src/stm32u3xx_hal_cortex.o
                0x080025b4                HAL_NVIC_SetPriority
 .text.HAL_NVIC_EnableIRQ
                0x080025e8       0x1c ./Drivers/STM32U3xx_HAL_Driver/Src/stm32u3xx_hal_cortex.o
                0x080025e8                HAL_NVIC_EnableIRQ
 .text.HAL_SYSTICK_Config
                0x08002604       0x44 ./Drivers/STM32U3xx_HAL_Driver/Src/stm32u3xx_hal_cortex.o
                0x08002604                HAL_SYSTICK_Config
 .text.HAL_SYSTICK_CLKSourceConfig
                0x08002648       0xb0 ./Drivers/STM32U3xx_HAL_Driver/Src/stm32u3xx_hal_cortex.o
                0x08002648                HAL_SYSTICK_CLKSourceConfig
 .text.HAL_DMA_Abort
                0x080026f8       0xf8 ./Drivers/STM32U3xx_HAL_Driver/Src/stm32u3xx_hal_dma.o
                0x080026f8                HAL_DMA_Abort
 .text.HAL_DMA_Abort_IT
                0x080027f0       0x52 ./Drivers/STM32U3xx_HAL_Driver/Src/stm32u3xx_hal_dma.o
                0x080027f0                HAL_DMA_Abort_IT
 *fill*         0x08002842        0x2 
 .text.HAL_GPIO_Init
                0x08002844      0x314 ./Drivers/STM32U3xx_HAL_Driver/Src/stm32u3xx_hal_gpio.o
                0x08002844                HAL_GPIO_Init
 .text.HAL_ICACHE_ConfigAssociativityMode
                0x08002b58       0x40 ./Drivers/STM32U3xx_HAL_Driver/Src/stm32u3xx_hal_icache.o
                0x08002b58                HAL_ICACHE_ConfigAssociativityMode
 .text.HAL_ICACHE_Enable
                0x08002b98       0x20 ./Drivers/STM32U3xx_HAL_Driver/Src/stm32u3xx_hal_icache.o
                0x08002b98                HAL_ICACHE_Enable
 .text.HAL_PWR_EnableBkUpAccess
                0x08002bb8       0x18 ./Drivers/STM32U3xx_HAL_Driver/Src/stm32u3xx_hal_pwr.o
                0x08002bb8                HAL_PWR_EnableBkUpAccess
 .text.HAL_PWR_EnableWakeUpLine
                0x08002bd0       0xe8 ./Drivers/STM32U3xx_HAL_Driver/Src/stm32u3xx_hal_pwr.o
                0x08002bd0                HAL_PWR_EnableWakeUpLine
 .text.HAL_PWR_EnterSTOPMode
                0x08002cb8       0x60 ./Drivers/STM32U3xx_HAL_Driver/Src/stm32u3xx_hal_pwr.o
                0x08002cb8                HAL_PWR_EnterSTOPMode
 .text.HAL_PWREx_ControlVoltageScaling
                0x08002d18       0x7c ./Drivers/STM32U3xx_HAL_Driver/Src/stm32u3xx_hal_pwr_ex.o
                0x08002d18                HAL_PWREx_ControlVoltageScaling
 .text.HAL_PWREx_EnableVddA
                0x08002d94       0x20 ./Drivers/STM32U3xx_HAL_Driver/Src/stm32u3xx_hal_pwr_ex.o
                0x08002d94                HAL_PWREx_EnableVddA
 .text.HAL_PWREx_EnableEpodBooster
                0x08002db4       0x58 ./Drivers/STM32U3xx_HAL_Driver/Src/stm32u3xx_hal_pwr_ex.o
                0x08002db4                HAL_PWREx_EnableEpodBooster
 .text.HAL_PWREx_ConfigSupply
                0x08002e0c       0x98 ./Drivers/STM32U3xx_HAL_Driver/Src/stm32u3xx_hal_pwr_ex.o
                0x08002e0c                HAL_PWREx_ConfigSupply
 .text.HAL_PWREx_EnableRAMsPowerDown
                0x08002ea4       0x24 ./Drivers/STM32U3xx_HAL_Driver/Src/stm32u3xx_hal_pwr_ex.o
                0x08002ea4                HAL_PWREx_EnableRAMsPowerDown
 .text.HAL_PWREx_DisableRAMsContentStopRetention
                0x08002ec8       0x24 ./Drivers/STM32U3xx_HAL_Driver/Src/stm32u3xx_hal_pwr_ex.o
                0x08002ec8                HAL_PWREx_DisableRAMsContentStopRetention
 .text.HAL_PWREx_DisableFlashFastWakeUp
                0x08002eec       0x20 ./Drivers/STM32U3xx_HAL_Driver/Src/stm32u3xx_hal_pwr_ex.o
                0x08002eec                HAL_PWREx_DisableFlashFastWakeUp
 .text.HAL_RCC_OscConfig
                0x08002f0c      0x6ac ./Drivers/STM32U3xx_HAL_Driver/Src/stm32u3xx_hal_rcc.o
                0x08002f0c                HAL_RCC_OscConfig
 .text.HAL_RCC_ClockConfig
                0x080035b8      0x1d8 ./Drivers/STM32U3xx_HAL_Driver/Src/stm32u3xx_hal_rcc.o
                0x080035b8                HAL_RCC_ClockConfig
 .text.HAL_RCC_GetSysClockFreq
                0x08003790       0x90 ./Drivers/STM32U3xx_HAL_Driver/Src/stm32u3xx_hal_rcc.o
                0x08003790                HAL_RCC_GetSysClockFreq
 .text.HAL_RCC_GetHCLKFreq
                0x08003820       0x34 ./Drivers/STM32U3xx_HAL_Driver/Src/stm32u3xx_hal_rcc.o
                0x08003820                HAL_RCC_GetHCLKFreq
 .text.HAL_RCC_GetPCLK1Freq
                0x08003854       0x28 ./Drivers/STM32U3xx_HAL_Driver/Src/stm32u3xx_hal_rcc.o
                0x08003854                HAL_RCC_GetPCLK1Freq
 .text.HAL_RCC_GetPCLK2Freq
                0x0800387c       0x28 ./Drivers/STM32U3xx_HAL_Driver/Src/stm32u3xx_hal_rcc.o
                0x0800387c                HAL_RCC_GetPCLK2Freq
 .text.HAL_RCC_GetPCLK3Freq
                0x080038a4       0x28 ./Drivers/STM32U3xx_HAL_Driver/Src/stm32u3xx_hal_rcc.o
                0x080038a4                HAL_RCC_GetPCLK3Freq
 .text.HAL_RCC_GetMSIKFreq
                0x080038cc       0x6c ./Drivers/STM32U3xx_HAL_Driver/Src/stm32u3xx_hal_rcc.o
                0x080038cc                HAL_RCC_GetMSIKFreq
 .text.HAL_RCCEx_PeriphCLKConfig
                0x08003938      0x4dc ./Drivers/STM32U3xx_HAL_Driver/Src/stm32u3xx_hal_rcc_ex.o
                0x08003938                HAL_RCCEx_PeriphCLKConfig
 .text.HAL_RCCEx_GetPeriphCLKFreq
                0x08003e14      0x9b4 ./Drivers/STM32U3xx_HAL_Driver/Src/stm32u3xx_hal_rcc_ex.o
                0x08003e14                HAL_RCCEx_GetPeriphCLKFreq
 .text.HAL_RCCEx_EpodBoosterClkConfig
                0x080047c8       0x88 ./Drivers/STM32U3xx_HAL_Driver/Src/stm32u3xx_hal_rcc_ex.o
                0x080047c8                HAL_RCCEx_EpodBoosterClkConfig
 .text.HAL_RTC_Init
                0x08004850      0x104 ./Drivers/STM32U3xx_HAL_Driver/Src/stm32u3xx_hal_rtc.o
                0x08004850                HAL_RTC_Init
 .text.HAL_RTC_WaitForSynchro
                0x08004954       0x64 ./Drivers/STM32U3xx_HAL_Driver/Src/stm32u3xx_hal_rtc.o
                0x08004954                HAL_RTC_WaitForSynchro
 .text.RTC_EnterInitMode
                0x080049b8       0x78 ./Drivers/STM32U3xx_HAL_Driver/Src/stm32u3xx_hal_rtc.o
                0x080049b8                RTC_EnterInitMode
 .text.RTC_ExitInitMode
                0x08004a30       0x7c ./Drivers/STM32U3xx_HAL_Driver/Src/stm32u3xx_hal_rtc.o
                0x08004a30                RTC_ExitInitMode
 .text.HAL_RTCEx_SetWakeUpTimer_IT
                0x08004aac       0xd8 ./Drivers/STM32U3xx_HAL_Driver/Src/stm32u3xx_hal_rtc_ex.o
                0x08004aac                HAL_RTCEx_SetWakeUpTimer_IT
 .text.HAL_RTCEx_WakeUpTimerIRQHandler
                0x08004b84       0x34 ./Drivers/STM32U3xx_HAL_Driver/Src/stm32u3xx_hal_rtc_ex.o
                0x08004b84                HAL_RTCEx_WakeUpTimerIRQHandler
 .text.HAL_RTCEx_WakeUpTimerEventCallback
                0x08004bb8       0x14 ./Drivers/STM32U3xx_HAL_Driver/Src/stm32u3xx_hal_rtc_ex.o
                0x08004bb8                HAL_RTCEx_WakeUpTimerEventCallback
 .text.HAL_RTCEx_PrivilegeModeSet
                0x08004bcc       0x5c ./Drivers/STM32U3xx_HAL_Driver/Src/stm32u3xx_hal_rtc_ex.o
                0x08004bcc                HAL_RTCEx_PrivilegeModeSet
 .text.HAL_UART_Init
                0x08004c28       0xa0 ./Drivers/STM32U3xx_HAL_Driver/Src/stm32u3xx_hal_uart.o
                0x08004c28                HAL_UART_Init
 .text.HAL_UART_IRQHandler
                0x08004cc8      0x64c ./Drivers/STM32U3xx_HAL_Driver/Src/stm32u3xx_hal_uart.o
                0x08004cc8                HAL_UART_IRQHandler
 .text.HAL_UART_TxCpltCallback
                0x08005314       0x14 ./Drivers/STM32U3xx_HAL_Driver/Src/stm32u3xx_hal_uart.o
                0x08005314                HAL_UART_TxCpltCallback
 .text.HAL_UART_ErrorCallback
                0x08005328       0x14 ./Drivers/STM32U3xx_HAL_Driver/Src/stm32u3xx_hal_uart.o
                0x08005328                HAL_UART_ErrorCallback
 .text.HAL_UARTEx_RxEventCallback
                0x0800533c       0x18 ./Drivers/STM32U3xx_HAL_Driver/Src/stm32u3xx_hal_uart.o
                0x0800533c                HAL_UARTEx_RxEventCallback
 .text.UART_SetConfig
                0x08005354      0x2e8 ./Drivers/STM32U3xx_HAL_Driver/Src/stm32u3xx_hal_uart.o
                0x08005354                UART_SetConfig
 .text.UART_AdvFeatureConfig
                0x0800563c      0x144 ./Drivers/STM32U3xx_HAL_Driver/Src/stm32u3xx_hal_uart.o
                0x0800563c                UART_AdvFeatureConfig
 .text.UART_CheckIdleState
                0x08005780      0x154 ./Drivers/STM32U3xx_HAL_Driver/Src/stm32u3xx_hal_uart.o
                0x08005780                UART_CheckIdleState
 .text.UART_WaitOnFlagUntilTimeout
                0x080058d4       0xda ./Drivers/STM32U3xx_HAL_Driver/Src/stm32u3xx_hal_uart.o
                0x080058d4                UART_WaitOnFlagUntilTimeout
 .text.UART_EndRxTransfer
                0x080059ae       0xcc ./Drivers/STM32U3xx_HAL_Driver/Src/stm32u3xx_hal_uart.o
 .text.UART_DMAAbortOnError
                0x08005a7a       0x24 ./Drivers/STM32U3xx_HAL_Driver/Src/stm32u3xx_hal_uart.o
 .text.UART_EndTransmit_IT
                0x08005a9e       0x56 ./Drivers/STM32U3xx_HAL_Driver/Src/stm32u3xx_hal_uart.o
 .text.HAL_UARTEx_RxFifoFullCallback
                0x08005af4       0x14 ./Drivers/STM32U3xx_HAL_Driver/Src/stm32u3xx_hal_uart_ex.o
                0x08005af4                HAL_UARTEx_RxFifoFullCallback
 .text.HAL_UARTEx_TxFifoEmptyCallback
                0x08005b08       0x14 ./Drivers/STM32U3xx_HAL_Driver/Src/stm32u3xx_hal_uart_ex.o
                0x08005b08                HAL_UARTEx_TxFifoEmptyCallback
 .text.HAL_UARTEx_EnableStopMode
                0x08005b1c       0x66 ./Drivers/STM32U3xx_HAL_Driver/Src/stm32u3xx_hal_uart_ex.o
                0x08005b1c                HAL_UARTEx_EnableStopMode
 .text.HAL_UARTEx_EnableFifoMode
                0x08005b82       0x76 ./Drivers/STM32U3xx_HAL_Driver/Src/stm32u3xx_hal_uart_ex.o
                0x08005b82                HAL_UARTEx_EnableFifoMode
 .text.HAL_UARTEx_SetTxFifoThreshold
                0x08005bf8       0x7c ./Drivers/STM32U3xx_HAL_Driver/Src/stm32u3xx_hal_uart_ex.o
                0x08005bf8                HAL_UARTEx_SetTxFifoThreshold
 .text.HAL_UARTEx_SetRxFifoThreshold
                0x08005c74       0x7c ./Drivers/STM32U3xx_HAL_Driver/Src/stm32u3xx_hal_uart_ex.o
                0x08005c74                HAL_UARTEx_SetRxFifoThreshold
 .text.UARTEx_SetNbDataToProcess
                0x08005cf0       0x9c ./Drivers/STM32U3xx_HAL_Driver/Src/stm32u3xx_hal_uart_ex.o
 .text.sprintf  0x08005d8c       0x44 C:/ST/STM32CubeIDE_1.17.0/STM32CubeIDE/plugins/com.st.stm32cube.ide.mcu.externaltools.gnu-tools-for-stm32.13.3.rel1.win32_1.0.0.202411081344/tools/bin/../lib/gcc/arm-none-eabi/13.3.1/../../../../arm-none-eabi/lib/thumb/v8-m.main+fp/hard\libc_nano.a(libc_a-sprintf.o)
                0x08005d8c                siprintf
                0x08005d8c                sprintf
 .text.memset   0x08005dd0       0x10 C:/ST/STM32CubeIDE_1.17.0/STM32CubeIDE/plugins/com.st.stm32cube.ide.mcu.externaltools.gnu-tools-for-stm32.13.3.rel1.win32_1.0.0.202411081344/tools/bin/../lib/gcc/arm-none-eabi/13.3.1/../../../../arm-none-eabi/lib/thumb/v8-m.main+fp/hard\libc_nano.a(libc_a-memset.o)
                0x08005dd0                memset
 .text.__errno  0x08005de0        0xc C:/ST/STM32CubeIDE_1.17.0/STM32CubeIDE/plugins/com.st.stm32cube.ide.mcu.externaltools.gnu-tools-for-stm32.13.3.rel1.win32_1.0.0.202411081344/tools/bin/../lib/gcc/arm-none-eabi/13.3.1/../../../../arm-none-eabi/lib/thumb/v8-m.main+fp/hard\libc_nano.a(libc_a-errno.o)
                0x08005de0                __errno
 .text.__libc_init_array
                0x08005dec       0x48 C:/ST/STM32CubeIDE_1.17.0/STM32CubeIDE/plugins/com.st.stm32cube.ide.mcu.externaltools.gnu-tools-for-stm32.13.3.rel1.win32_1.0.0.202411081344/tools/bin/../lib/gcc/arm-none-eabi/13.3.1/../../../../arm-none-eabi/lib/thumb/v8-m.main+fp/hard\libc_nano.a(libc_a-init.o)
                0x08005dec                __libc_init_array
 .text.__retarget_lock_acquire_recursive
                0x08005e34        0x2 C:/ST/STM32CubeIDE_1.17.0/STM32CubeIDE/plugins/com.st.stm32cube.ide.mcu.externaltools.gnu-tools-for-stm32.13.3.rel1.win32_1.0.0.202411081344/tools/bin/../lib/gcc/arm-none-eabi/13.3.1/../../../../arm-none-eabi/lib/thumb/v8-m.main+fp/hard\libc_nano.a(libc_a-lock.o)
                0x08005e34                __retarget_lock_acquire_recursive
 .text.__retarget_lock_release_recursive
                0x08005e36        0x2 C:/ST/STM32CubeIDE_1.17.0/STM32CubeIDE/plugins/com.st.stm32cube.ide.mcu.externaltools.gnu-tools-for-stm32.13.3.rel1.win32_1.0.0.202411081344/tools/bin/../lib/gcc/arm-none-eabi/13.3.1/../../../../arm-none-eabi/lib/thumb/v8-m.main+fp/hard\libc_nano.a(libc_a-lock.o)
                0x08005e36                __retarget_lock_release_recursive
 .text._free_r  0x08005e38       0x94 C:/ST/STM32CubeIDE_1.17.0/STM32CubeIDE/plugins/com.st.stm32cube.ide.mcu.externaltools.gnu-tools-for-stm32.13.3.rel1.win32_1.0.0.202411081344/tools/bin/../lib/gcc/arm-none-eabi/13.3.1/../../../../arm-none-eabi/lib/thumb/v8-m.main+fp/hard\libc_nano.a(libc_a-freer.o)
                0x08005e38                _free_r
 .text.sbrk_aligned
                0x08005ecc       0x44 C:/ST/STM32CubeIDE_1.17.0/STM32CubeIDE/plugins/com.st.stm32cube.ide.mcu.externaltools.gnu-tools-for-stm32.13.3.rel1.win32_1.0.0.202411081344/tools/bin/../lib/gcc/arm-none-eabi/13.3.1/../../../../arm-none-eabi/lib/thumb/v8-m.main+fp/hard\libc_nano.a(libc_a-mallocr.o)
 .text._malloc_r
                0x08005f10      0x100 C:/ST/STM32CubeIDE_1.17.0/STM32CubeIDE/plugins/com.st.stm32cube.ide.mcu.externaltools.gnu-tools-for-stm32.13.3.rel1.win32_1.0.0.202411081344/tools/bin/../lib/gcc/arm-none-eabi/13.3.1/../../../../arm-none-eabi/lib/thumb/v8-m.main+fp/hard\libc_nano.a(libc_a-mallocr.o)
                0x08005f10                _malloc_r
 .text.__malloc_lock
                0x08006010        0xc C:/ST/STM32CubeIDE_1.17.0/STM32CubeIDE/plugins/com.st.stm32cube.ide.mcu.externaltools.gnu-tools-for-stm32.13.3.rel1.win32_1.0.0.202411081344/tools/bin/../lib/gcc/arm-none-eabi/13.3.1/../../../../arm-none-eabi/lib/thumb/v8-m.main+fp/hard\libc_nano.a(libc_a-mlock.o)
                0x08006010                __malloc_lock
 .text.__malloc_unlock
                0x0800601c        0xc C:/ST/STM32CubeIDE_1.17.0/STM32CubeIDE/plugins/com.st.stm32cube.ide.mcu.externaltools.gnu-tools-for-stm32.13.3.rel1.win32_1.0.0.202411081344/tools/bin/../lib/gcc/arm-none-eabi/13.3.1/../../../../arm-none-eabi/lib/thumb/v8-m.main+fp/hard\libc_nano.a(libc_a-mlock.o)
                0x0800601c                __malloc_unlock
 .text.__ssputs_r
                0x08006028       0xb6 C:/ST/STM32CubeIDE_1.17.0/STM32CubeIDE/plugins/com.st.stm32cube.ide.mcu.externaltools.gnu-tools-for-stm32.13.3.rel1.win32_1.0.0.202411081344/tools/bin/../lib/gcc/arm-none-eabi/13.3.1/../../../../arm-none-eabi/lib/thumb/v8-m.main+fp/hard\libc_nano.a(libc_a-nano-svfprintf.o)
                0x08006028                __ssputs_r
 *fill*         0x080060de        0x2 
 .text._svfprintf_r
                0x080060e0      0x1f8 C:/ST/STM32CubeIDE_1.17.0/STM32CubeIDE/plugins/com.st.stm32cube.ide.mcu.externaltools.gnu-tools-for-stm32.13.3.rel1.win32_1.0.0.202411081344/tools/bin/../lib/gcc/arm-none-eabi/13.3.1/../../../../arm-none-eabi/lib/thumb/v8-m.main+fp/hard\libc_nano.a(libc_a-nano-svfprintf.o)
                0x080060e0                _svfiprintf_r
                0x080060e0                _svfprintf_r
 .text._printf_common
                0x080062d8       0xe4 C:/ST/STM32CubeIDE_1.17.0/STM32CubeIDE/plugins/com.st.stm32cube.ide.mcu.externaltools.gnu-tools-for-stm32.13.3.rel1.win32_1.0.0.202411081344/tools/bin/../lib/gcc/arm-none-eabi/13.3.1/../../../../arm-none-eabi/lib/thumb/v8-m.main+fp/hard\libc_nano.a(libc_a-nano-vfprintf_i.o)
                0x080062d8                _printf_common
 .text._printf_i
                0x080063bc      0x23c C:/ST/STM32CubeIDE_1.17.0/STM32CubeIDE/plugins/com.st.stm32cube.ide.mcu.externaltools.gnu-tools-for-stm32.13.3.rel1.win32_1.0.0.202411081344/tools/bin/../lib/gcc/arm-none-eabi/13.3.1/../../../../arm-none-eabi/lib/thumb/v8-m.main+fp/hard\libc_nano.a(libc_a-nano-vfprintf_i.o)
                0x080063bc                _printf_i
 .text.memmove  0x080065f8       0x34 C:/ST/STM32CubeIDE_1.17.0/STM32CubeIDE/plugins/com.st.stm32cube.ide.mcu.externaltools.gnu-tools-for-stm32.13.3.rel1.win32_1.0.0.202411081344/tools/bin/../lib/gcc/arm-none-eabi/13.3.1/../../../../arm-none-eabi/lib/thumb/v8-m.main+fp/hard\libc_nano.a(libc_a-memmove.o)
                0x080065f8                memmove
 .text._sbrk_r  0x0800662c       0x20 C:/ST/STM32CubeIDE_1.17.0/STM32CubeIDE/plugins/com.st.stm32cube.ide.mcu.externaltools.gnu-tools-for-stm32.13.3.rel1.win32_1.0.0.202411081344/tools/bin/../lib/gcc/arm-none-eabi/13.3.1/../../../../arm-none-eabi/lib/thumb/v8-m.main+fp/hard\libc_nano.a(libc_a-sbrkr.o)
                0x0800662c                _sbrk_r
 .text.memchr   0x0800664c       0x1c C:/ST/STM32CubeIDE_1.17.0/STM32CubeIDE/plugins/com.st.stm32cube.ide.mcu.externaltools.gnu-tools-for-stm32.13.3.rel1.win32_1.0.0.202411081344/tools/bin/../lib/gcc/arm-none-eabi/13.3.1/../../../../arm-none-eabi/lib/thumb/v8-m.main+fp/hard\libc_nano.a(libc_a-memchr-stub.o)
                0x0800664c                memchr
 .text.memcpy   0x08006668       0x1a C:/ST/STM32CubeIDE_1.17.0/STM32CubeIDE/plugins/com.st.stm32cube.ide.mcu.externaltools.gnu-tools-for-stm32.13.3.rel1.win32_1.0.0.202411081344/tools/bin/../lib/gcc/arm-none-eabi/13.3.1/../../../../arm-none-eabi/lib/thumb/v8-m.main+fp/hard\libc_nano.a(libc_a-memcpy-stub.o)
                0x08006668                memcpy
 .text._realloc_r
                0x08006682       0x5c C:/ST/STM32CubeIDE_1.17.0/STM32CubeIDE/plugins/com.st.stm32cube.ide.mcu.externaltools.gnu-tools-for-stm32.13.3.rel1.win32_1.0.0.202411081344/tools/bin/../lib/gcc/arm-none-eabi/13.3.1/../../../../arm-none-eabi/lib/thumb/v8-m.main+fp/hard\libc_nano.a(libc_a-reallocr.o)
                0x08006682                _realloc_r
 .text._malloc_usable_size_r
                0x080066de       0x10 C:/ST/STM32CubeIDE_1.17.0/STM32CubeIDE/plugins/com.st.stm32cube.ide.mcu.externaltools.gnu-tools-for-stm32.13.3.rel1.win32_1.0.0.202411081344/tools/bin/../lib/gcc/arm-none-eabi/13.3.1/../../../../arm-none-eabi/lib/thumb/v8-m.main+fp/hard\libc_nano.a(libc_a-msizer.o)
                0x080066de                _malloc_usable_size_r
 *(.glue_7)
 .glue_7        0x080066ee        0x0 linker stubs
 *(.glue_7t)
 .glue_7t       0x080066ee        0x0 linker stubs
 *(.eh_frame)
 *fill*         0x080066ee        0x2 
 .eh_frame      0x080066f0        0x0 C:/ST/STM32CubeIDE_1.17.0/STM32CubeIDE/plugins/com.st.stm32cube.ide.mcu.externaltools.gnu-tools-for-stm32.13.3.rel1.win32_1.0.0.202411081344/tools/bin/../lib/gcc/arm-none-eabi/13.3.1/thumb/v8-m.main+fp/hard/crtbegin.o
 *(.init)
 .init          0x080066f0        0x4 C:/ST/STM32CubeIDE_1.17.0/STM32CubeIDE/plugins/com.st.stm32cube.ide.mcu.externaltools.gnu-tools-for-stm32.13.3.rel1.win32_1.0.0.202411081344/tools/bin/../lib/gcc/arm-none-eabi/13.3.1/thumb/v8-m.main+fp/hard/crti.o
                0x080066f0                _init
 .init          0x080066f4        0x8 C:/ST/STM32CubeIDE_1.17.0/STM32CubeIDE/plugins/com.st.stm32cube.ide.mcu.externaltools.gnu-tools-for-stm32.13.3.rel1.win32_1.0.0.202411081344/tools/bin/../lib/gcc/arm-none-eabi/13.3.1/thumb/v8-m.main+fp/hard/crtn.o
 *(.fini)
 .fini          0x080066fc        0x4 C:/ST/STM32CubeIDE_1.17.0/STM32CubeIDE/plugins/com.st.stm32cube.ide.mcu.externaltools.gnu-tools-for-stm32.13.3.rel1.win32_1.0.0.202411081344/tools/bin/../lib/gcc/arm-none-eabi/13.3.1/thumb/v8-m.main+fp/hard/crti.o
                0x080066fc                _fini
 .fini          0x08006700        0x8 C:/ST/STM32CubeIDE_1.17.0/STM32CubeIDE/plugins/com.st.stm32cube.ide.mcu.externaltools.gnu-tools-for-stm32.13.3.rel1.win32_1.0.0.202411081344/tools/bin/../lib/gcc/arm-none-eabi/13.3.1/thumb/v8-m.main+fp/hard/crtn.o
                0x08006708                        . = ALIGN (0x4)
                0x08006708                        _etext = .

.vfp11_veneer   0x08006708        0x0
 .vfp11_veneer  0x08006708        0x0 linker stubs

.v4_bx          0x08006708        0x0
 .v4_bx         0x08006708        0x0 linker stubs

.iplt           0x08006708        0x0
 .iplt          0x08006708        0x0 C:/ST/STM32CubeIDE_1.17.0/STM32CubeIDE/plugins/com.st.stm32cube.ide.mcu.externaltools.gnu-tools-for-stm32.13.3.rel1.win32_1.0.0.202411081344/tools/bin/../lib/gcc/arm-none-eabi/13.3.1/thumb/v8-m.main+fp/hard/crtbegin.o

.rodata         0x08006708       0xc8
                0x08006708                        . = ALIGN (0x4)
 *(.rodata)
 .rodata        0x08006708        0x7 ./Core/Src/main.o
 *(.rodata*)
 *fill*         0x0800670f        0x1 
 .rodata.AHBPrescTable
                0x08006710       0x10 ./Core/Src/system_stm32u3xx.o
                0x08006710                AHBPrescTable
 .rodata.APBPrescTable
                0x08006720        0x8 ./Core/Src/system_stm32u3xx.o
                0x08006720                APBPrescTable
 .rodata.ADC_CHANNEL_LUT
                0x08006728       0x4c ./Drivers/STM32U3xx_HAL_Driver/Src/stm32u3xx_hal_adc.o
 .rodata.UARTPrescTable
                0x08006774       0x18 ./Drivers/STM32U3xx_HAL_Driver/Src/stm32u3xx_hal_uart.o
                0x08006774                UARTPrescTable
 .rodata.numerator.1
                0x0800678c        0x8 ./Drivers/STM32U3xx_HAL_Driver/Src/stm32u3xx_hal_uart_ex.o
 .rodata.denominator.0
                0x08006794        0x8 ./Drivers/STM32U3xx_HAL_Driver/Src/stm32u3xx_hal_uart_ex.o
 .rodata._svfprintf_r.str1.1
                0x0800679c       0x33 C:/ST/STM32CubeIDE_1.17.0/STM32CubeIDE/plugins/com.st.stm32cube.ide.mcu.externaltools.gnu-tools-for-stm32.13.3.rel1.win32_1.0.0.202411081344/tools/bin/../lib/gcc/arm-none-eabi/13.3.1/../../../../arm-none-eabi/lib/thumb/v8-m.main+fp/hard\libc_nano.a(libc_a-nano-svfprintf.o)
                                 0x11 (size before relaxing)
 .rodata._printf_i.str1.1
                0x080067cf       0x22 C:/ST/STM32CubeIDE_1.17.0/STM32CubeIDE/plugins/com.st.stm32cube.ide.mcu.externaltools.gnu-tools-for-stm32.13.3.rel1.win32_1.0.0.202411081344/tools/bin/../lib/gcc/arm-none-eabi/13.3.1/../../../../arm-none-eabi/lib/thumb/v8-m.main+fp/hard\libc_nano.a(libc_a-nano-vfprintf_i.o)
                0x080067f4                        . = ALIGN (0x4)
 *fill*         0x080067cf        0x1 

.ARM.extab      0x080067d0        0x0
                0x080067d0                        . = ALIGN (0x4)
 *(.ARM.extab* .gnu.linkonce.armextab.*)
                0x080067d0                        . = ALIGN (0x4)

.ARM            0x080067d0        0x8
                0x080067d0                        . = ALIGN (0x4)
                0x080067d0                        __exidx_start = .
 *(.ARM.exidx*)
 .ARM.exidx     0x080067d0        0x8 C:/ST/STM32CubeIDE_1.17.0/STM32CubeIDE/plugins/com.st.stm32cube.ide.mcu.externaltools.gnu-tools-for-stm32.13.3.rel1.win32_1.0.0.202411081344/tools/bin/../lib/gcc/arm-none-eabi/13.3.1/thumb/v8-m.main+fp/hard\libgcc.a(_udivmoddi4.o)
                0x080067d8                        __exidx_end = .
                0x080067d8                        . = ALIGN (0x4)

.preinit_array  0x080067d8        0x0
                0x080067d8                        . = ALIGN (0x4)
                0x080067d8                        PROVIDE (__preinit_array_start = .)
 *(.preinit_array*)
                0x080067d8                        PROVIDE (__preinit_array_end = .)
                0x080067d8                        . = ALIGN (0x4)

.init_array     0x080067d8        0x4
                0x080067d8                        . = ALIGN (0x4)
                0x080067d8                        PROVIDE (__init_array_start = .)
 *(SORT_BY_NAME(.init_array.*))
 *(.init_array*)
 .init_array    0x080067d8        0x4 C:/ST/STM32CubeIDE_1.17.0/STM32CubeIDE/plugins/com.st.stm32cube.ide.mcu.externaltools.gnu-tools-for-stm32.13.3.rel1.win32_1.0.0.202411081344/tools/bin/../lib/gcc/arm-none-eabi/13.3.1/thumb/v8-m.main+fp/hard/crtbegin.o
                0x080067dc                        PROVIDE (__init_array_end = .)
                0x080067dc                        . = ALIGN (0x4)

.fini_array     0x080067dc        0x4
                0x080067dc                        . = ALIGN (0x4)
                [!provide]                        PROVIDE (__fini_array_start = .)
 *(SORT_BY_NAME(.fini_array.*))
 *(.fini_array*)
 .fini_array    0x080067dc        0x4 C:/ST/STM32CubeIDE_1.17.0/STM32CubeIDE/plugins/com.st.stm32cube.ide.mcu.externaltools.gnu-tools-for-stm32.13.3.rel1.win32_1.0.0.202411081344/tools/bin/../lib/gcc/arm-none-eabi/13.3.1/thumb/v8-m.main+fp/hard/crtbegin.o
                [!provide]                        PROVIDE (__fini_array_end = .)
                0x080067e0                        . = ALIGN (0x4)
                0x080067e0                        _sidata = LOADADDR (.data)

.rel.dyn        0x080067e0        0x0
 .rel.iplt      0x080067e0        0x0 C:/ST/STM32CubeIDE_1.17.0/STM32CubeIDE/plugins/com.st.stm32cube.ide.mcu.externaltools.gnu-tools-for-stm32.13.3.rel1.win32_1.0.0.202411081344/tools/bin/../lib/gcc/arm-none-eabi/13.3.1/thumb/v8-m.main+fp/hard/crtbegin.o

.data           0x20030000       0x5c load address 0x080067e0
                0x20030000                        . = ALIGN (0x4)
                0x20030000                        _sdata = .
 *(.data)
 *(.data*)
 .data.SystemCoreClock
                0x20030000        0x4 ./Core/Src/system_stm32u3xx.o
                0x20030000                SystemCoreClock
 .data.uwTickPrio
                0x20030004        0x4 ./Drivers/STM32U3xx_HAL_Driver/Src/stm32u3xx_hal.o
                0x20030004                uwTickPrio
 .data.uwTickFreq
                0x20030008        0x1 ./Drivers/STM32U3xx_HAL_Driver/Src/stm32u3xx_hal.o
                0x20030008                uwTickFreq
 *fill*         0x20030009        0x3 
 .data._impure_ptr
                0x2003000c        0x4 C:/ST/STM32CubeIDE_1.17.0/STM32CubeIDE/plugins/com.st.stm32cube.ide.mcu.externaltools.gnu-tools-for-stm32.13.3.rel1.win32_1.0.0.202411081344/tools/bin/../lib/gcc/arm-none-eabi/13.3.1/../../../../arm-none-eabi/lib/thumb/v8-m.main+fp/hard\libc_nano.a(libc_a-impure.o)
                0x2003000c                _impure_ptr
 .data._impure_data
                0x20030010       0x4c C:/ST/STM32CubeIDE_1.17.0/STM32CubeIDE/plugins/com.st.stm32cube.ide.mcu.externaltools.gnu-tools-for-stm32.13.3.rel1.win32_1.0.0.202411081344/tools/bin/../lib/gcc/arm-none-eabi/13.3.1/../../../../arm-none-eabi/lib/thumb/v8-m.main+fp/hard\libc_nano.a(libc_a-impure.o)
                0x20030010                _impure_data
 *(.RamFunc)
 *(.RamFunc*)
                0x2003005c                        . = ALIGN (0x4)
                0x2003005c                        _edata = .

.igot.plt       0x2003005c        0x0 load address 0x0800683c
 .igot.plt      0x2003005c        0x0 C:/ST/STM32CubeIDE_1.17.0/STM32CubeIDE/plugins/com.st.stm32cube.ide.mcu.externaltools.gnu-tools-for-stm32.13.3.rel1.win32_1.0.0.202411081344/tools/bin/../lib/gcc/arm-none-eabi/13.3.1/thumb/v8-m.main+fp/hard/crtbegin.o
                0x2003005c                        . = ALIGN (0x4)

.bss            0x2003005c      0x2ac load address 0x0800683c
                0x2003005c                        _sbss = .
                0x2003005c                        __bss_start__ = _sbss
 *(.bss)
 .bss           0x2003005c       0x1c C:/ST/STM32CubeIDE_1.17.0/STM32CubeIDE/plugins/com.st.stm32cube.ide.mcu.externaltools.gnu-tools-for-stm32.13.3.rel1.win32_1.0.0.202411081344/tools/bin/../lib/gcc/arm-none-eabi/13.3.1/thumb/v8-m.main+fp/hard/crtbegin.o
 *(.bss*)
 .bss.hadc1     0x20030078       0x68 ./Core/Src/main.o
                0x20030078                hadc1
 .bss.hlpuart1  0x200300e0       0x94 ./Core/Src/main.o
                0x200300e0                hlpuart1
 .bss.hrtc      0x20030174       0x30 ./Core/Src/main.o
                0x20030174                hrtc
 .bss.adcVref   0x200301a4        0x2 ./Core/Src/main.o
                0x200301a4                adcVref
 .bss.adcTemp   0x200301a6        0x2 ./Core/Src/main.o
                0x200301a6                adcTemp
 .bss.Vref      0x200301a8        0x2 ./Core/Src/main.o
                0x200301a8                Vref
 .bss.Temp      0x200301aa        0x2 ./Core/Src/main.o
                0x200301aa                Temp
 .bss.TXbuffer  0x200301ac        0x8 ./Core/Src/main.o
                0x200301ac                TXbuffer
 .bss.length    0x200301b4        0x1 ./Core/Src/main.o
                0x200301b4                length
 .bss.i         0x200301b5        0x1 ./Core/Src/main.o
                0x200301b5                i
 *fill*         0x200301b6        0x2 
 .bss.__sbrk_heap_end
                0x200301b8        0x4 ./Core/Src/sysmem.o
 .bss.uwTick    0x200301bc        0x4 ./Drivers/STM32U3xx_HAL_Driver/Src/stm32u3xx_hal.o
                0x200301bc                uwTick
 .bss.__sf      0x200301c0      0x138 C:/ST/STM32CubeIDE_1.17.0/STM32CubeIDE/plugins/com.st.stm32cube.ide.mcu.externaltools.gnu-tools-for-stm32.13.3.rel1.win32_1.0.0.202411081344/tools/bin/../lib/gcc/arm-none-eabi/13.3.1/../../../../arm-none-eabi/lib/thumb/v8-m.main+fp/hard\libc_nano.a(libc_a-findfp.o)
                0x200301c0                __sf
 .bss.errno     0x200302f8        0x4 C:/ST/STM32CubeIDE_1.17.0/STM32CubeIDE/plugins/com.st.stm32cube.ide.mcu.externaltools.gnu-tools-for-stm32.13.3.rel1.win32_1.0.0.202411081344/tools/bin/../lib/gcc/arm-none-eabi/13.3.1/../../../../arm-none-eabi/lib/thumb/v8-m.main+fp/hard\libc_nano.a(libc_a-reent.o)
                0x200302f8                errno
 .bss.__lock___malloc_recursive_mutex
                0x200302fc        0x1 C:/ST/STM32CubeIDE_1.17.0/STM32CubeIDE/plugins/com.st.stm32cube.ide.mcu.externaltools.gnu-tools-for-stm32.13.3.rel1.win32_1.0.0.202411081344/tools/bin/../lib/gcc/arm-none-eabi/13.3.1/../../../../arm-none-eabi/lib/thumb/v8-m.main+fp/hard\libc_nano.a(libc_a-lock.o)
                0x200302fc                __lock___malloc_recursive_mutex
 *fill*         0x200302fd        0x3 
 .bss.__malloc_sbrk_start
                0x20030300        0x4 C:/ST/STM32CubeIDE_1.17.0/STM32CubeIDE/plugins/com.st.stm32cube.ide.mcu.externaltools.gnu-tools-for-stm32.13.3.rel1.win32_1.0.0.202411081344/tools/bin/../lib/gcc/arm-none-eabi/13.3.1/../../../../arm-none-eabi/lib/thumb/v8-m.main+fp/hard\libc_nano.a(libc_a-mallocr.o)
                0x20030300                __malloc_sbrk_start
 .bss.__malloc_free_list
                0x20030304        0x4 C:/ST/STM32CubeIDE_1.17.0/STM32CubeIDE/plugins/com.st.stm32cube.ide.mcu.externaltools.gnu-tools-for-stm32.13.3.rel1.win32_1.0.0.202411081344/tools/bin/../lib/gcc/arm-none-eabi/13.3.1/../../../../arm-none-eabi/lib/thumb/v8-m.main+fp/hard\libc_nano.a(libc_a-mallocr.o)
                0x20030304                __malloc_free_list
 *(COMMON)
                0x20030308                        . = ALIGN (0x4)
                0x20030308                        _ebss = .
                0x20030308                        __bss_end__ = _ebss

._user_heap_stack
                0x20030308      0x600 load address 0x0800683c
                0x20030308                        . = ALIGN (0x8)
                [!provide]                        PROVIDE (end = .)
                0x20030308                        PROVIDE (_end = .)
                0x20030508                        . = (. + _Min_Heap_Size)
 *fill*         0x20030308      0x200 
                0x20030908                        . = (. + _Min_Stack_Size)
 *fill*         0x20030508      0x400 
                0x20030908                        . = ALIGN (0x8)

/DISCARD/
 libc.a(*)
 libm.a(*)
 libgcc.a(*)

.ARM.attributes
                0x00000000       0x36
 *(.ARM.attributes)
 .ARM.attributes
                0x00000000       0x26 C:/ST/STM32CubeIDE_1.17.0/STM32CubeIDE/plugins/com.st.stm32cube.ide.mcu.externaltools.gnu-tools-for-stm32.13.3.rel1.win32_1.0.0.202411081344/tools/bin/../lib/gcc/arm-none-eabi/13.3.1/thumb/v8-m.main+fp/hard/crti.o
 .ARM.attributes
                0x00000026       0x38 C:/ST/STM32CubeIDE_1.17.0/STM32CubeIDE/plugins/com.st.stm32cube.ide.mcu.externaltools.gnu-tools-for-stm32.13.3.rel1.win32_1.0.0.202411081344/tools/bin/../lib/gcc/arm-none-eabi/13.3.1/thumb/v8-m.main+fp/hard/crtbegin.o
 .ARM.attributes
                0x0000005e       0x3a ./Core/Src/main.o
 .ARM.attributes
                0x00000098       0x3a ./Core/Src/stm32u3xx_hal_msp.o
 .ARM.attributes
                0x000000d2       0x3a ./Core/Src/stm32u3xx_it.o
 .ARM.attributes
                0x0000010c       0x3a ./Core/Src/sysmem.o
 .ARM.attributes
                0x00000146       0x3a ./Core/Src/system_stm32u3xx.o
 .ARM.attributes
                0x00000180       0x24 ./Core/Startup/startup_stm32u385rgtxq.o
 .ARM.attributes
                0x000001a4       0x3a ./Drivers/STM32U3xx_HAL_Driver/Src/stm32u3xx_hal.o
 .ARM.attributes
                0x000001de       0x3a ./Drivers/STM32U3xx_HAL_Driver/Src/stm32u3xx_hal_adc.o
 .ARM.attributes
                0x00000218       0x3a ./Drivers/STM32U3xx_HAL_Driver/Src/stm32u3xx_hal_adc_ex.o
 .ARM.attributes
                0x00000252       0x3a ./Drivers/STM32U3xx_HAL_Driver/Src/stm32u3xx_hal_cortex.o
 .ARM.attributes
                0x0000028c       0x3a ./Drivers/STM32U3xx_HAL_Driver/Src/stm32u3xx_hal_dma.o
 .ARM.attributes
                0x000002c6       0x3a ./Drivers/STM32U3xx_HAL_Driver/Src/stm32u3xx_hal_gpio.o
 .ARM.attributes
                0x00000300       0x3a ./Drivers/STM32U3xx_HAL_Driver/Src/stm32u3xx_hal_icache.o
 .ARM.attributes
                0x0000033a       0x3a ./Drivers/STM32U3xx_HAL_Driver/Src/stm32u3xx_hal_pwr.o
 .ARM.attributes
                0x00000374       0x3a ./Drivers/STM32U3xx_HAL_Driver/Src/stm32u3xx_hal_pwr_ex.o
 .ARM.attributes
                0x000003ae       0x3a ./Drivers/STM32U3xx_HAL_Driver/Src/stm32u3xx_hal_rcc.o
 .ARM.attributes
                0x000003e8       0x3a ./Drivers/STM32U3xx_HAL_Driver/Src/stm32u3xx_hal_rcc_ex.o
 .ARM.attributes
                0x00000422       0x3a ./Drivers/STM32U3xx_HAL_Driver/Src/stm32u3xx_hal_rtc.o
 .ARM.attributes
                0x0000045c       0x3a ./Drivers/STM32U3xx_HAL_Driver/Src/stm32u3xx_hal_rtc_ex.o
 .ARM.attributes
                0x00000496       0x3a ./Drivers/STM32U3xx_HAL_Driver/Src/stm32u3xx_hal_uart.o
 .ARM.attributes
                0x000004d0       0x3a ./Drivers/STM32U3xx_HAL_Driver/Src/stm32u3xx_hal_uart_ex.o
 .ARM.attributes
                0x0000050a       0x38 C:/ST/STM32CubeIDE_1.17.0/STM32CubeIDE/plugins/com.st.stm32cube.ide.mcu.externaltools.gnu-tools-for-stm32.13.3.rel1.win32_1.0.0.202411081344/tools/bin/../lib/gcc/arm-none-eabi/13.3.1/../../../../arm-none-eabi/lib/thumb/v8-m.main+fp/hard\libc_nano.a(libc_a-findfp.o)
 .ARM.attributes
                0x00000542       0x38 C:/ST/STM32CubeIDE_1.17.0/STM32CubeIDE/plugins/com.st.stm32cube.ide.mcu.externaltools.gnu-tools-for-stm32.13.3.rel1.win32_1.0.0.202411081344/tools/bin/../lib/gcc/arm-none-eabi/13.3.1/../../../../arm-none-eabi/lib/thumb/v8-m.main+fp/hard\libc_nano.a(libc_a-sprintf.o)
 .ARM.attributes
                0x0000057a       0x38 C:/ST/STM32CubeIDE_1.17.0/STM32CubeIDE/plugins/com.st.stm32cube.ide.mcu.externaltools.gnu-tools-for-stm32.13.3.rel1.win32_1.0.0.202411081344/tools/bin/../lib/gcc/arm-none-eabi/13.3.1/../../../../arm-none-eabi/lib/thumb/v8-m.main+fp/hard\libc_nano.a(libc_a-memset.o)
 .ARM.attributes
                0x000005b2       0x38 C:/ST/STM32CubeIDE_1.17.0/STM32CubeIDE/plugins/com.st.stm32cube.ide.mcu.externaltools.gnu-tools-for-stm32.13.3.rel1.win32_1.0.0.202411081344/tools/bin/../lib/gcc/arm-none-eabi/13.3.1/../../../../arm-none-eabi/lib/thumb/v8-m.main+fp/hard\libc_nano.a(libc_a-reent.o)
 .ARM.attributes
                0x000005ea       0x38 C:/ST/STM32CubeIDE_1.17.0/STM32CubeIDE/plugins/com.st.stm32cube.ide.mcu.externaltools.gnu-tools-for-stm32.13.3.rel1.win32_1.0.0.202411081344/tools/bin/../lib/gcc/arm-none-eabi/13.3.1/../../../../arm-none-eabi/lib/thumb/v8-m.main+fp/hard\libc_nano.a(libc_a-impure.o)
 .ARM.attributes
                0x00000622       0x38 C:/ST/STM32CubeIDE_1.17.0/STM32CubeIDE/plugins/com.st.stm32cube.ide.mcu.externaltools.gnu-tools-for-stm32.13.3.rel1.win32_1.0.0.202411081344/tools/bin/../lib/gcc/arm-none-eabi/13.3.1/../../../../arm-none-eabi/lib/thumb/v8-m.main+fp/hard\libc_nano.a(libc_a-errno.o)
 .ARM.attributes
                0x0000065a       0x38 C:/ST/STM32CubeIDE_1.17.0/STM32CubeIDE/plugins/com.st.stm32cube.ide.mcu.externaltools.gnu-tools-for-stm32.13.3.rel1.win32_1.0.0.202411081344/tools/bin/../lib/gcc/arm-none-eabi/13.3.1/../../../../arm-none-eabi/lib/thumb/v8-m.main+fp/hard\libc_nano.a(libc_a-init.o)
 .ARM.attributes
                0x00000692       0x38 C:/ST/STM32CubeIDE_1.17.0/STM32CubeIDE/plugins/com.st.stm32cube.ide.mcu.externaltools.gnu-tools-for-stm32.13.3.rel1.win32_1.0.0.202411081344/tools/bin/../lib/gcc/arm-none-eabi/13.3.1/../../../../arm-none-eabi/lib/thumb/v8-m.main+fp/hard\libc_nano.a(libc_a-lock.o)
 .ARM.attributes
                0x000006ca       0x38 C:/ST/STM32CubeIDE_1.17.0/STM32CubeIDE/plugins/com.st.stm32cube.ide.mcu.externaltools.gnu-tools-for-stm32.13.3.rel1.win32_1.0.0.202411081344/tools/bin/../lib/gcc/arm-none-eabi/13.3.1/../../../../arm-none-eabi/lib/thumb/v8-m.main+fp/hard\libc_nano.a(libc_a-freer.o)
 .ARM.attributes
                0x00000702       0x38 C:/ST/STM32CubeIDE_1.17.0/STM32CubeIDE/plugins/com.st.stm32cube.ide.mcu.externaltools.gnu-tools-for-stm32.13.3.rel1.win32_1.0.0.202411081344/tools/bin/../lib/gcc/arm-none-eabi/13.3.1/../../../../arm-none-eabi/lib/thumb/v8-m.main+fp/hard\libc_nano.a(libc_a-mallocr.o)
 .ARM.attributes
                0x0000073a       0x38 C:/ST/STM32CubeIDE_1.17.0/STM32CubeIDE/plugins/com.st.stm32cube.ide.mcu.externaltools.gnu-tools-for-stm32.13.3.rel1.win32_1.0.0.202411081344/tools/bin/../lib/gcc/arm-none-eabi/13.3.1/../../../../arm-none-eabi/lib/thumb/v8-m.main+fp/hard\libc_nano.a(libc_a-mlock.o)
 .ARM.attributes
                0x00000772       0x38 C:/ST/STM32CubeIDE_1.17.0/STM32CubeIDE/plugins/com.st.stm32cube.ide.mcu.externaltools.gnu-tools-for-stm32.13.3.rel1.win32_1.0.0.202411081344/tools/bin/../lib/gcc/arm-none-eabi/13.3.1/../../../../arm-none-eabi/lib/thumb/v8-m.main+fp/hard\libc_nano.a(libc_a-nano-svfprintf.o)
 .ARM.attributes
                0x000007aa       0x38 C:/ST/STM32CubeIDE_1.17.0/STM32CubeIDE/plugins/com.st.stm32cube.ide.mcu.externaltools.gnu-tools-for-stm32.13.3.rel1.win32_1.0.0.202411081344/tools/bin/../lib/gcc/arm-none-eabi/13.3.1/../../../../arm-none-eabi/lib/thumb/v8-m.main+fp/hard\libc_nano.a(libc_a-nano-vfprintf_i.o)
 .ARM.attributes
                0x000007e2       0x38 C:/ST/STM32CubeIDE_1.17.0/STM32CubeIDE/plugins/com.st.stm32cube.ide.mcu.externaltools.gnu-tools-for-stm32.13.3.rel1.win32_1.0.0.202411081344/tools/bin/../lib/gcc/arm-none-eabi/13.3.1/../../../../arm-none-eabi/lib/thumb/v8-m.main+fp/hard\libc_nano.a(libc_a-memmove.o)
 .ARM.attributes
                0x0000081a       0x38 C:/ST/STM32CubeIDE_1.17.0/STM32CubeIDE/plugins/com.st.stm32cube.ide.mcu.externaltools.gnu-tools-for-stm32.13.3.rel1.win32_1.0.0.202411081344/tools/bin/../lib/gcc/arm-none-eabi/13.3.1/../../../../arm-none-eabi/lib/thumb/v8-m.main+fp/hard\libc_nano.a(libc_a-sbrkr.o)
 .ARM.attributes
                0x00000852       0x38 C:/ST/STM32CubeIDE_1.17.0/STM32CubeIDE/plugins/com.st.stm32cube.ide.mcu.externaltools.gnu-tools-for-stm32.13.3.rel1.win32_1.0.0.202411081344/tools/bin/../lib/gcc/arm-none-eabi/13.3.1/../../../../arm-none-eabi/lib/thumb/v8-m.main+fp/hard\libc_nano.a(libc_a-memchr-stub.o)
 .ARM.attributes
                0x0000088a       0x38 C:/ST/STM32CubeIDE_1.17.0/STM32CubeIDE/plugins/com.st.stm32cube.ide.mcu.externaltools.gnu-tools-for-stm32.13.3.rel1.win32_1.0.0.202411081344/tools/bin/../lib/gcc/arm-none-eabi/13.3.1/../../../../arm-none-eabi/lib/thumb/v8-m.main+fp/hard\libc_nano.a(libc_a-memcpy-stub.o)
 .ARM.attributes
                0x000008c2       0x38 C:/ST/STM32CubeIDE_1.17.0/STM32CubeIDE/plugins/com.st.stm32cube.ide.mcu.externaltools.gnu-tools-for-stm32.13.3.rel1.win32_1.0.0.202411081344/tools/bin/../lib/gcc/arm-none-eabi/13.3.1/../../../../arm-none-eabi/lib/thumb/v8-m.main+fp/hard\libc_nano.a(libc_a-reallocr.o)
 .ARM.attributes
                0x000008fa       0x38 C:/ST/STM32CubeIDE_1.17.0/STM32CubeIDE/plugins/com.st.stm32cube.ide.mcu.externaltools.gnu-tools-for-stm32.13.3.rel1.win32_1.0.0.202411081344/tools/bin/../lib/gcc/arm-none-eabi/13.3.1/../../../../arm-none-eabi/lib/thumb/v8-m.main+fp/hard\libc_nano.a(libc_a-msizer.o)
 .ARM.attributes
                0x00000932       0x26 C:/ST/STM32CubeIDE_1.17.0/STM32CubeIDE/plugins/com.st.stm32cube.ide.mcu.externaltools.gnu-tools-for-stm32.13.3.rel1.win32_1.0.0.202411081344/tools/bin/../lib/gcc/arm-none-eabi/13.3.1/thumb/v8-m.main+fp/hard\libgcc.a(_aeabi_uldivmod.o)
 .ARM.attributes
                0x00000958       0x38 C:/ST/STM32CubeIDE_1.17.0/STM32CubeIDE/plugins/com.st.stm32cube.ide.mcu.externaltools.gnu-tools-for-stm32.13.3.rel1.win32_1.0.0.202411081344/tools/bin/../lib/gcc/arm-none-eabi/13.3.1/thumb/v8-m.main+fp/hard\libgcc.a(_udivmoddi4.o)
 .ARM.attributes
                0x00000990       0x26 C:/ST/STM32CubeIDE_1.17.0/STM32CubeIDE/plugins/com.st.stm32cube.ide.mcu.externaltools.gnu-tools-for-stm32.13.3.rel1.win32_1.0.0.202411081344/tools/bin/../lib/gcc/arm-none-eabi/13.3.1/thumb/v8-m.main+fp/hard\libgcc.a(_dvmd_tls.o)
 .ARM.attributes
                0x000009b6       0x26 C:/ST/STM32CubeIDE_1.17.0/STM32CubeIDE/plugins/com.st.stm32cube.ide.mcu.externaltools.gnu-tools-for-stm32.13.3.rel1.win32_1.0.0.202411081344/tools/bin/../lib/gcc/arm-none-eabi/13.3.1/thumb/v8-m.main+fp/hard/crtn.o
OUTPUT(Stop3_test.elf elf32-littlearm)
LOAD linker stubs
LOAD C:/ST/STM32CubeIDE_1.17.0/STM32CubeIDE/plugins/com.st.stm32cube.ide.mcu.externaltools.gnu-tools-for-stm32.13.3.rel1.win32_1.0.0.202411081344/tools/bin/../lib/gcc/arm-none-eabi/13.3.1/../../../../arm-none-eabi/lib/thumb/v8-m.main+fp/hard\libc.a
LOAD C:/ST/STM32CubeIDE_1.17.0/STM32CubeIDE/plugins/com.st.stm32cube.ide.mcu.externaltools.gnu-tools-for-stm32.13.3.rel1.win32_1.0.0.202411081344/tools/bin/../lib/gcc/arm-none-eabi/13.3.1/../../../../arm-none-eabi/lib/thumb/v8-m.main+fp/hard\libm.a
LOAD C:/ST/STM32CubeIDE_1.17.0/STM32CubeIDE/plugins/com.st.stm32cube.ide.mcu.externaltools.gnu-tools-for-stm32.13.3.rel1.win32_1.0.0.202411081344/tools/bin/../lib/gcc/arm-none-eabi/13.3.1/thumb/v8-m.main+fp/hard\libgcc.a

.debug_info     0x00000000    0x1b5ee
 .debug_info    0x00000000     0x2205 ./Core/Src/main.o
 .debug_info    0x00002205     0x1bb7 ./Core/Src/stm32u3xx_hal_msp.o
 .debug_info    0x00003dbc     0x1052 ./Core/Src/stm32u3xx_it.o
 .debug_info    0x00004e0e      0x168 ./Core/Src/sysmem.o
 .debug_info    0x00004f76      0x8f0 ./Core/Src/system_stm32u3xx.o
 .debug_info    0x00005866       0x30 ./Core/Startup/startup_stm32u385rgtxq.o
 .debug_info    0x00005896     0x1439 ./Drivers/STM32U3xx_HAL_Driver/Src/stm32u3xx_hal.o
 .debug_info    0x00006ccf     0x246b ./Drivers/STM32U3xx_HAL_Driver/Src/stm32u3xx_hal_adc.o
 .debug_info    0x0000913a     0x20e4 ./Drivers/STM32U3xx_HAL_Driver/Src/stm32u3xx_hal_adc_ex.o
 .debug_info    0x0000b21e     0x15d3 ./Drivers/STM32U3xx_HAL_Driver/Src/stm32u3xx_hal_cortex.o
 .debug_info    0x0000c7f1      0xe68 ./Drivers/STM32U3xx_HAL_Driver/Src/stm32u3xx_hal_dma.o
 .debug_info    0x0000d659      0x9ff ./Drivers/STM32U3xx_HAL_Driver/Src/stm32u3xx_hal_gpio.o
 .debug_info    0x0000e058      0x85e ./Drivers/STM32U3xx_HAL_Driver/Src/stm32u3xx_hal_icache.o
 .debug_info    0x0000e8b6     0x1204 ./Drivers/STM32U3xx_HAL_Driver/Src/stm32u3xx_hal_pwr.o
 .debug_info    0x0000faba      0xf16 ./Drivers/STM32U3xx_HAL_Driver/Src/stm32u3xx_hal_pwr_ex.o
 .debug_info    0x000109d0     0x10a6 ./Drivers/STM32U3xx_HAL_Driver/Src/stm32u3xx_hal_rcc.o
 .debug_info    0x00011a76      0xf13 ./Drivers/STM32U3xx_HAL_Driver/Src/stm32u3xx_hal_rcc_ex.o
 .debug_info    0x00012989     0x11be ./Drivers/STM32U3xx_HAL_Driver/Src/stm32u3xx_hal_rtc.o
 .debug_info    0x00013b47     0x1b36 ./Drivers/STM32U3xx_HAL_Driver/Src/stm32u3xx_hal_rtc_ex.o
 .debug_info    0x0001567d     0x4992 ./Drivers/STM32U3xx_HAL_Driver/Src/stm32u3xx_hal_uart.o
 .debug_info    0x0001a00f     0x15df ./Drivers/STM32U3xx_HAL_Driver/Src/stm32u3xx_hal_uart_ex.o

.debug_abbrev   0x00000000     0x3068
 .debug_abbrev  0x00000000      0x39f ./Core/Src/main.o
 .debug_abbrev  0x0000039f      0x264 ./Core/Src/stm32u3xx_hal_msp.o
 .debug_abbrev  0x00000603      0x1ca ./Core/Src/stm32u3xx_it.o
 .debug_abbrev  0x000007cd       0xbc ./Core/Src/sysmem.o
 .debug_abbrev  0x00000889      0x142 ./Core/Src/system_stm32u3xx.o
 .debug_abbrev  0x000009cb       0x24 ./Core/Startup/startup_stm32u385rgtxq.o
 .debug_abbrev  0x000009ef      0x344 ./Drivers/STM32U3xx_HAL_Driver/Src/stm32u3xx_hal.o
 .debug_abbrev  0x00000d33      0x292 ./Drivers/STM32U3xx_HAL_Driver/Src/stm32u3xx_hal_adc.o
 .debug_abbrev  0x00000fc5      0x2bb ./Drivers/STM32U3xx_HAL_Driver/Src/stm32u3xx_hal_adc_ex.o
 .debug_abbrev  0x00001280      0x313 ./Drivers/STM32U3xx_HAL_Driver/Src/stm32u3xx_hal_cortex.o
 .debug_abbrev  0x00001593      0x232 ./Drivers/STM32U3xx_HAL_Driver/Src/stm32u3xx_hal_dma.o
 .debug_abbrev  0x000017c5      0x1fb ./Drivers/STM32U3xx_HAL_Driver/Src/stm32u3xx_hal_gpio.o
 .debug_abbrev  0x000019c0      0x25c ./Drivers/STM32U3xx_HAL_Driver/Src/stm32u3xx_hal_icache.o
 .debug_abbrev  0x00001c1c      0x25d ./Drivers/STM32U3xx_HAL_Driver/Src/stm32u3xx_hal_pwr.o
 .debug_abbrev  0x00001e79      0x20f ./Drivers/STM32U3xx_HAL_Driver/Src/stm32u3xx_hal_pwr_ex.o
 .debug_abbrev  0x00002088      0x2c8 ./Drivers/STM32U3xx_HAL_Driver/Src/stm32u3xx_hal_rcc.o
 .debug_abbrev  0x00002350      0x24a ./Drivers/STM32U3xx_HAL_Driver/Src/stm32u3xx_hal_rcc_ex.o
 .debug_abbrev  0x0000259a      0x23b ./Drivers/STM32U3xx_HAL_Driver/Src/stm32u3xx_hal_rtc.o
 .debug_abbrev  0x000027d5      0x242 ./Drivers/STM32U3xx_HAL_Driver/Src/stm32u3xx_hal_rtc_ex.o
 .debug_abbrev  0x00002a17      0x34a ./Drivers/STM32U3xx_HAL_Driver/Src/stm32u3xx_hal_uart.o
 .debug_abbrev  0x00002d61      0x307 ./Drivers/STM32U3xx_HAL_Driver/Src/stm32u3xx_hal_uart_ex.o

.debug_aranges  0x00000000     0x1508
 .debug_aranges
                0x00000000       0x68 ./Core/Src/main.o
 .debug_aranges
                0x00000068       0x50 ./Core/Src/stm32u3xx_hal_msp.o
 .debug_aranges
                0x000000b8       0x70 ./Core/Src/stm32u3xx_it.o
 .debug_aranges
                0x00000128       0x20 ./Core/Src/sysmem.o
 .debug_aranges
                0x00000148       0x28 ./Core/Src/system_stm32u3xx.o
 .debug_aranges
                0x00000170       0x28 ./Core/Startup/startup_stm32u385rgtxq.o
 .debug_aranges
                0x00000198      0x168 ./Drivers/STM32U3xx_HAL_Driver/Src/stm32u3xx_hal.o
 .debug_aranges
                0x00000300      0x290 ./Drivers/STM32U3xx_HAL_Driver/Src/stm32u3xx_hal_adc.o
 .debug_aranges
                0x00000590      0x1d8 ./Drivers/STM32U3xx_HAL_Driver/Src/stm32u3xx_hal_adc_ex.o
 .debug_aranges
                0x00000768      0x148 ./Drivers/STM32U3xx_HAL_Driver/Src/stm32u3xx_hal_cortex.o
 .debug_aranges
                0x000008b0       0xa0 ./Drivers/STM32U3xx_HAL_Driver/Src/stm32u3xx_hal_dma.o
 .debug_aranges
                0x00000950       0x80 ./Drivers/STM32U3xx_HAL_Driver/Src/stm32u3xx_hal_gpio.o
 .debug_aranges
                0x000009d0       0xa8 ./Drivers/STM32U3xx_HAL_Driver/Src/stm32u3xx_hal_icache.o
 .debug_aranges
                0x00000a78      0x1a0 ./Drivers/STM32U3xx_HAL_Driver/Src/stm32u3xx_hal_pwr.o
 .debug_aranges
                0x00000c18      0x140 ./Drivers/STM32U3xx_HAL_Driver/Src/stm32u3xx_hal_pwr_ex.o
 .debug_aranges
                0x00000d58       0xb0 ./Drivers/STM32U3xx_HAL_Driver/Src/stm32u3xx_hal_rcc.o
 .debug_aranges
                0x00000e08       0xe8 ./Drivers/STM32U3xx_HAL_Driver/Src/stm32u3xx_hal_rcc_ex.o
 .debug_aranges
                0x00000ef0       0xe8 ./Drivers/STM32U3xx_HAL_Driver/Src/stm32u3xx_hal_rtc.o
 .debug_aranges
                0x00000fd8      0x230 ./Drivers/STM32U3xx_HAL_Driver/Src/stm32u3xx_hal_rtc_ex.o
 .debug_aranges
                0x00001208      0x248 ./Drivers/STM32U3xx_HAL_Driver/Src/stm32u3xx_hal_uart.o
 .debug_aranges
                0x00001450       0xb8 ./Drivers/STM32U3xx_HAL_Driver/Src/stm32u3xx_hal_uart_ex.o

.debug_rnglists
                0x00000000     0x1016
 .debug_rnglists
                0x00000000       0x4e ./Core/Src/main.o
 .debug_rnglists
                0x0000004e       0x39 ./Core/Src/stm32u3xx_hal_msp.o
 .debug_rnglists
                0x00000087       0x4f ./Core/Src/stm32u3xx_it.o
 .debug_rnglists
                0x000000d6       0x13 ./Core/Src/sysmem.o
 .debug_rnglists
                0x000000e9       0x1a ./Core/Src/system_stm32u3xx.o
 .debug_rnglists
                0x00000103       0x19 ./Core/Startup/startup_stm32u385rgtxq.o
 .debug_rnglists
                0x0000011c      0x10c ./Drivers/STM32U3xx_HAL_Driver/Src/stm32u3xx_hal.o
 .debug_rnglists
                0x00000228      0x1f7 ./Drivers/STM32U3xx_HAL_Driver/Src/stm32u3xx_hal_adc.o
 .debug_rnglists
                0x0000041f      0x16d ./Drivers/STM32U3xx_HAL_Driver/Src/stm32u3xx_hal_adc_ex.o
 .debug_rnglists
                0x0000058c       0xf2 ./Drivers/STM32U3xx_HAL_Driver/Src/stm32u3xx_hal_cortex.o
 .debug_rnglists
                0x0000067e       0x7e ./Drivers/STM32U3xx_HAL_Driver/Src/stm32u3xx_hal_dma.o
 .debug_rnglists
                0x000006fc       0x5d ./Drivers/STM32U3xx_HAL_Driver/Src/stm32u3xx_hal_gpio.o
 .debug_rnglists
                0x00000759       0x7a ./Drivers/STM32U3xx_HAL_Driver/Src/stm32u3xx_hal_icache.o
 .debug_rnglists
                0x000007d3      0x138 ./Drivers/STM32U3xx_HAL_Driver/Src/stm32u3xx_hal_pwr.o
 .debug_rnglists
                0x0000090b       0xf0 ./Drivers/STM32U3xx_HAL_Driver/Src/stm32u3xx_hal_pwr_ex.o
 .debug_rnglists
                0x000009fb       0x85 ./Drivers/STM32U3xx_HAL_Driver/Src/stm32u3xx_hal_rcc.o
 .debug_rnglists
                0x00000a80       0xb2 ./Drivers/STM32U3xx_HAL_Driver/Src/stm32u3xx_hal_rcc_ex.o
 .debug_rnglists
                0x00000b32       0xb3 ./Drivers/STM32U3xx_HAL_Driver/Src/stm32u3xx_hal_rtc.o
 .debug_rnglists
                0x00000be5      0x1ab ./Drivers/STM32U3xx_HAL_Driver/Src/stm32u3xx_hal_rtc_ex.o
 .debug_rnglists
                0x00000d90      0x1fa ./Drivers/STM32U3xx_HAL_Driver/Src/stm32u3xx_hal_uart.o
 .debug_rnglists
                0x00000f8a       0x8c ./Drivers/STM32U3xx_HAL_Driver/Src/stm32u3xx_hal_uart_ex.o

.debug_macro    0x00000000    0x2fdcc
 .debug_macro   0x00000000      0x2f8 ./Core/Src/main.o
 .debug_macro   0x000002f8      0xade ./Core/Src/main.o
 .debug_macro   0x00000dd6      0x1e3 ./Core/Src/main.o
 .debug_macro   0x00000fb9       0x2e ./Core/Src/main.o
 .debug_macro   0x00000fe7       0x42 ./Core/Src/main.o
 .debug_macro   0x00001029       0x22 ./Core/Src/main.o
 .debug_macro   0x0000104b       0x8e ./Core/Src/main.o
 .debug_macro   0x000010d9       0x51 ./Core/Src/main.o
 .debug_macro   0x0000112a      0x103 ./Core/Src/main.o
 .debug_macro   0x0000122d       0x6a ./Core/Src/main.o
 .debug_macro   0x00001297      0x1df ./Core/Src/main.o
 .debug_macro   0x00001476       0x1c ./Core/Src/main.o
 .debug_macro   0x00001492       0x29 ./Core/Src/main.o
 .debug_macro   0x000014bb       0xfb ./Core/Src/main.o
 .debug_macro   0x000015b6     0x1685 ./Core/Src/main.o
 .debug_macro   0x00002c3b       0x5e ./Core/Src/main.o
 .debug_macro   0x00002c99    0x1df2a ./Core/Src/main.o
 .debug_macro   0x00020bc3       0x6c ./Core/Src/main.o
 .debug_macro   0x00020c2f     0x3432 ./Core/Src/main.o
 .debug_macro   0x00024061      0x190 ./Core/Src/main.o
 .debug_macro   0x000241f1       0x61 ./Core/Src/main.o
 .debug_macro   0x00024252       0x2a ./Core/Src/main.o
 .debug_macro   0x0002427c       0x43 ./Core/Src/main.o
 .debug_macro   0x000242bf       0x34 ./Core/Src/main.o
 .debug_macro   0x000242f3      0x370 ./Core/Src/main.o
 .debug_macro   0x00024663       0x16 ./Core/Src/main.o
 .debug_macro   0x00024679       0x4a ./Core/Src/main.o
 .debug_macro   0x000246c3       0x34 ./Core/Src/main.o
 .debug_macro   0x000246f7       0x10 ./Core/Src/main.o
 .debug_macro   0x00024707       0x58 ./Core/Src/main.o
 .debug_macro   0x0002475f       0x8e ./Core/Src/main.o
 .debug_macro   0x000247ed       0x1c ./Core/Src/main.o
 .debug_macro   0x00024809      0x185 ./Core/Src/main.o
 .debug_macro   0x0002498e      0x19b ./Core/Src/main.o
 .debug_macro   0x00024b29       0x5d ./Core/Src/main.o
 .debug_macro   0x00024b86      0x914 ./Core/Src/main.o
 .debug_macro   0x0002549a     0x1750 ./Core/Src/main.o
 .debug_macro   0x00026bea      0x837 ./Core/Src/main.o
 .debug_macro   0x00027421      0x1dd ./Core/Src/main.o
 .debug_macro   0x000275fe      0x1c9 ./Core/Src/main.o
 .debug_macro   0x000277c7      0x47f ./Core/Src/main.o
 .debug_macro   0x00027c46      0x313 ./Core/Src/main.o
 .debug_macro   0x00027f59       0xd6 ./Core/Src/main.o
 .debug_macro   0x0002802f      0x1d5 ./Core/Src/main.o
 .debug_macro   0x00028204      0xf1a ./Core/Src/main.o
 .debug_macro   0x0002911e      0x68d ./Core/Src/main.o
 .debug_macro   0x000297ab      0x33d ./Core/Src/main.o
 .debug_macro   0x00029ae8      0x1b0 ./Core/Src/main.o
 .debug_macro   0x00029c98      0x439 ./Core/Src/main.o
 .debug_macro   0x0002a0d1       0xd8 ./Core/Src/main.o
 .debug_macro   0x0002a1a9      0x11c ./Core/Src/main.o
 .debug_macro   0x0002a2c5       0xc9 ./Core/Src/main.o
 .debug_macro   0x0002a38e      0x511 ./Core/Src/main.o
 .debug_macro   0x0002a89f      0x23b ./Core/Src/main.o
 .debug_macro   0x0002aada      0x31a ./Core/Src/main.o
 .debug_macro   0x0002adf4      0x845 ./Core/Src/main.o
 .debug_macro   0x0002b639       0xe4 ./Core/Src/main.o
 .debug_macro   0x0002b71d      0x677 ./Core/Src/main.o
 .debug_macro   0x0002bd94      0x1a1 ./Core/Src/main.o
 .debug_macro   0x0002bf35      0x37b ./Core/Src/main.o
 .debug_macro   0x0002c2b0      0x16f ./Core/Src/main.o
 .debug_macro   0x0002c41f      0x34f ./Core/Src/main.o
 .debug_macro   0x0002c76e       0x1c ./Core/Src/main.o
 .debug_macro   0x0002c78a       0x3c ./Core/Src/main.o
 .debug_macro   0x0002c7c6       0x10 ./Core/Src/main.o
 .debug_macro   0x0002c7d6       0x1c ./Core/Src/main.o
 .debug_macro   0x0002c7f2       0x16 ./Core/Src/main.o
 .debug_macro   0x0002c808      0x146 ./Core/Src/main.o
 .debug_macro   0x0002c94e      0x2b2 ./Core/Src/stm32u3xx_hal_msp.o
 .debug_macro   0x0002cc00      0x2bc ./Core/Src/stm32u3xx_it.o
 .debug_macro   0x0002cebc      0x112 ./Core/Src/sysmem.o
 .debug_macro   0x0002cfce      0x23c ./Core/Src/sysmem.o
 .debug_macro   0x0002d20a      0x2a8 ./Core/Src/system_stm32u3xx.o
 .debug_macro   0x0002d4b2      0x2ae ./Drivers/STM32U3xx_HAL_Driver/Src/stm32u3xx_hal.o
 .debug_macro   0x0002d760      0x2d3 ./Drivers/STM32U3xx_HAL_Driver/Src/stm32u3xx_hal_adc.o
 .debug_macro   0x0002da33      0x2ba ./Drivers/STM32U3xx_HAL_Driver/Src/stm32u3xx_hal_adc_ex.o
 .debug_macro   0x0002dced      0x2a9 ./Drivers/STM32U3xx_HAL_Driver/Src/stm32u3xx_hal_cortex.o
 .debug_macro   0x0002df96      0x2a9 ./Drivers/STM32U3xx_HAL_Driver/Src/stm32u3xx_hal_dma.o
 .debug_macro   0x0002e23f      0x2af ./Drivers/STM32U3xx_HAL_Driver/Src/stm32u3xx_hal_gpio.o
 .debug_macro   0x0002e4ee      0x2da ./Drivers/STM32U3xx_HAL_Driver/Src/stm32u3xx_hal_icache.o
 .debug_macro   0x0002e7c8      0x2e1 ./Drivers/STM32U3xx_HAL_Driver/Src/stm32u3xx_hal_pwr.o
 .debug_macro   0x0002eaa9      0x2bd ./Drivers/STM32U3xx_HAL_Driver/Src/stm32u3xx_hal_pwr_ex.o
 .debug_macro   0x0002ed66      0x2d8 ./Drivers/STM32U3xx_HAL_Driver/Src/stm32u3xx_hal_rcc.o
 .debug_macro   0x0002f03e      0x2ae ./Drivers/STM32U3xx_HAL_Driver/Src/stm32u3xx_hal_rcc_ex.o
 .debug_macro   0x0002f2ec      0x2a9 ./Drivers/STM32U3xx_HAL_Driver/Src/stm32u3xx_hal_rtc.o
 .debug_macro   0x0002f595      0x2b0 ./Drivers/STM32U3xx_HAL_Driver/Src/stm32u3xx_hal_rtc_ex.o
 .debug_macro   0x0002f845      0x2d3 ./Drivers/STM32U3xx_HAL_Driver/Src/stm32u3xx_hal_uart.o
 .debug_macro   0x0002fb18      0x2b4 ./Drivers/STM32U3xx_HAL_Driver/Src/stm32u3xx_hal_uart_ex.o

.debug_line     0x00000000    0x167fe
 .debug_line    0x00000000      0xc74 ./Core/Src/main.o
 .debug_line    0x00000c74      0x9ff ./Core/Src/stm32u3xx_hal_msp.o
 .debug_line    0x00001673      0x9d0 ./Core/Src/stm32u3xx_it.o
 .debug_line    0x00002043      0x588 ./Core/Src/sysmem.o
 .debug_line    0x000025cb      0x956 ./Core/Src/system_stm32u3xx.o
 .debug_line    0x00002f21       0x79 ./Core/Startup/startup_stm32u385rgtxq.o
 .debug_line    0x00002f9a      0xeec ./Drivers/STM32U3xx_HAL_Driver/Src/stm32u3xx_hal.o
 .debug_line    0x00003e86     0x205b ./Drivers/STM32U3xx_HAL_Driver/Src/stm32u3xx_hal_adc.o
 .debug_line    0x00005ee1     0x19ef ./Drivers/STM32U3xx_HAL_Driver/Src/stm32u3xx_hal_adc_ex.o
 .debug_line    0x000078d0      0xf36 ./Drivers/STM32U3xx_HAL_Driver/Src/stm32u3xx_hal_cortex.o
 .debug_line    0x00008806     0x121f ./Drivers/STM32U3xx_HAL_Driver/Src/stm32u3xx_hal_dma.o
 .debug_line    0x00009a25      0xdd0 ./Drivers/STM32U3xx_HAL_Driver/Src/stm32u3xx_hal_gpio.o
 .debug_line    0x0000a7f5      0xbe7 ./Drivers/STM32U3xx_HAL_Driver/Src/stm32u3xx_hal_icache.o
 .debug_line    0x0000b3dc     0x1042 ./Drivers/STM32U3xx_HAL_Driver/Src/stm32u3xx_hal_pwr.o
 .debug_line    0x0000c41e      0xdd3 ./Drivers/STM32U3xx_HAL_Driver/Src/stm32u3xx_hal_pwr_ex.o
 .debug_line    0x0000d1f1     0x129a ./Drivers/STM32U3xx_HAL_Driver/Src/stm32u3xx_hal_rcc.o
 .debug_line    0x0000e48b     0x153f ./Drivers/STM32U3xx_HAL_Driver/Src/stm32u3xx_hal_rcc_ex.o
 .debug_line    0x0000f9ca     0x11d0 ./Drivers/STM32U3xx_HAL_Driver/Src/stm32u3xx_hal_rtc.o
 .debug_line    0x00010b9a     0x163d ./Drivers/STM32U3xx_HAL_Driver/Src/stm32u3xx_hal_rtc_ex.o
 .debug_line    0x000121d7     0x370c ./Drivers/STM32U3xx_HAL_Driver/Src/stm32u3xx_hal_uart.o
 .debug_line    0x000158e3      0xf1b ./Drivers/STM32U3xx_HAL_Driver/Src/stm32u3xx_hal_uart_ex.o

.debug_str      0x00000000   0x1306da
 .debug_str     0x00000000   0x1306da ./Core/Src/main.o
                             0x12ac44 (size before relaxing)
 .debug_str     0x001306da   0x1289d8 ./Core/Src/stm32u3xx_hal_msp.o
 .debug_str     0x001306da   0x127e5d ./Core/Src/stm32u3xx_it.o
 .debug_str     0x001306da     0x77c6 ./Core/Src/sysmem.o
 .debug_str     0x001306da   0x1276fc ./Core/Src/system_stm32u3xx.o
 .debug_str     0x001306da       0xa7 ./Core/Startup/startup_stm32u385rgtxq.o
 .debug_str     0x001306da   0x1283cd ./Drivers/STM32U3xx_HAL_Driver/Src/stm32u3xx_hal.o
 .debug_str     0x001306da   0x128c44 ./Drivers/STM32U3xx_HAL_Driver/Src/stm32u3xx_hal_adc.o
 .debug_str     0x001306da   0x128ab7 ./Drivers/STM32U3xx_HAL_Driver/Src/stm32u3xx_hal_adc_ex.o
 .debug_str     0x001306da   0x12820e ./Drivers/STM32U3xx_HAL_Driver/Src/stm32u3xx_hal_cortex.o
 .debug_str     0x001306da   0x127ce5 ./Drivers/STM32U3xx_HAL_Driver/Src/stm32u3xx_hal_dma.o
 .debug_str     0x001306da   0x127897 ./Drivers/STM32U3xx_HAL_Driver/Src/stm32u3xx_hal_gpio.o
 .debug_str     0x001306da   0x127ca8 ./Drivers/STM32U3xx_HAL_Driver/Src/stm32u3xx_hal_icache.o
 .debug_str     0x001306da   0x127ea7 ./Drivers/STM32U3xx_HAL_Driver/Src/stm32u3xx_hal_pwr.o
 .debug_str     0x001306da   0x127cfe ./Drivers/STM32U3xx_HAL_Driver/Src/stm32u3xx_hal_pwr_ex.o
 .debug_str     0x001306da   0x127dc2 ./Drivers/STM32U3xx_HAL_Driver/Src/stm32u3xx_hal_rcc.o
 .debug_str     0x001306da   0x127ed3 ./Drivers/STM32U3xx_HAL_Driver/Src/stm32u3xx_hal_rcc_ex.o
 .debug_str     0x001306da   0x127c87 ./Drivers/STM32U3xx_HAL_Driver/Src/stm32u3xx_hal_rtc.o
 .debug_str     0x001306da   0x1284f4 ./Drivers/STM32U3xx_HAL_Driver/Src/stm32u3xx_hal_rtc_ex.o
 .debug_str     0x001306da   0x128639 ./Drivers/STM32U3xx_HAL_Driver/Src/stm32u3xx_hal_uart.o
 .debug_str     0x001306da   0x1280eb ./Drivers/STM32U3xx_HAL_Driver/Src/stm32u3xx_hal_uart_ex.o

.comment        0x00000000       0x43
 .comment       0x00000000       0x43 ./Core/Src/main.o
                                 0x44 (size before relaxing)
 .comment       0x00000043       0x44 ./Core/Src/stm32u3xx_hal_msp.o
 .comment       0x00000043       0x44 ./Core/Src/stm32u3xx_it.o
 .comment       0x00000043       0x44 ./Core/Src/sysmem.o
 .comment       0x00000043       0x44 ./Core/Src/system_stm32u3xx.o
 .comment       0x00000043       0x44 ./Drivers/STM32U3xx_HAL_Driver/Src/stm32u3xx_hal.o
 .comment       0x00000043       0x44 ./Drivers/STM32U3xx_HAL_Driver/Src/stm32u3xx_hal_adc.o
 .comment       0x00000043       0x44 ./Drivers/STM32U3xx_HAL_Driver/Src/stm32u3xx_hal_adc_ex.o
 .comment       0x00000043       0x44 ./Drivers/STM32U3xx_HAL_Driver/Src/stm32u3xx_hal_cortex.o
 .comment       0x00000043       0x44 ./Drivers/STM32U3xx_HAL_Driver/Src/stm32u3xx_hal_dma.o
 .comment       0x00000043       0x44 ./Drivers/STM32U3xx_HAL_Driver/Src/stm32u3xx_hal_gpio.o
 .comment       0x00000043       0x44 ./Drivers/STM32U3xx_HAL_Driver/Src/stm32u3xx_hal_icache.o
 .comment       0x00000043       0x44 ./Drivers/STM32U3xx_HAL_Driver/Src/stm32u3xx_hal_pwr.o
 .comment       0x00000043       0x44 ./Drivers/STM32U3xx_HAL_Driver/Src/stm32u3xx_hal_pwr_ex.o
 .comment       0x00000043       0x44 ./Drivers/STM32U3xx_HAL_Driver/Src/stm32u3xx_hal_rcc.o
 .comment       0x00000043       0x44 ./Drivers/STM32U3xx_HAL_Driver/Src/stm32u3xx_hal_rcc_ex.o
 .comment       0x00000043       0x44 ./Drivers/STM32U3xx_HAL_Driver/Src/stm32u3xx_hal_rtc.o
 .comment       0x00000043       0x44 ./Drivers/STM32U3xx_HAL_Driver/Src/stm32u3xx_hal_rtc_ex.o
 .comment       0x00000043       0x44 ./Drivers/STM32U3xx_HAL_Driver/Src/stm32u3xx_hal_uart.o
 .comment       0x00000043       0x44 ./Drivers/STM32U3xx_HAL_Driver/Src/stm32u3xx_hal_uart_ex.o

.debug_frame    0x00000000     0x5fc4
 .debug_frame   0x00000000      0x160 ./Core/Src/main.o
 .debug_frame   0x00000160      0x114 ./Core/Src/stm32u3xx_hal_msp.o
 .debug_frame   0x00000274      0x13c ./Core/Src/stm32u3xx_it.o
 .debug_frame   0x000003b0       0x34 ./Core/Src/sysmem.o
 .debug_frame   0x000003e4       0x58 ./Core/Src/system_stm32u3xx.o
 .debug_frame   0x0000043c      0x5c0 ./Drivers/STM32U3xx_HAL_Driver/Src/stm32u3xx_hal.o
 .debug_frame   0x000009fc      0xc38 ./Drivers/STM32U3xx_HAL_Driver/Src/stm32u3xx_hal_adc.o
 .debug_frame   0x00001634      0x894 ./Drivers/STM32U3xx_HAL_Driver/Src/stm32u3xx_hal_adc_ex.o
 .debug_frame   0x00001ec8      0x580 ./Drivers/STM32U3xx_HAL_Driver/Src/stm32u3xx_hal_cortex.o
 .debug_frame   0x00002448      0x2a0 ./Drivers/STM32U3xx_HAL_Driver/Src/stm32u3xx_hal_dma.o
 .debug_frame   0x000026e8      0x214 ./Drivers/STM32U3xx_HAL_Driver/Src/stm32u3xx_hal_gpio.o
 .debug_frame   0x000028fc      0x298 ./Drivers/STM32U3xx_HAL_Driver/Src/stm32u3xx_hal_icache.o
 .debug_frame   0x00002b94      0x680 ./Drivers/STM32U3xx_HAL_Driver/Src/stm32u3xx_hal_pwr.o
 .debug_frame   0x00003214      0x530 ./Drivers/STM32U3xx_HAL_Driver/Src/stm32u3xx_hal_pwr_ex.o
 .debug_frame   0x00003744      0x2b0 ./Drivers/STM32U3xx_HAL_Driver/Src/stm32u3xx_hal_rcc.o
 .debug_frame   0x000039f4      0x3dc ./Drivers/STM32U3xx_HAL_Driver/Src/stm32u3xx_hal_rcc_ex.o
 .debug_frame   0x00003dd0      0x3f8 ./Drivers/STM32U3xx_HAL_Driver/Src/stm32u3xx_hal_rtc.o
 .debug_frame   0x000041c8      0xa48 ./Drivers/STM32U3xx_HAL_Driver/Src/stm32u3xx_hal_rtc_ex.o
 .debug_frame   0x00004c10      0xa8c ./Drivers/STM32U3xx_HAL_Driver/Src/stm32u3xx_hal_uart.o
 .debug_frame   0x0000569c      0x310 ./Drivers/STM32U3xx_HAL_Driver/Src/stm32u3xx_hal_uart_ex.o
 .debug_frame   0x000059ac      0x144 C:/ST/STM32CubeIDE_1.17.0/STM32CubeIDE/plugins/com.st.stm32cube.ide.mcu.externaltools.gnu-tools-for-stm32.13.3.rel1.win32_1.0.0.202411081344/tools/bin/../lib/gcc/arm-none-eabi/13.3.1/../../../../arm-none-eabi/lib/thumb/v8-m.main+fp/hard\libc_nano.a(libc_a-findfp.o)
 .debug_frame   0x00005af0       0x74 C:/ST/STM32CubeIDE_1.17.0/STM32CubeIDE/plugins/com.st.stm32cube.ide.mcu.externaltools.gnu-tools-for-stm32.13.3.rel1.win32_1.0.0.202411081344/tools/bin/../lib/gcc/arm-none-eabi/13.3.1/../../../../arm-none-eabi/lib/thumb/v8-m.main+fp/hard\libc_nano.a(libc_a-sprintf.o)
 .debug_frame   0x00005b64       0x20 C:/ST/STM32CubeIDE_1.17.0/STM32CubeIDE/plugins/com.st.stm32cube.ide.mcu.externaltools.gnu-tools-for-stm32.13.3.rel1.win32_1.0.0.202411081344/tools/bin/../lib/gcc/arm-none-eabi/13.3.1/../../../../arm-none-eabi/lib/thumb/v8-m.main+fp/hard\libc_nano.a(libc_a-memset.o)
 .debug_frame   0x00005b84       0x38 C:/ST/STM32CubeIDE_1.17.0/STM32CubeIDE/plugins/com.st.stm32cube.ide.mcu.externaltools.gnu-tools-for-stm32.13.3.rel1.win32_1.0.0.202411081344/tools/bin/../lib/gcc/arm-none-eabi/13.3.1/../../../../arm-none-eabi/lib/thumb/v8-m.main+fp/hard\libc_nano.a(libc_a-reent.o)
 .debug_frame   0x00005bbc       0x20 C:/ST/STM32CubeIDE_1.17.0/STM32CubeIDE/plugins/com.st.stm32cube.ide.mcu.externaltools.gnu-tools-for-stm32.13.3.rel1.win32_1.0.0.202411081344/tools/bin/../lib/gcc/arm-none-eabi/13.3.1/../../../../arm-none-eabi/lib/thumb/v8-m.main+fp/hard\libc_nano.a(libc_a-errno.o)
 .debug_frame   0x00005bdc       0x2c C:/ST/STM32CubeIDE_1.17.0/STM32CubeIDE/plugins/com.st.stm32cube.ide.mcu.externaltools.gnu-tools-for-stm32.13.3.rel1.win32_1.0.0.202411081344/tools/bin/../lib/gcc/arm-none-eabi/13.3.1/../../../../arm-none-eabi/lib/thumb/v8-m.main+fp/hard\libc_nano.a(libc_a-init.o)
 .debug_frame   0x00005c08       0xb0 C:/ST/STM32CubeIDE_1.17.0/STM32CubeIDE/plugins/com.st.stm32cube.ide.mcu.externaltools.gnu-tools-for-stm32.13.3.rel1.win32_1.0.0.202411081344/tools/bin/../lib/gcc/arm-none-eabi/13.3.1/../../../../arm-none-eabi/lib/thumb/v8-m.main+fp/hard\libc_nano.a(libc_a-lock.o)
 .debug_frame   0x00005cb8       0x38 C:/ST/STM32CubeIDE_1.17.0/STM32CubeIDE/plugins/com.st.stm32cube.ide.mcu.externaltools.gnu-tools-for-stm32.13.3.rel1.win32_1.0.0.202411081344/tools/bin/../lib/gcc/arm-none-eabi/13.3.1/../../../../arm-none-eabi/lib/thumb/v8-m.main+fp/hard\libc_nano.a(libc_a-freer.o)
 .debug_frame   0x00005cf0       0x50 C:/ST/STM32CubeIDE_1.17.0/STM32CubeIDE/plugins/com.st.stm32cube.ide.mcu.externaltools.gnu-tools-for-stm32.13.3.rel1.win32_1.0.0.202411081344/tools/bin/../lib/gcc/arm-none-eabi/13.3.1/../../../../arm-none-eabi/lib/thumb/v8-m.main+fp/hard\libc_nano.a(libc_a-mallocr.o)
 .debug_frame   0x00005d40       0x30 C:/ST/STM32CubeIDE_1.17.0/STM32CubeIDE/plugins/com.st.stm32cube.ide.mcu.externaltools.gnu-tools-for-stm32.13.3.rel1.win32_1.0.0.202411081344/tools/bin/../lib/gcc/arm-none-eabi/13.3.1/../../../../arm-none-eabi/lib/thumb/v8-m.main+fp/hard\libc_nano.a(libc_a-mlock.o)
 .debug_frame   0x00005d70       0x90 C:/ST/STM32CubeIDE_1.17.0/STM32CubeIDE/plugins/com.st.stm32cube.ide.mcu.externaltools.gnu-tools-for-stm32.13.3.rel1.win32_1.0.0.202411081344/tools/bin/../lib/gcc/arm-none-eabi/13.3.1/../../../../arm-none-eabi/lib/thumb/v8-m.main+fp/hard\libc_nano.a(libc_a-nano-svfprintf.o)
 .debug_frame   0x00005e00       0x60 C:/ST/STM32CubeIDE_1.17.0/STM32CubeIDE/plugins/com.st.stm32cube.ide.mcu.externaltools.gnu-tools-for-stm32.13.3.rel1.win32_1.0.0.202411081344/tools/bin/../lib/gcc/arm-none-eabi/13.3.1/../../../../arm-none-eabi/lib/thumb/v8-m.main+fp/hard\libc_nano.a(libc_a-nano-vfprintf_i.o)
 .debug_frame   0x00005e60       0x28 C:/ST/STM32CubeIDE_1.17.0/STM32CubeIDE/plugins/com.st.stm32cube.ide.mcu.externaltools.gnu-tools-for-stm32.13.3.rel1.win32_1.0.0.202411081344/tools/bin/../lib/gcc/arm-none-eabi/13.3.1/../../../../arm-none-eabi/lib/thumb/v8-m.main+fp/hard\libc_nano.a(libc_a-memmove.o)
 .debug_frame   0x00005e88       0x2c C:/ST/STM32CubeIDE_1.17.0/STM32CubeIDE/plugins/com.st.stm32cube.ide.mcu.externaltools.gnu-tools-for-stm32.13.3.rel1.win32_1.0.0.202411081344/tools/bin/../lib/gcc/arm-none-eabi/13.3.1/../../../../arm-none-eabi/lib/thumb/v8-m.main+fp/hard\libc_nano.a(libc_a-sbrkr.o)
 .debug_frame   0x00005eb4       0x28 C:/ST/STM32CubeIDE_1.17.0/STM32CubeIDE/plugins/com.st.stm32cube.ide.mcu.externaltools.gnu-tools-for-stm32.13.3.rel1.win32_1.0.0.202411081344/tools/bin/../lib/gcc/arm-none-eabi/13.3.1/../../../../arm-none-eabi/lib/thumb/v8-m.main+fp/hard\libc_nano.a(libc_a-memchr-stub.o)
 .debug_frame   0x00005edc       0x28 C:/ST/STM32CubeIDE_1.17.0/STM32CubeIDE/plugins/com.st.stm32cube.ide.mcu.externaltools.gnu-tools-for-stm32.13.3.rel1.win32_1.0.0.202411081344/tools/bin/../lib/gcc/arm-none-eabi/13.3.1/../../../../arm-none-eabi/lib/thumb/v8-m.main+fp/hard\libc_nano.a(libc_a-memcpy-stub.o)
 .debug_frame   0x00005f04       0x3c C:/ST/STM32CubeIDE_1.17.0/STM32CubeIDE/plugins/com.st.stm32cube.ide.mcu.externaltools.gnu-tools-for-stm32.13.3.rel1.win32_1.0.0.202411081344/tools/bin/../lib/gcc/arm-none-eabi/13.3.1/../../../../arm-none-eabi/lib/thumb/v8-m.main+fp/hard\libc_nano.a(libc_a-reallocr.o)
 .debug_frame   0x00005f40       0x20 C:/ST/STM32CubeIDE_1.17.0/STM32CubeIDE/plugins/com.st.stm32cube.ide.mcu.externaltools.gnu-tools-for-stm32.13.3.rel1.win32_1.0.0.202411081344/tools/bin/../lib/gcc/arm-none-eabi/13.3.1/../../../../arm-none-eabi/lib/thumb/v8-m.main+fp/hard\libc_nano.a(libc_a-msizer.o)
 .debug_frame   0x00005f60       0x2c C:/ST/STM32CubeIDE_1.17.0/STM32CubeIDE/plugins/com.st.stm32cube.ide.mcu.externaltools.gnu-tools-for-stm32.13.3.rel1.win32_1.0.0.202411081344/tools/bin/../lib/gcc/arm-none-eabi/13.3.1/thumb/v8-m.main+fp/hard\libgcc.a(_aeabi_uldivmod.o)
 .debug_frame   0x00005f8c       0x38 C:/ST/STM32CubeIDE_1.17.0/STM32CubeIDE/plugins/com.st.stm32cube.ide.mcu.externaltools.gnu-tools-for-stm32.13.3.rel1.win32_1.0.0.202411081344/tools/bin/../lib/gcc/arm-none-eabi/13.3.1/thumb/v8-m.main+fp/hard\libgcc.a(_udivmoddi4.o)

.debug_line_str
                0x00000000       0x8b
 .debug_line_str
                0x00000000       0x8b ./Core/Startup/startup_stm32u385rgtxq.o