../Core/Src/main.c:70:17:Buffercmp	24	static
../Core/Src/main.c:83:6:HAL_GPIO_EXTI_Rising_Callback	16	static
../Core/Src/main.c:97:5:main	16	static
../Core/Src/main.c:171:6:SystemClock_Config	88	static
../Core/Src/main.c:242:13:MX_GPDMA1_Init	16	static
../Core/Src/main.c:272:13:MX_ICACHE_Init	8	static
../Core/Src/main.c:304:13:MX_RTC_Init	40	static
../Core/Src/main.c:356:13:MX_SPI1_Init	24	static
../Core/Src/main.c:413:13:MX_GPIO_Init	40	static
../Core/Src/main.c:457:6:Error_Handler	4	static,ignoring_inline_asm
