../Drivers/STM32U3xx_HAL_Driver/Inc/stm32u3xx_ll_lpuart.h:1861:22:LL_LPUART_ClearFlag_TC	16	static
../Drivers/STM32U3xx_HAL_Driver/Inc/stm32u3xx_ll_lpuart.h:1926:22:LL_LPUART_EnableIT_TC	40	static,ignoring_inline_asm
../Core/Src/main.c:83:5:main	8	static
../Core/Src/main.c:201:6:SystemClock_Config	88	static
../Core/Src/main.c:267:13:MX_ADC1_Init	40	static
../Core/Src/main.c:333:13:MX_ICACHE_Init	8	static
../Core/Src/main.c:365:13:MX_LPUART1_UART_Init	8	static
../Core/Src/main.c:413:13:MX_RTC_Init	40	static
../Core/Src/main.c:468:13:MX_GPIO_Init	16	static
../Core/Src/main.c:491:6:Error_Handler	4	static,ignoring_inline_asm
