../Drivers/STM32U3xx_HAL_Driver/Src/stm32u3xx_hal_rtc.c:249:19:HAL_RTC_Init	24	static
../Drivers/STM32U3xx_HAL_Driver/Src/stm32u3xx_hal_rtc.c:400:19:HAL_RTC_DeInit	24	static
../Drivers/STM32U3xx_HAL_Driver/Src/stm32u3xx_hal_rtc.c:868:13:HAL_RTC_MspInit	16	static
../Drivers/STM32U3xx_HAL_Driver/Src/stm32u3xx_hal_rtc.c:883:13:HAL_RTC_MspDeInit	16	static
../Drivers/STM32U3xx_HAL_Driver/Src/stm32u3xx_hal_rtc.c:926:19:HAL_RTC_SetTime	40	static
../Drivers/STM32U3xx_HAL_Driver/Src/stm32u3xx_hal_rtc.c:1047:19:HAL_RTC_GetTime	32	static
../Drivers/STM32U3xx_HAL_Driver/Src/stm32u3xx_hal_rtc.c:1097:19:HAL_RTC_SetDate	40	static
../Drivers/STM32U3xx_HAL_Driver/Src/stm32u3xx_hal_rtc.c:1183:19:HAL_RTC_GetDate	32	static
../Drivers/STM32U3xx_HAL_Driver/Src/stm32u3xx_hal_rtc.c:1219:6:HAL_RTC_DST_Add1Hour	16	static
../Drivers/STM32U3xx_HAL_Driver/Src/stm32u3xx_hal_rtc.c:1240:6:HAL_RTC_DST_Sub1Hour	16	static
../Drivers/STM32U3xx_HAL_Driver/Src/stm32u3xx_hal_rtc.c:1261:6:HAL_RTC_DST_SetStoreOperation	16	static
../Drivers/STM32U3xx_HAL_Driver/Src/stm32u3xx_hal_rtc.c:1275:6:HAL_RTC_DST_ClearStoreOperation	16	static
../Drivers/STM32U3xx_HAL_Driver/Src/stm32u3xx_hal_rtc.c:1289:10:HAL_RTC_DST_ReadStoreOperation	16	static
../Drivers/STM32U3xx_HAL_Driver/Src/stm32u3xx_hal_rtc.c:1331:19:HAL_RTC_SetAlarm	40	static
../Drivers/STM32U3xx_HAL_Driver/Src/stm32u3xx_hal_rtc.c:1543:19:HAL_RTC_SetAlarm_IT	40	static
../Drivers/STM32U3xx_HAL_Driver/Src/stm32u3xx_hal_rtc.c:1747:19:HAL_RTC_DeactivateAlarm	16	static
../Drivers/STM32U3xx_HAL_Driver/Src/stm32u3xx_hal_rtc.c:1797:19:HAL_RTC_GetAlarm	32	static
../Drivers/STM32U3xx_HAL_Driver/Src/stm32u3xx_hal_rtc.c:1907:6:HAL_RTC_AlarmIRQHandler	24	static
../Drivers/STM32U3xx_HAL_Driver/Src/stm32u3xx_hal_rtc.c:1948:13:HAL_RTC_AlarmAEventCallback	16	static
../Drivers/STM32U3xx_HAL_Driver/Src/stm32u3xx_hal_rtc.c:1964:19:HAL_RTC_PollForAlarmAEvent	24	static
../Drivers/STM32U3xx_HAL_Driver/Src/stm32u3xx_hal_rtc.c:2029:19:HAL_RTC_WaitForSynchro	24	static
../Drivers/STM32U3xx_HAL_Driver/Src/stm32u3xx_hal_rtc.c:2083:21:HAL_RTC_GetState	16	static
../Drivers/STM32U3xx_HAL_Driver/Src/stm32u3xx_hal_rtc.c:2106:19:RTC_EnterInitMode	24	static
../Drivers/STM32U3xx_HAL_Driver/Src/stm32u3xx_hal_rtc.c:2147:19:RTC_ExitInitMode	24	static
../Drivers/STM32U3xx_HAL_Driver/Src/stm32u3xx_hal_rtc.c:2185:9:RTC_ByteToBcd2	24	static
../Drivers/STM32U3xx_HAL_Driver/Src/stm32u3xx_hal_rtc.c:2204:9:RTC_Bcd2ToByte	24	static
