../Drivers/STM32U3xx_HAL_Driver/Src/stm32u3xx_hal_rtc_ex.c:234:19:HAL_RTCEx_SetTimeStamp	24	static
../Drivers/STM32U3xx_HAL_Driver/Src/stm32u3xx_hal_rtc_ex.c:281:19:HAL_RTCEx_SetTimeStamp_IT	24	static
../Drivers/STM32U3xx_HAL_Driver/Src/stm32u3xx_hal_rtc_ex.c:317:19:HAL_RTCEx_DeactivateTimeStamp	16	static
../Drivers/STM32U3xx_HAL_Driver/Src/stm32u3xx_hal_rtc_ex.c:343:19:HAL_RTCEx_SetInternalTimeStamp	16	static
../Drivers/STM32U3xx_HAL_Driver/Src/stm32u3xx_hal_rtc_ex.c:368:19:HAL_RTCEx_DeactivateInternalTimeStamp	16	static
../Drivers/STM32U3xx_HAL_Driver/Src/stm32u3xx_hal_rtc_ex.c:392:10:HAL_RTCEx_GetTimeStampFlagSource	16	static
../Drivers/STM32U3xx_HAL_Driver/Src/stm32u3xx_hal_rtc_ex.c:411:19:HAL_RTCEx_GetTimeStamp	32	static
../Drivers/STM32U3xx_HAL_Driver/Src/stm32u3xx_hal_rtc_ex.c:478:6:HAL_RTCEx_TimeStampIRQHandler	16	static
../Drivers/STM32U3xx_HAL_Driver/Src/stm32u3xx_hal_rtc_ex.c:508:13:HAL_RTCEx_TimeStampEventCallback	16	static
../Drivers/STM32U3xx_HAL_Driver/Src/stm32u3xx_hal_rtc_ex.c:524:19:HAL_RTCEx_PollForTimeStampEvent	24	static
../Drivers/STM32U3xx_HAL_Driver/Src/stm32u3xx_hal_rtc_ex.c:578:19:HAL_RTCEx_SetWakeUpTimer	32	static
../Drivers/STM32U3xx_HAL_Driver/Src/stm32u3xx_hal_rtc_ex.c:655:19:HAL_RTCEx_SetWakeUpTimer_IT	32	static
../Drivers/STM32U3xx_HAL_Driver/Src/stm32u3xx_hal_rtc_ex.c:730:19:HAL_RTCEx_DeactivateWakeUpTimer	16	static
../Drivers/STM32U3xx_HAL_Driver/Src/stm32u3xx_hal_rtc_ex.c:756:10:HAL_RTCEx_GetWakeUpTimer	16	static
../Drivers/STM32U3xx_HAL_Driver/Src/stm32u3xx_hal_rtc_ex.c:770:6:HAL_RTCEx_WakeUpTimerIRQHandler	16	static
../Drivers/STM32U3xx_HAL_Driver/Src/stm32u3xx_hal_rtc_ex.c:798:13:HAL_RTCEx_WakeUpTimerEventCallback	16	static
../Drivers/STM32U3xx_HAL_Driver/Src/stm32u3xx_hal_rtc_ex.c:814:19:HAL_RTCEx_PollForWakeUpTimerEvent	24	static
../Drivers/STM32U3xx_HAL_Driver/Src/stm32u3xx_hal_rtc_ex.c:896:19:HAL_RTCEx_SetSmoothCalib	32	static
../Drivers/STM32U3xx_HAL_Driver/Src/stm32u3xx_hal_rtc_ex.c:966:19:HAL_RTCEx_SetLowPowerCalib	16	static
../Drivers/STM32U3xx_HAL_Driver/Src/stm32u3xx_hal_rtc_ex.c:1007:19:HAL_RTCEx_SetSynchroShift	32	static
../Drivers/STM32U3xx_HAL_Driver/Src/stm32u3xx_hal_rtc_ex.c:1108:19:HAL_RTCEx_SetCalibrationOutPut	16	static
../Drivers/STM32U3xx_HAL_Driver/Src/stm32u3xx_hal_rtc_ex.c:1139:19:HAL_RTCEx_DeactivateCalibrationOutPut	16	static
../Drivers/STM32U3xx_HAL_Driver/Src/stm32u3xx_hal_rtc_ex.c:1164:19:HAL_RTCEx_SetRefClock	24	static
../Drivers/STM32U3xx_HAL_Driver/Src/stm32u3xx_hal_rtc_ex.c:1208:19:HAL_RTCEx_DeactivateRefClock	24	static
../Drivers/STM32U3xx_HAL_Driver/Src/stm32u3xx_hal_rtc_ex.c:1254:19:HAL_RTCEx_EnableBypassShadow	16	static
../Drivers/STM32U3xx_HAL_Driver/Src/stm32u3xx_hal_rtc_ex.c:1281:19:HAL_RTCEx_DisableBypassShadow	16	static
../Drivers/STM32U3xx_HAL_Driver/Src/stm32u3xx_hal_rtc_ex.c:1309:19:HAL_RTCEx_MonotonicCounterIncrement	16	static
../Drivers/STM32U3xx_HAL_Driver/Src/stm32u3xx_hal_rtc_ex.c:1331:19:HAL_RTCEx_MonotonicCounterGet	24	static
../Drivers/STM32U3xx_HAL_Driver/Src/stm32u3xx_hal_rtc_ex.c:1350:19:HAL_RTCEx_SetSSRU_IT	16	static
../Drivers/STM32U3xx_HAL_Driver/Src/stm32u3xx_hal_rtc_ex.c:1375:19:HAL_RTCEx_DeactivateSSRU	16	static
../Drivers/STM32U3xx_HAL_Driver/Src/stm32u3xx_hal_rtc_ex.c:1400:6:HAL_RTCEx_SSRUIRQHandler	16	static
../Drivers/STM32U3xx_HAL_Driver/Src/stm32u3xx_hal_rtc_ex.c:1431:13:HAL_RTCEx_SSRUEventCallback	16	static
../Drivers/STM32U3xx_HAL_Driver/Src/stm32u3xx_hal_rtc_ex.c:1465:13:HAL_RTCEx_AlarmBEventCallback	16	static
../Drivers/STM32U3xx_HAL_Driver/Src/stm32u3xx_hal_rtc_ex.c:1481:19:HAL_RTCEx_PollForAlarmBEvent	24	static
../Drivers/STM32U3xx_HAL_Driver/Src/stm32u3xx_hal_rtc_ex.c:1551:19:HAL_RTCEx_SetTamper	24	static
../Drivers/STM32U3xx_HAL_Driver/Src/stm32u3xx_hal_rtc_ex.c:1629:19:HAL_RTCEx_SetTamper_IT	24	static
../Drivers/STM32U3xx_HAL_Driver/Src/stm32u3xx_hal_rtc_ex.c:1708:19:HAL_RTCEx_DeactivateTamper	16	static
../Drivers/STM32U3xx_HAL_Driver/Src/stm32u3xx_hal_rtc_ex.c:1741:19:HAL_RTCEx_LockBootHardwareKey	16	static
../Drivers/STM32U3xx_HAL_Driver/Src/stm32u3xx_hal_rtc_ex.c:1764:19:HAL_RTCEx_PollForTamperEvent	32	static
../Drivers/STM32U3xx_HAL_Driver/Src/stm32u3xx_hal_rtc_ex.c:1806:19:HAL_RTCEx_SetInternalTamper	16	static
../Drivers/STM32U3xx_HAL_Driver/Src/stm32u3xx_hal_rtc_ex.c:1851:19:HAL_RTCEx_SetInternalTamper_IT	16	static
../Drivers/STM32U3xx_HAL_Driver/Src/stm32u3xx_hal_rtc_ex.c:1898:19:HAL_RTCEx_DeactivateInternalTamper	16	static
../Drivers/STM32U3xx_HAL_Driver/Src/stm32u3xx_hal_rtc_ex.c:1931:19:HAL_RTCEx_PollForInternalTamperEvent	32	static
../Drivers/STM32U3xx_HAL_Driver/Src/stm32u3xx_hal_rtc_ex.c:1972:6:HAL_RTCEx_TamperIRQHandler	24	static
../Drivers/STM32U3xx_HAL_Driver/Src/stm32u3xx_hal_rtc_ex.c:2159:13:HAL_RTCEx_Tamper1EventCallback	16	static
../Drivers/STM32U3xx_HAL_Driver/Src/stm32u3xx_hal_rtc_ex.c:2174:13:HAL_RTCEx_Tamper2EventCallback	16	static
../Drivers/STM32U3xx_HAL_Driver/Src/stm32u3xx_hal_rtc_ex.c:2189:13:HAL_RTCEx_Tamper3EventCallback	16	static
../Drivers/STM32U3xx_HAL_Driver/Src/stm32u3xx_hal_rtc_ex.c:2204:13:HAL_RTCEx_Tamper4EventCallback	16	static
../Drivers/STM32U3xx_HAL_Driver/Src/stm32u3xx_hal_rtc_ex.c:2219:13:HAL_RTCEx_Tamper5EventCallback	16	static
../Drivers/STM32U3xx_HAL_Driver/Src/stm32u3xx_hal_rtc_ex.c:2234:13:HAL_RTCEx_InternalTamper3EventCallback	16	static
../Drivers/STM32U3xx_HAL_Driver/Src/stm32u3xx_hal_rtc_ex.c:2249:13:HAL_RTCEx_InternalTamper5EventCallback	16	static
../Drivers/STM32U3xx_HAL_Driver/Src/stm32u3xx_hal_rtc_ex.c:2264:13:HAL_RTCEx_InternalTamper6EventCallback	16	static
../Drivers/STM32U3xx_HAL_Driver/Src/stm32u3xx_hal_rtc_ex.c:2279:13:HAL_RTCEx_InternalTamper7EventCallback	16	static
../Drivers/STM32U3xx_HAL_Driver/Src/stm32u3xx_hal_rtc_ex.c:2294:13:HAL_RTCEx_InternalTamper8EventCallback	16	static
../Drivers/STM32U3xx_HAL_Driver/Src/stm32u3xx_hal_rtc_ex.c:2309:13:HAL_RTCEx_InternalTamper9EventCallback	16	static
../Drivers/STM32U3xx_HAL_Driver/Src/stm32u3xx_hal_rtc_ex.c:2324:13:HAL_RTCEx_InternalTamper11EventCallback	16	static
../Drivers/STM32U3xx_HAL_Driver/Src/stm32u3xx_hal_rtc_ex.c:2339:13:HAL_RTCEx_InternalTamper12EventCallback	16	static
../Drivers/STM32U3xx_HAL_Driver/Src/stm32u3xx_hal_rtc_ex.c:2354:13:HAL_RTCEx_InternalTamper13EventCallback	16	static
../Drivers/STM32U3xx_HAL_Driver/Src/stm32u3xx_hal_rtc_ex.c:2396:6:HAL_RTCEx_BKUPWrite	32	static
../Drivers/STM32U3xx_HAL_Driver/Src/stm32u3xx_hal_rtc_ex.c:2422:10:HAL_RTCEx_BKUPRead	24	static
../Drivers/STM32U3xx_HAL_Driver/Src/stm32u3xx_hal_rtc_ex.c:2445:7:HAL_RTCEx_BKUPErase	16	static
../Drivers/STM32U3xx_HAL_Driver/Src/stm32u3xx_hal_rtc_ex.c:2458:7:HAL_RTCEx_BKUPBlock	16	static
../Drivers/STM32U3xx_HAL_Driver/Src/stm32u3xx_hal_rtc_ex.c:2471:7:HAL_RTCEx_BKUPUnblock	16	static
../Drivers/STM32U3xx_HAL_Driver/Src/stm32u3xx_hal_rtc_ex.c:2492:7:HAL_RTCEx_ConfigEraseDeviceSecrets	16	static
../Drivers/STM32U3xx_HAL_Driver/Src/stm32u3xx_hal_rtc_ex.c:2524:19:HAL_RTCEx_SecureModeGet	24	static
../Drivers/STM32U3xx_HAL_Driver/Src/stm32u3xx_hal_rtc_ex.c:2616:19:HAL_RTCEx_PrivilegeModeSet	16	static
../Drivers/STM32U3xx_HAL_Driver/Src/stm32u3xx_hal_rtc_ex.c:2660:19:HAL_RTCEx_PrivilegeModeGet	32	static
