Archive member included to satisfy reference by file (symbol)

C:/ST/STM32CubeIDE_1.17.0/STM32CubeIDE/plugins/com.st.stm32cube.ide.mcu.externaltools.gnu-tools-for-stm32.13.3.rel1.win32_1.0.0.202411081344/tools/bin/../lib/gcc/arm-none-eabi/13.3.1/../../../../arm-none-eabi/lib/thumb/v8-m.main+fp/hard\libc_nano.a(libc_a-exit.o)
                              C:/ST/STM32CubeIDE_1.17.0/STM32CubeIDE/plugins/com.st.stm32cube.ide.mcu.externaltools.gnu-tools-for-stm32.13.3.rel1.win32_1.0.0.202411081344/tools/bin/../lib/gcc/arm-none-eabi/13.3.1/../../../../arm-none-eabi/lib/thumb/v8-m.main+fp/hard/crt0.o (exit)
C:/ST/STM32CubeIDE_1.17.0/STM32CubeIDE/plugins/com.st.stm32cube.ide.mcu.externaltools.gnu-tools-for-stm32.13.3.rel1.win32_1.0.0.202411081344/tools/bin/../lib/gcc/arm-none-eabi/13.3.1/../../../../arm-none-eabi/lib/thumb/v8-m.main+fp/hard\libc_nano.a(libc_a-findfp.o)
                              C:/ST/STM32CubeIDE_1.17.0/STM32CubeIDE/plugins/com.st.stm32cube.ide.mcu.externaltools.gnu-tools-for-stm32.13.3.rel1.win32_1.0.0.202411081344/tools/bin/../lib/gcc/arm-none-eabi/13.3.1/../../../../arm-none-eabi/lib/thumb/v8-m.main+fp/hard\libc_nano.a(libc_a-exit.o) (__stdio_exit_handler)
C:/ST/STM32CubeIDE_1.17.0/STM32CubeIDE/plugins/com.st.stm32cube.ide.mcu.externaltools.gnu-tools-for-stm32.13.3.rel1.win32_1.0.0.202411081344/tools/bin/../lib/gcc/arm-none-eabi/13.3.1/../../../../arm-none-eabi/lib/thumb/v8-m.main+fp/hard\libc_nano.a(libc_a-fwalk.o)
                              C:/ST/STM32CubeIDE_1.17.0/STM32CubeIDE/plugins/com.st.stm32cube.ide.mcu.externaltools.gnu-tools-for-stm32.13.3.rel1.win32_1.0.0.202411081344/tools/bin/../lib/gcc/arm-none-eabi/13.3.1/../../../../arm-none-eabi/lib/thumb/v8-m.main+fp/hard\libc_nano.a(libc_a-findfp.o) (_fwalk_sglue)
C:/ST/STM32CubeIDE_1.17.0/STM32CubeIDE/plugins/com.st.stm32cube.ide.mcu.externaltools.gnu-tools-for-stm32.13.3.rel1.win32_1.0.0.202411081344/tools/bin/../lib/gcc/arm-none-eabi/13.3.1/../../../../arm-none-eabi/lib/thumb/v8-m.main+fp/hard\libc_nano.a(libc_a-stdio.o)
                              C:/ST/STM32CubeIDE_1.17.0/STM32CubeIDE/plugins/com.st.stm32cube.ide.mcu.externaltools.gnu-tools-for-stm32.13.3.rel1.win32_1.0.0.202411081344/tools/bin/../lib/gcc/arm-none-eabi/13.3.1/../../../../arm-none-eabi/lib/thumb/v8-m.main+fp/hard\libc_nano.a(libc_a-findfp.o) (__sread)
C:/ST/STM32CubeIDE_1.17.0/STM32CubeIDE/plugins/com.st.stm32cube.ide.mcu.externaltools.gnu-tools-for-stm32.13.3.rel1.win32_1.0.0.202411081344/tools/bin/../lib/gcc/arm-none-eabi/13.3.1/../../../../arm-none-eabi/lib/thumb/v8-m.main+fp/hard\libc_nano.a(libc_a-memset.o)
                              C:/ST/STM32CubeIDE_1.17.0/STM32CubeIDE/plugins/com.st.stm32cube.ide.mcu.externaltools.gnu-tools-for-stm32.13.3.rel1.win32_1.0.0.202411081344/tools/bin/../lib/gcc/arm-none-eabi/13.3.1/../../../../arm-none-eabi/lib/thumb/v8-m.main+fp/hard/crt0.o (memset)
C:/ST/STM32CubeIDE_1.17.0/STM32CubeIDE/plugins/com.st.stm32cube.ide.mcu.externaltools.gnu-tools-for-stm32.13.3.rel1.win32_1.0.0.202411081344/tools/bin/../lib/gcc/arm-none-eabi/13.3.1/../../../../arm-none-eabi/lib/thumb/v8-m.main+fp/hard\libc_nano.a(libc_a-closer.o)
                              C:/ST/STM32CubeIDE_1.17.0/STM32CubeIDE/plugins/com.st.stm32cube.ide.mcu.externaltools.gnu-tools-for-stm32.13.3.rel1.win32_1.0.0.202411081344/tools/bin/../lib/gcc/arm-none-eabi/13.3.1/../../../../arm-none-eabi/lib/thumb/v8-m.main+fp/hard\libc_nano.a(libc_a-stdio.o) (_close_r)
C:/ST/STM32CubeIDE_1.17.0/STM32CubeIDE/plugins/com.st.stm32cube.ide.mcu.externaltools.gnu-tools-for-stm32.13.3.rel1.win32_1.0.0.202411081344/tools/bin/../lib/gcc/arm-none-eabi/13.3.1/../../../../arm-none-eabi/lib/thumb/v8-m.main+fp/hard\libc_nano.a(libc_a-reent.o)
                              C:/ST/STM32CubeIDE_1.17.0/STM32CubeIDE/plugins/com.st.stm32cube.ide.mcu.externaltools.gnu-tools-for-stm32.13.3.rel1.win32_1.0.0.202411081344/tools/bin/../lib/gcc/arm-none-eabi/13.3.1/../../../../arm-none-eabi/lib/thumb/v8-m.main+fp/hard\libc_nano.a(libc_a-closer.o) (errno)
C:/ST/STM32CubeIDE_1.17.0/STM32CubeIDE/plugins/com.st.stm32cube.ide.mcu.externaltools.gnu-tools-for-stm32.13.3.rel1.win32_1.0.0.202411081344/tools/bin/../lib/gcc/arm-none-eabi/13.3.1/../../../../arm-none-eabi/lib/thumb/v8-m.main+fp/hard\libc_nano.a(libc_a-impure.o)
                              C:/ST/STM32CubeIDE_1.17.0/STM32CubeIDE/plugins/com.st.stm32cube.ide.mcu.externaltools.gnu-tools-for-stm32.13.3.rel1.win32_1.0.0.202411081344/tools/bin/../lib/gcc/arm-none-eabi/13.3.1/../../../../arm-none-eabi/lib/thumb/v8-m.main+fp/hard\libc_nano.a(libc_a-reent.o) (_impure_ptr)
C:/ST/STM32CubeIDE_1.17.0/STM32CubeIDE/plugins/com.st.stm32cube.ide.mcu.externaltools.gnu-tools-for-stm32.13.3.rel1.win32_1.0.0.202411081344/tools/bin/../lib/gcc/arm-none-eabi/13.3.1/../../../../arm-none-eabi/lib/thumb/v8-m.main+fp/hard\libc_nano.a(libc_a-lseekr.o)
[...]
Memory Configuration

Name             Origin             Length             Attributes
RAM              0x20000000         0x00030000         xrw
RAM2             0x20030000         0x00010000         xrw
FLASH            0x08000000         0x00100000         xr
*default*        0x00000000         0xffffffff

Linker script and memory map

LOAD C:/ST/STM32CubeIDE_1.17.0/STM32CubeIDE/plugins/com.st.stm32cube.ide.mcu.externaltools.gnu-tools-for-stm32.13.3.rel1.win32_1.0.0.202411081344/tools/bin/../lib/gcc/arm-none-eabi/13.3.1/thumb/v8-m.main+fp/hard/crti.o
LOAD C:/ST/STM32CubeIDE_1.17.0/STM32CubeIDE/plugins/com.st.stm32cube.ide.mcu.externaltools.gnu-tools-for-stm32.13.3.rel1.win32_1.0.0.202411081344/tools/bin/../lib/gcc/arm-none-eabi/13.3.1/thumb/v8-m.main+fp/hard/crtbegin.o
LOAD C:/ST/STM32CubeIDE_1.17.0/STM32CubeIDE/plugins/com.st.stm32cube.ide.mcu.externaltools.gnu-tools-for-stm32.13.3.rel1.win32_1.0.0.202411081344/tools/bin/../lib/gcc/arm-none-eabi/13.3.1/../../../../arm-none-eabi/lib/thumb/v8-m.main+fp/hard/crt0.o
LOAD ./Core/Src/main.o
LOAD ./Core/Src/stm32u3xx_hal_msp.o
LOAD ./Core/Src/stm32u3xx_it.o
LOAD ./Core/Src/syscalls.o
LOAD ./Core/Src/sysmem.o
LOAD ./Core/Src/system_stm32u3xx.o
LOAD ./Core/Startup/startup_stm32u385rgtxq.o
LOAD ./Drivers/STM32U3xx_HAL_Driver/Src/stm32u3xx_hal.o
LOAD ./Drivers/STM32U3xx_HAL_Driver/Src/stm32u3xx_hal_cortex.o
LOAD ./Drivers/STM32U3xx_HAL_Driver/Src/stm32u3xx_hal_dma.o
LOAD ./Drivers/STM32U3xx_HAL_Driver/Src/stm32u3xx_hal_dma_ex.o
LOAD ./Drivers/STM32U3xx_HAL_Driver/Src/stm32u3xx_hal_exti.o
LOAD ./Drivers/STM32U3xx_HAL_Driver/Src/stm32u3xx_hal_flash.o
LOAD ./Drivers/STM32U3xx_HAL_Driver/Src/stm32u3xx_hal_flash_ex.o
LOAD ./Drivers/STM32U3xx_HAL_Driver/Src/stm32u3xx_hal_gpio.o
LOAD ./Drivers/STM32U3xx_HAL_Driver/Src/stm32u3xx_hal_gtzc.o
LOAD ./Drivers/STM32U3xx_HAL_Driver/Src/stm32u3xx_hal_icache.o
LOAD ./Drivers/STM32U3xx_HAL_Driver/Src/stm32u3xx_hal_pwr.o
LOAD ./Drivers/STM32U3xx_HAL_Driver/Src/stm32u3xx_hal_pwr_ex.o
LOAD ./Drivers/STM32U3xx_HAL_Driver/Src/stm32u3xx_hal_rcc.o
LOAD ./Drivers/STM32U3xx_HAL_Driver/Src/stm32u3xx_hal_rcc_ex.o
LOAD ./Drivers/STM32U3xx_HAL_Driver/Src/stm32u3xx_hal_rtc.o
LOAD ./Drivers/STM32U3xx_HAL_Driver/Src/stm32u3xx_hal_rtc_ex.o
LOAD ./Drivers/STM32U3xx_HAL_Driver/Src/stm32u3xx_hal_spi.o
LOAD ./Drivers/STM32U3xx_HAL_Driver/Src/stm32u3xx_hal_spi_ex.o
LOAD ./Drivers/STM32U3xx_HAL_Driver/Src/stm32u3xx_hal_tim.o
LOAD ./Drivers/STM32U3xx_HAL_Driver/Src/stm32u3xx_hal_tim_ex.o
START GROUP
LOAD C:/ST/STM32CubeIDE_1.17.0/STM32CubeIDE/plugins/com.st.stm32cube.ide.mcu.externaltools.gnu-tools-for-stm32.13.3.rel1.win32_1.0.0.202411081344/tools/bin/../lib/gcc/arm-none-eabi/13.3.1/../../../../arm-none-eabi/lib/thumb/v8-m.main+fp/hard\libc_nano.a
LOAD C:/ST/STM32CubeIDE_1.17.0/STM32CubeIDE/plugins/com.st.stm32cube.ide.mcu.externaltools.gnu-tools-for-stm32.13.3.rel1.win32_1.0.0.202411081344/tools/bin/../lib/gcc/arm-none-eabi/13.3.1/../../../../arm-none-eabi/lib/thumb/v8-m.main+fp/hard\libm.a
END GROUP
START GROUP
LOAD C:/ST/STM32CubeIDE_1.17.0/STM32CubeIDE/plugins/com.st.stm32cube.ide.mcu.externaltools.gnu-tools-for-stm32.13.3.rel1.win32_1.0.0.202411081344/tools/bin/../lib/gcc/arm-none-eabi/13.3.1/thumb/v8-m.main+fp/hard\libgcc.a
LOAD C:/ST/STM32CubeIDE_1.17.0/STM32CubeIDE/plugins/com.st.stm32cube.ide.mcu.externaltools.gnu-tools-for-stm32.13.3.rel1.win32_1.0.0.202411081344/tools/bin/../lib/gcc/arm-none-eabi/13.3.1/../../../../arm-none-eabi/lib/thumb/v8-m.main+fp/hard\libc_nano.a
END GROUP
START GROUP
LOAD C:/ST/STM32CubeIDE_1.17.0/STM32CubeIDE/plugins/com.st.stm32cube.ide.mcu.externaltools.gnu-tools-for-stm32.13.3.rel1.win32_1.0.0.202411081344/tools/bin/../lib/gcc/arm-none-eabi/13.3.1/thumb/v8-m.main+fp/hard\libgcc.a
LOAD C:/ST/STM32CubeIDE_1.17.0/STM32CubeIDE/plugins/com.st.stm32cube.ide.mcu.externaltools.gnu-tools-for-stm32.13.3.rel1.win32_1.0.0.202411081344/tools/bin/../lib/gcc/arm-none-eabi/13.3.1/../../../../arm-none-eabi/lib/thumb/v8-m.main+fp/hard\libc_nano.a
LOAD C:/ST/STM32CubeIDE_1.17.0/STM32CubeIDE/plugins/com.st.stm32cube.ide.mcu.externaltools.gnu-tools-for-stm32.13.3.rel1.win32_1.0.0.202411081344/tools/bin/../lib/gcc/arm-none-eabi/13.3.1/../../../../arm-none-eabi/lib/thumb/v8-m.main+fp/hard\libnosys.a
END GROUP
START GROUP
LOAD C:/ST/STM32CubeIDE_1.17.0/STM32CubeIDE/plugins/com.st.stm32cube.ide.mcu.externaltools.gnu-tools-for-stm32.13.3.rel1.win32_1.0.0.202411081344/tools/bin/../lib/gcc/arm-none-eabi/13.3.1/thumb/v8-m.main+fp/hard\libgcc.a
LOAD C:/ST/STM32CubeIDE_1.17.0/STM32CubeIDE/plugins/com.st.stm32cube.ide.mcu.externaltools.gnu-tools-for-stm32.13.3.rel1.win32_1.0.0.202411081344/tools/bin/../lib/gcc/arm-none-eabi/13.3.1/../../../../arm-none-eabi/lib/thumb/v8-m.main+fp/hard\libc_nano.a
LOAD C:/ST/STM32CubeIDE_1.17.0/STM32CubeIDE/plugins/com.st.stm32cube.ide.mcu.externaltools.gnu-tools-for-stm32.13.3.rel1.win32_1.0.0.202411081344/tools/bin/../lib/gcc/arm-none-eabi/13.3.1/../../../../arm-none-eabi/lib/thumb/v8-m.main+fp/hard\libnosys.a
END GROUP
LOAD C:/ST/STM32CubeIDE_1.17.0/STM32CubeIDE/plugins/com.st.stm32cube.ide.mcu.externaltools.gnu-tools-for-stm32.13.3.rel1.win32_1.0.0.202411081344/tools/bin/../lib/gcc/arm-none-eabi/13.3.1/thumb/v8-m.main+fp/hard/crtend.o
LOAD C:/ST/STM32CubeIDE_1.17.0/STM32CubeIDE/plugins/com.st.stm32cube.ide.mcu.externaltools.gnu-tools-for-stm32.13.3.rel1.win32_1.0.0.202411081344/tools/bin/../lib/gcc/arm-none-eabi/13.3.1/thumb/v8-m.main+fp/hard/crtn.o
                0x20030000                        _estack = (ORIGIN (RAM) + LENGTH (RAM))
                0x00000200                        _Min_Heap_Size = 0x200
                0x00000400                        _Min_Stack_Size = 0x400

.isr_vector     0x08000000      0x234
                0x08000000                        . = ALIGN (0x4)
 *(.isr_vector)
 .isr_vector    0x08000000      0x234 ./Core/Startup/startup_stm32u385rgtxq.o
                0x08000000                g_pfnVectors
                0x08000234                        . = ALIGN (0x4)

.text           0x08000234     0x4054
                0x08000234                        . = ALIGN (0x4)
 *(.text)
 .text          0x08000234       0x40 C:/ST/STM32CubeIDE_1.17.0/STM32CubeIDE/plugins/com.st.stm32cube.ide.mcu.externaltools.gnu-tools-for-stm32.13.3.rel1.win32_1.0.0.202411081344/tools/bin/../lib/gcc/arm-none-eabi/13.3.1/thumb/v8-m.main+fp/hard/crtbegin.o
 *(.text*)
 .text.Buffercmp
                0x08000274       0x44 ./Core/Src/main.o
 .text.HAL_GPIO_EXTI_Rising_Callback
                0x080002b8       0x38 ./Core/Src/main.o
                0x080002b8                HAL_GPIO_EXTI_Rising_Callback
 .text.main     0x080002f0       0xec ./Core/Src/main.o
                0x080002f0                main
 .text.SystemClock_Config
                0x080003dc       0xf0 ./Core/Src/main.o
                0x080003dc                SystemClock_Config
 .text.MX_GPDMA1_Init
                0x080004cc       0x50 ./Core/Src/main.o
 .text.MX_ICACHE_Init
                0x0800051c       0x26 ./Core/Src/main.o
 *fill*         0x08000542        0x2 
 .text.MX_RTC_Init
                0x08000544       0x9c ./Core/Src/main.o
 .text.MX_SPI1_Init
                0x080005e0       0xe0 ./Core/Src/main.o
 .text.MX_GPIO_Init
                0x080006c0       0xb8 ./Core/Src/main.o
 .text.Error_Handler
                0x08000778        0xc ./Core/Src/main.o
                0x08000778                Error_Handler
 .text.HAL_MspInit
                0x08000784       0x34 ./Core/Src/stm32u3xx_hal_msp.o
                0x08000784                HAL_MspInit
 .text.HAL_RTC_MspInit
                0x080007b8       0x80 ./Core/Src/stm32u3xx_hal_msp.o
                0x080007b8                HAL_RTC_MspInit
 .text.HAL_SPI_MspInit
                0x08000838      0x23c ./Core/Src/stm32u3xx_hal_msp.o
                0x08000838                HAL_SPI_MspInit
 .text.NMI_Handler
                0x08000a74        0x8 ./Core/Src/stm32u3xx_it.o
                0x08000a74                NMI_Handler
 .text.HardFault_Handler
                0x08000a7c        0x8 ./Core/Src/stm32u3xx_it.o
                0x08000a7c                HardFault_Handler
 .text.MemManage_Handler
                0x08000a84        0x8 ./Core/Src/stm32u3xx_it.o
                0x08000a84                MemManage_Handler
 .text.BusFault_Handler
                0x08000a8c        0x8 ./Core/Src/stm32u3xx_it.o
                0x08000a8c                BusFault_Handler
 .text.UsageFault_Handler
                0x08000a94        0x8 ./Core/Src/stm32u3xx_it.o
                0x08000a94                UsageFault_Handler
 .text.SVC_Handler
                0x08000a9c        0xe ./Core/Src/stm32u3xx_it.o
                0x08000a9c                SVC_Handler
 .text.DebugMon_Handler
                0x08000aaa        0xe ./Core/Src/stm32u3xx_it.o
                0x08000aaa                DebugMon_Handler
 .text.PendSV_Handler
                0x08000ab8        0xe ./Core/Src/stm32u3xx_it.o
                0x08000ab8                PendSV_Handler
 .text.SysTick_Handler
                0x08000ac6        0xc ./Core/Src/stm32u3xx_it.o
                0x08000ac6                SysTick_Handler
 .text.EXTI13_IRQHandler
                0x08000ad2       0x10 ./Core/Src/stm32u3xx_it.o
                0x08000ad2                EXTI13_IRQHandler
 *fill*         0x08000ae2        0x2 
 .text.GPDMA1_Channel6_IRQHandler
                0x08000ae4       0x14 ./Core/Src/stm32u3xx_it.o
                0x08000ae4                GPDMA1_Channel6_IRQHandler
 .text.GPDMA1_Channel7_IRQHandler
                0x08000af8       0x14 ./Core/Src/stm32u3xx_it.o
                0x08000af8                GPDMA1_Channel7_IRQHandler
 .text.SPI1_IRQHandler
                0x08000b0c       0x14 ./Core/Src/stm32u3xx_it.o
                0x08000b0c                SPI1_IRQHandler
 .text.SystemInit
                0x08000b20       0x24 ./Core/Src/system_stm32u3xx.o
                0x08000b20                SystemInit
 .text.SystemCoreClockUpdate
                0x08000b44       0xd0 ./Core/Src/system_stm32u3xx.o
                0x08000b44                SystemCoreClockUpdate
 .text.Reset_Handler
                0x08000c14       0x50 ./Core/Startup/startup_stm32u385rgtxq.o
                0x08000c14                Reset_Handler
 .text.Default_Handler
                0x08000c64        0x2 ./Core/Startup/startup_stm32u385rgtxq.o
                0x08000c64                EXTI2_IRQHandler
                0x08000c64                EXTI5_IRQHandler
                0x08000c64                I3C1_ER_IRQHandler
                0x08000c64                FLASH_S_IRQHandler
                0x08000c64                TIM1_CC_IRQHandler
                0x08000c64                TSC_IRQHandler
                0x08000c64                TIM1_TRG_COM_DIR_IDX_IRQHandler
                0x08000c64                TAMP_IRQHandler
                0x08000c64                TIM6_IRQHandler
                0x08000c64                EXTI12_IRQHandler
                0x08000c64                EXTI3_IRQHandler
                0x08000c64                LPTIM4_IRQHandler
                0x08000c64                GPDMA1_Channel5_IRQHandler
                0x08000c64                EXTI8_IRQHandler
                0x08000c64                LPTIM2_IRQHandler
                0x08000c64                USB_FS_IRQHandler
                0x08000c64                I2C3_ER_IRQHandler
                0x08000c64                LPTIM3_IRQHandler
                0x08000c64                EXTI0_IRQHandler
                0x08000c64                I2C2_EV_IRQHandler
                0x08000c64                FPU_IRQHandler
                0x08000c64                GPDMA1_Channel3_IRQHandler
                0x08000c64                FDCAN1_IT1_IRQHandler
                0x08000c64                RAMCFG_IRQHandler
                0x08000c64                PWR_S_IRQHandler
                0x08000c64                GPDMA1_Channel9_IRQHandler
                0x08000c64                OCTOSPI1_IRQHandler
                0x08000c64                GPDMA1_Channel2_IRQHandler
                0x08000c64                RCC_S_IRQHandler
                0x08000c64                ADC1_IRQHandler
                0x08000c64                PKA_IRQHandler
                0x08000c64                PWR_IRQHandler
                0x08000c64                I3C2_ER_IRQHandler
                0x08000c64                EXTI15_IRQHandler
                0x08000c64                TIM17_IRQHandler
                0x08000c64                USART3_IRQHandler
                0x08000c64                RTC_IRQHandler
                0x08000c64                EXTI9_IRQHandler
                0x08000c64                UART5_IRQHandler
                0x08000c64                TIM4_IRQHandler
                0x08000c64                I3C2_EV_IRQHandler
                0x08000c64                I2C1_EV_IRQHandler
                0x08000c64                GPDMA1_Channel1_IRQHandler
                0x08000c64                TIM16_IRQHandler
                0x08000c64                UART4_IRQHandler
                0x08000c64                SecureFault_Handler
                0x08000c64                TIM3_IRQHandler
                0x08000c64                RCC_IRQHandler
                0x08000c64                Default_Handler
                0x08000c64                GPDMA1_Channel8_IRQHandler
                0x08000c64                GPDMA1_Channel11_IRQHandler
                0x08000c64                TIM7_IRQHandler
                0x08000c64                SDMMC1_IRQHandler
                0x08000c64                SAES_IRQHandler
                0x08000c64                GPDMA1_Channel0_IRQHandler
                0x08000c64                I3C1_EV_IRQHandler
                0x08000c64                TIM15_IRQHandler
                0x08000c64                I2C3_EV_IRQHandler
                0x08000c64                PVD_PVM_IRQHandler
                0x08000c64                ADC2_IRQHandler
                0x08000c64                SPI2_IRQHandler
                0x08000c64                EXTI14_IRQHandler
                0x08000c64                EXTI11_IRQHandler
                0x08000c64                CRS_IRQHandler
                0x08000c64                EXTI4_IRQHandler
                0x08000c64                TIM1_BRK_TERR_IERR_IRQHandler
                0x08000c64                RTC_S_IRQHandler
                0x08000c64                RNG_IRQHandler
                0x08000c64                COMP_IRQHandler
                0x08000c64                TIM1_UP_IRQHandler
                0x08000c64                WWDG_IRQHandler
                0x08000c64                ADF1_IRQHandler
                0x08000c64                IWDG_IRQHandler
                0x08000c64                LPUART1_IRQHandler
                0x08000c64                FDCAN1_IT0_IRQHandler
                0x08000c64                TIM2_IRQHandler
                0x08000c64                GPDMA1_Channel4_IRQHandler
                0x08000c64                EXTI7_IRQHandler
                0x08000c64                EXTI1_IRQHandler
                0x08000c64                AES_IRQHandler
                0x08000c64                DAC1_IRQHandler
                0x08000c64                GTZC_IRQHandler
                0x08000c64                I2C2_ER_IRQHandler
                0x08000c64                FLASH_IRQHandler
                0x08000c64                USART1_IRQHandler
                0x08000c64                EXTI10_IRQHandler
                0x08000c64                SPI3_IRQHandler
                0x08000c64                I2C1_ER_IRQHandler
                0x08000c64                EXTI6_IRQHandler
                0x08000c64                LPTIM1_IRQHandler
                0x08000c64                GPDMA1_Channel10_IRQHandler
                0x08000c64                ICACHE_IRQHandler
                0x08000c64                SAI1_IRQHandler
                0x08000c64                HASH_IRQHandler
 *fill*         0x08000c66        0x2 
 .text.HAL_Init
                0x08000c68       0x40 ./Drivers/STM32U3xx_HAL_Driver/Src/stm32u3xx_hal.o
                0x08000c68                HAL_Init
 .text.HAL_InitTick
                0x08000ca8       0xfc ./Drivers/STM32U3xx_HAL_Driver/Src/stm32u3xx_hal.o
                0x08000ca8                HAL_InitTick
 .text.HAL_IncTick
                0x08000da4       0x28 ./Drivers/STM32U3xx_HAL_Driver/Src/stm32u3xx_hal.o
                0x08000da4                HAL_IncTick
 .text.HAL_GetTick
                0x08000dcc       0x18 ./Drivers/STM32U3xx_HAL_Driver/Src/stm32u3xx_hal.o
                0x08000dcc                HAL_GetTick
 .text.HAL_Delay
                0x08000de4       0x48 ./Drivers/STM32U3xx_HAL_Driver/Src/stm32u3xx_hal.o
                0x08000de4                HAL_Delay
 .text.__NVIC_SetPriorityGrouping
                0x08000e2c       0x48 ./Drivers/STM32U3xx_HAL_Driver/Src/stm32u3xx_hal_cortex.o
 .text.__NVIC_GetPriorityGrouping
                0x08000e74       0x1c ./Drivers/STM32U3xx_HAL_Driver/Src/stm32u3xx_hal_cortex.o
 .text.__NVIC_EnableIRQ
                0x08000e90       0x3c ./Drivers/STM32U3xx_HAL_Driver/Src/stm32u3xx_hal_cortex.o
 .text.__NVIC_SetPriority
                0x08000ecc       0x54 ./Drivers/STM32U3xx_HAL_Driver/Src/stm32u3xx_hal_cortex.o
 .text.NVIC_EncodePriority
                0x08000f20       0x66 ./Drivers/STM32U3xx_HAL_Driver/Src/stm32u3xx_hal_cortex.o
 .text.HAL_NVIC_SetPriorityGrouping
                0x08000f86       0x16 ./Drivers/STM32U3xx_HAL_Driver/Src/stm32u3xx_hal_cortex.o
                0x08000f86                HAL_NVIC_SetPriorityGrouping
 .text.HAL_NVIC_SetPriority
                0x08000f9c       0x34 ./Drivers/STM32U3xx_HAL_Driver/Src/stm32u3xx_hal_cortex.o
                0x08000f9c                HAL_NVIC_SetPriority
 .text.HAL_NVIC_EnableIRQ
                0x08000fd0       0x1c ./Drivers/STM32U3xx_HAL_Driver/Src/stm32u3xx_hal_cortex.o
                0x08000fd0                HAL_NVIC_EnableIRQ
 .text.HAL_SYSTICK_Config
                0x08000fec       0x44 ./Drivers/STM32U3xx_HAL_Driver/Src/stm32u3xx_hal_cortex.o
                0x08000fec                HAL_SYSTICK_Config
 .text.HAL_SYSTICK_CLKSourceConfig
                0x08001030       0xb0 ./Drivers/STM32U3xx_HAL_Driver/Src/stm32u3xx_hal_cortex.o
                0x08001030                HAL_SYSTICK_CLKSourceConfig
 .text.HAL_DMA_Init
                0x080010e0      0x160 ./Drivers/STM32U3xx_HAL_Driver/Src/stm32u3xx_hal_dma.o
                0x080010e0                HAL_DMA_Init
 .text.HAL_DMA_Start_IT
                0x08001240       0xc0 ./Drivers/STM32U3xx_HAL_Driver/Src/stm32u3xx_hal_dma.o
                0x08001240                HAL_DMA_Start_IT
 .text.HAL_DMA_Abort
                0x08001300       0xf8 ./Drivers/STM32U3xx_HAL_Driver/Src/stm32u3xx_hal_dma.o
                0x08001300                HAL_DMA_Abort
 .text.HAL_DMA_Abort_IT
                0x080013f8       0x52 ./Drivers/STM32U3xx_HAL_Driver/Src/stm32u3xx_hal_dma.o
                0x080013f8                HAL_DMA_Abort_IT
 .text.HAL_DMA_IRQHandler
                0x0800144a      0x2c2 ./Drivers/STM32U3xx_HAL_Driver/Src/stm32u3xx_hal_dma.o
                0x0800144a                HAL_DMA_IRQHandler
 .text.HAL_DMA_GetError
                0x0800170c       0x18 ./Drivers/STM32U3xx_HAL_Driver/Src/stm32u3xx_hal_dma.o
                0x0800170c                HAL_DMA_GetError
 .text.HAL_DMA_ConfigChannelAttributes
                0x08001724       0x78 ./Drivers/STM32U3xx_HAL_Driver/Src/stm32u3xx_hal_dma.o
                0x08001724                HAL_DMA_ConfigChannelAttributes
 .text.DMA_SetConfig
                0x0800179c       0x4a ./Drivers/STM32U3xx_HAL_Driver/Src/stm32u3xx_hal_dma.o
 *fill*         0x080017e6        0x2 
 .text.DMA_Init
                0x080017e8      0x250 ./Drivers/STM32U3xx_HAL_Driver/Src/stm32u3xx_hal_dma.o
 .text.HAL_DMAEx_List_Start_IT
                0x08001a38      0x128 ./Drivers/STM32U3xx_HAL_Driver/Src/stm32u3xx_hal_dma_ex.o
                0x08001a38                HAL_DMAEx_List_Start_IT
 .text.HAL_DMAEx_ConfigDataHandling
                0x08001b60       0x66 ./Drivers/STM32U3xx_HAL_Driver/Src/stm32u3xx_hal_dma_ex.o
                0x08001b60                HAL_DMAEx_ConfigDataHandling
 *fill*         0x08001bc6        0x2 
 .text.DMA_List_GetCLLRNodeInfo
                0x08001bc8       0x60 ./Drivers/STM32U3xx_HAL_Driver/Src/stm32u3xx_hal_dma_ex.o
 .text.HAL_GPIO_Init
                0x08001c28      0x314 ./Drivers/STM32U3xx_HAL_Driver/Src/stm32u3xx_hal_gpio.o
                0x08001c28                HAL_GPIO_Init
 .text.HAL_GPIO_WritePin
                0x08001f3c       0x30 ./Drivers/STM32U3xx_HAL_Driver/Src/stm32u3xx_hal_gpio.o
                0x08001f3c                HAL_GPIO_WritePin
 .text.HAL_GPIO_TogglePin
                0x08001f6c       0x34 ./Drivers/STM32U3xx_HAL_Driver/Src/stm32u3xx_hal_gpio.o
                0x08001f6c                HAL_GPIO_TogglePin
 .text.HAL_GPIO_EXTI_IRQHandler
                0x08001fa0       0x4c ./Drivers/STM32U3xx_HAL_Driver/Src/stm32u3xx_hal_gpio.o
                0x08001fa0                HAL_GPIO_EXTI_IRQHandler
 .text.HAL_GPIO_EXTI_Falling_Callback
                0x08001fec       0x16 ./Drivers/STM32U3xx_HAL_Driver/Src/stm32u3xx_hal_gpio.o
                0x08001fec                HAL_GPIO_EXTI_Falling_Callback
 *fill*         0x08002002        0x2 
 .text.HAL_ICACHE_ConfigAssociativityMode
                0x08002004       0x40 ./Drivers/STM32U3xx_HAL_Driver/Src/stm32u3xx_hal_icache.o
                0x08002004                HAL_ICACHE_ConfigAssociativityMode
 .text.HAL_ICACHE_Enable
                0x08002044       0x20 ./Drivers/STM32U3xx_HAL_Driver/Src/stm32u3xx_hal_icache.o
                0x08002044                HAL_ICACHE_Enable
 .text.HAL_PWR_EnableBkUpAccess
                0x08002064       0x18 ./Drivers/STM32U3xx_HAL_Driver/Src/stm32u3xx_hal_pwr.o
                0x08002064                HAL_PWR_EnableBkUpAccess
 .text.HAL_PWR_EnterSTOPMode
                0x0800207c       0x60 ./Drivers/STM32U3xx_HAL_Driver/Src/stm32u3xx_hal_pwr.o
                0x0800207c                HAL_PWR_EnterSTOPMode
 .text.HAL_PWREx_ControlVoltageScaling
                0x080020dc       0x7c ./Drivers/STM32U3xx_HAL_Driver/Src/stm32u3xx_hal_pwr_ex.o
                0x080020dc                HAL_PWREx_ControlVoltageScaling
 .text.HAL_PWREx_EnableEpodBooster
                0x08002158       0x58 ./Drivers/STM32U3xx_HAL_Driver/Src/stm32u3xx_hal_pwr_ex.o
                0x08002158                HAL_PWREx_EnableEpodBooster
 .text.HAL_PWREx_ConfigSupply
                0x080021b0       0x98 ./Drivers/STM32U3xx_HAL_Driver/Src/stm32u3xx_hal_pwr_ex.o
                0x080021b0                HAL_PWREx_ConfigSupply
 .text.HAL_RCC_OscConfig
                0x08002248      0x6ac ./Drivers/STM32U3xx_HAL_Driver/Src/stm32u3xx_hal_rcc.o
                0x08002248                HAL_RCC_OscConfig
 .text.HAL_RCC_ClockConfig
                0x080028f4      0x1d8 ./Drivers/STM32U3xx_HAL_Driver/Src/stm32u3xx_hal_rcc.o
                0x080028f4                HAL_RCC_ClockConfig
 .text.HAL_RCC_GetSysClockFreq
                0x08002acc       0x90 ./Drivers/STM32U3xx_HAL_Driver/Src/stm32u3xx_hal_rcc.o
                0x08002acc                HAL_RCC_GetSysClockFreq
 .text.HAL_RCCEx_PeriphCLKConfig
                0x08002b5c      0x4dc ./Drivers/STM32U3xx_HAL_Driver/Src/stm32u3xx_hal_rcc_ex.o
                0x08002b5c                HAL_RCCEx_PeriphCLKConfig
 .text.HAL_RCCEx_EpodBoosterClkConfig
                0x08003038       0x88 ./Drivers/STM32U3xx_HAL_Driver/Src/stm32u3xx_hal_rcc_ex.o
                0x08003038                HAL_RCCEx_EpodBoosterClkConfig
 .text.HAL_RTC_Init
                0x080030c0      0x104 ./Drivers/STM32U3xx_HAL_Driver/Src/stm32u3xx_hal_rtc.o
                0x080030c0                HAL_RTC_Init
 .text.HAL_RTC_WaitForSynchro
                0x080031c4       0x64 ./Drivers/STM32U3xx_HAL_Driver/Src/stm32u3xx_hal_rtc.o
                0x080031c4                HAL_RTC_WaitForSynchro
 .text.RTC_EnterInitMode
                0x08003228       0x78 ./Drivers/STM32U3xx_HAL_Driver/Src/stm32u3xx_hal_rtc.o
                0x08003228                RTC_EnterInitMode
 .text.RTC_ExitInitMode
                0x080032a0       0x7c ./Drivers/STM32U3xx_HAL_Driver/Src/stm32u3xx_hal_rtc.o
                0x080032a0                RTC_ExitInitMode
 .text.HAL_RTCEx_SetWakeUpTimer
                0x0800331c       0xcc ./Drivers/STM32U3xx_HAL_Driver/Src/stm32u3xx_hal_rtc_ex.o
                0x0800331c                HAL_RTCEx_SetWakeUpTimer
 .text.HAL_RTCEx_PrivilegeModeSet
                0x080033e8       0x5c ./Drivers/STM32U3xx_HAL_Driver/Src/stm32u3xx_hal_rtc_ex.o
                0x080033e8                HAL_RTCEx_PrivilegeModeSet
 .text.HAL_SPI_Init
                0x08003444      0x1e0 ./Drivers/STM32U3xx_HAL_Driver/Src/stm32u3xx_hal_spi.o
                0x08003444                HAL_SPI_Init
 .text.HAL_SPI_TransmitReceive_DMA
                0x08003624      0x4f4 ./Drivers/STM32U3xx_HAL_Driver/Src/stm32u3xx_hal_spi.o
                0x08003624                HAL_SPI_TransmitReceive_DMA
 .text.HAL_SPI_IRQHandler
                0x08003b18      0x3a8 ./Drivers/STM32U3xx_HAL_Driver/Src/stm32u3xx_hal_spi.o
                0x08003b18                HAL_SPI_IRQHandler
 .text.HAL_SPI_TxCpltCallback
                0x08003ec0       0x14 ./Drivers/STM32U3xx_HAL_Driver/Src/stm32u3xx_hal_spi.o
                0x08003ec0                HAL_SPI_TxCpltCallback
 .text.HAL_SPI_RxCpltCallback
                0x08003ed4       0x14 ./Drivers/STM32U3xx_HAL_Driver/Src/stm32u3xx_hal_spi.o
                0x08003ed4                HAL_SPI_RxCpltCallback
 .text.HAL_SPI_TxRxCpltCallback
                0x08003ee8       0x14 ./Drivers/STM32U3xx_HAL_Driver/Src/stm32u3xx_hal_spi.o
                0x08003ee8                HAL_SPI_TxRxCpltCallback
 .text.HAL_SPI_TxRxHalfCpltCallback
                0x08003efc       0x14 ./Drivers/STM32U3xx_HAL_Driver/Src/stm32u3xx_hal_spi.o
                0x08003efc                HAL_SPI_TxRxHalfCpltCallback
 .text.HAL_SPI_ErrorCallback
                0x08003f10       0x14 ./Drivers/STM32U3xx_HAL_Driver/Src/stm32u3xx_hal_spi.o
                0x08003f10                HAL_SPI_ErrorCallback
 .text.HAL_SPI_SuspendCallback
                0x08003f24       0x14 ./Drivers/STM32U3xx_HAL_Driver/Src/stm32u3xx_hal_spi.o
                0x08003f24                HAL_SPI_SuspendCallback
 .text.SPI_DMATransmitReceiveCplt
                0x08003f38       0x52 ./Drivers/STM32U3xx_HAL_Driver/Src/stm32u3xx_hal_spi.o
 .text.SPI_DMAHalfTransmitReceiveCplt
                0x08003f8a       0x1c ./Drivers/STM32U3xx_HAL_Driver/Src/stm32u3xx_hal_spi.o
 .text.SPI_DMAError
                0x08003fa6       0x46 ./Drivers/STM32U3xx_HAL_Driver/Src/stm32u3xx_hal_spi.o
 .text.SPI_DMAAbortOnError
                0x08003fec       0x34 ./Drivers/STM32U3xx_HAL_Driver/Src/stm32u3xx_hal_spi.o
 .text.SPI_CloseTransfer
                0x08004020      0x140 ./Drivers/STM32U3xx_HAL_Driver/Src/stm32u3xx_hal_spi.o
 .text.SPI_GetPacketSize
                0x08004160       0x36 ./Drivers/STM32U3xx_HAL_Driver/Src/stm32u3xx_hal_spi.o
 .text.HAL_SPIEx_SetConfigAutonomousMode
                0x08004196       0x82 ./Drivers/STM32U3xx_HAL_Driver/Src/stm32u3xx_hal_spi_ex.o
                0x08004196                HAL_SPIEx_SetConfigAutonomousMode
 .text.memset   0x08004218       0x10 C:/ST/STM32CubeIDE_1.17.0/STM32CubeIDE/plugins/com.st.stm32cube.ide.mcu.externaltools.gnu-tools-for-stm32.13.3.rel1.win32_1.0.0.202411081344/tools/bin/../lib/gcc/arm-none-eabi/13.3.1/../../../../arm-none-eabi/lib/thumb/v8-m.main+fp/hard\libc_nano.a(libc_a-memset.o)
                0x08004218                memset
 .text.__libc_init_array
                0x08004228       0x48 C:/ST/STM32CubeIDE_1.17.0/STM32CubeIDE/plugins/com.st.stm32cube.ide.mcu.externaltools.gnu-tools-for-stm32.13.3.rel1.win32_1.0.0.202411081344/tools/bin/../lib/gcc/arm-none-eabi/13.3.1/../../../../arm-none-eabi/lib/thumb/v8-m.main+fp/hard\libc_nano.a(libc_a-init.o)
                0x08004228                __libc_init_array
 *(.glue_7)
 .glue_7        0x08004270        0x0 linker stubs
 *(.glue_7t)
 .glue_7t       0x08004270        0x0 linker stubs
 *(.eh_frame)
 .eh_frame      0x08004270        0x0 C:/ST/STM32CubeIDE_1.17.0/STM32CubeIDE/plugins/com.st.stm32cube.ide.mcu.externaltools.gnu-tools-for-stm32.13.3.rel1.win32_1.0.0.202411081344/tools/bin/../lib/gcc/arm-none-eabi/13.3.1/thumb/v8-m.main+fp/hard/crtbegin.o
 *(.init)
 .init          0x08004270        0x4 C:/ST/STM32CubeIDE_1.17.0/STM32CubeIDE/plugins/com.st.stm32cube.ide.mcu.externaltools.gnu-tools-for-stm32.13.3.rel1.win32_1.0.0.202411081344/tools/bin/../lib/gcc/arm-none-eabi/13.3.1/thumb/v8-m.main+fp/hard/crti.o
                0x08004270                _init
 .init          0x08004274        0x8 C:/ST/STM32CubeIDE_1.17.0/STM32CubeIDE/plugins/com.st.stm32cube.ide.mcu.externaltools.gnu-tools-for-stm32.13.3.rel1.win32_1.0.0.202411081344/tools/bin/../lib/gcc/arm-none-eabi/13.3.1/thumb/v8-m.main+fp/hard/crtn.o
 *(.fini)
 .fini          0x0800427c        0x4 C:/ST/STM32CubeIDE_1.17.0/STM32CubeIDE/plugins/com.st.stm32cube.ide.mcu.externaltools.gnu-tools-for-stm32.13.3.rel1.win32_1.0.0.202411081344/tools/bin/../lib/gcc/arm-none-eabi/13.3.1/thumb/v8-m.main+fp/hard/crti.o
                0x0800427c                _fini
 .fini          0x08004280        0x8 C:/ST/STM32CubeIDE_1.17.0/STM32CubeIDE/plugins/com.st.stm32cube.ide.mcu.externaltools.gnu-tools-for-stm32.13.3.rel1.win32_1.0.0.202411081344/tools/bin/../lib/gcc/arm-none-eabi/13.3.1/thumb/v8-m.main+fp/hard/crtn.o
                0x08004288                        . = ALIGN (0x4)
                0x08004288                        _etext = .

.vfp11_veneer   0x08004288        0x0
 .vfp11_veneer  0x08004288        0x0 linker stubs

.v4_bx          0x08004288        0x0
 .v4_bx         0x08004288        0x0 linker stubs

.iplt           0x08004288        0x0
 .iplt          0x08004288        0x0 C:/ST/STM32CubeIDE_1.17.0/STM32CubeIDE/plugins/com.st.stm32cube.ide.mcu.externaltools.gnu-tools-for-stm32.13.3.rel1.win32_1.0.0.202411081344/tools/bin/../lib/gcc/arm-none-eabi/13.3.1/thumb/v8-m.main+fp/hard/crtbegin.o

.rodata         0x08004288       0x10
                0x08004288                        . = ALIGN (0x4)
 *(.rodata)
 *(.rodata*)
 .rodata.AHBPrescTable
                0x08004288       0x10 ./Core/Src/system_stm32u3xx.o
                0x08004288                AHBPrescTable
                0x08004298                        . = ALIGN (0x4)

.ARM.extab      0x08004298        0x0
                0x08004298                        . = ALIGN (0x4)
 *(.ARM.extab* .gnu.linkonce.armextab.*)
                0x08004298                        . = ALIGN (0x4)

.ARM            0x08004298        0x0
                0x08004298                        . = ALIGN (0x4)
                0x08004298                        __exidx_start = .
 *(.ARM.exidx*)
                0x08004298                        __exidx_end = .
                0x08004298                        . = ALIGN (0x4)

.preinit_array  0x08004298        0x0
                0x08004298                        . = ALIGN (0x4)
                0x08004298                        PROVIDE (__preinit_array_start = .)
 *(.preinit_array*)
                0x08004298                        PROVIDE (__preinit_array_end = .)
                0x08004298                        . = ALIGN (0x4)

.init_array     0x08004298        0x4
                0x08004298                        . = ALIGN (0x4)
                0x08004298                        PROVIDE (__init_array_start = .)
 *(SORT_BY_NAME(.init_array.*))
 *(.init_array*)
 .init_array    0x08004298        0x4 C:/ST/STM32CubeIDE_1.17.0/STM32CubeIDE/plugins/com.st.stm32cube.ide.mcu.externaltools.gnu-tools-for-stm32.13.3.rel1.win32_1.0.0.202411081344/tools/bin/../lib/gcc/arm-none-eabi/13.3.1/thumb/v8-m.main+fp/hard/crtbegin.o
                0x0800429c                        PROVIDE (__init_array_end = .)
                0x0800429c                        . = ALIGN (0x4)

.fini_array     0x0800429c        0x4
                0x0800429c                        . = ALIGN (0x4)
                [!provide]                        PROVIDE (__fini_array_start = .)
 *(SORT_BY_NAME(.fini_array.*))
 *(.fini_array*)
 .fini_array    0x0800429c        0x4 C:/ST/STM32CubeIDE_1.17.0/STM32CubeIDE/plugins/com.st.stm32cube.ide.mcu.externaltools.gnu-tools-for-stm32.13.3.rel1.win32_1.0.0.202411081344/tools/bin/../lib/gcc/arm-none-eabi/13.3.1/thumb/v8-m.main+fp/hard/crtbegin.o
                [!provide]                        PROVIDE (__fini_array_end = .)
                0x080042a0                        . = ALIGN (0x4)
                0x080042a0                        _sidata = LOADADDR (.data)

.rel.dyn        0x080042a0        0x0
 .rel.iplt      0x080042a0        0x0 C:/ST/STM32CubeIDE_1.17.0/STM32CubeIDE/plugins/com.st.stm32cube.ide.mcu.externaltools.gnu-tools-for-stm32.13.3.rel1.win32_1.0.0.202411081344/tools/bin/../lib/gcc/arm-none-eabi/13.3.1/thumb/v8-m.main+fp/hard/crtbegin.o

.data           0x20000000       0x84 load address 0x080042a0
                0x20000000                        . = ALIGN (0x4)
                0x20000000                        _sdata = .
 *(.data)
 *(.data*)
 .data.aTxBuffer
                0x20000000       0x78 ./Core/Src/main.o
                0x20000000                aTxBuffer
 .data.SystemCoreClock
                0x20000078        0x4 ./Core/Src/system_stm32u3xx.o
                0x20000078                SystemCoreClock
 .data.uwTickPrio
                0x2000007c        0x4 ./Drivers/STM32U3xx_HAL_Driver/Src/stm32u3xx_hal.o
                0x2000007c                uwTickPrio
 .data.uwTickFreq
                0x20000080        0x1 ./Drivers/STM32U3xx_HAL_Driver/Src/stm32u3xx_hal.o
                0x20000080                uwTickFreq
 *(.RamFunc)
 *(.RamFunc*)
                0x20000084                        . = ALIGN (0x4)
 *fill*         0x20000081        0x3 
                0x20000084                        _edata = .

.igot.plt       0x20000084        0x0 load address 0x08004324
 .igot.plt      0x20000084        0x0 C:/ST/STM32CubeIDE_1.17.0/STM32CubeIDE/plugins/com.st.stm32cube.ide.mcu.externaltools.gnu-tools-for-stm32.13.3.rel1.win32_1.0.0.202411081344/tools/bin/../lib/gcc/arm-none-eabi/13.3.1/thumb/v8-m.main+fp/hard/crtbegin.o
                0x20000084                        . = ALIGN (0x4)

.bss            0x20000084      0x248 load address 0x08004324
                0x20000084                        _sbss = .
                0x20000084                        __bss_start__ = _sbss
 *(.bss)
 .bss           0x20000084       0x1c C:/ST/STM32CubeIDE_1.17.0/STM32CubeIDE/plugins/com.st.stm32cube.ide.mcu.externaltools.gnu-tools-for-stm32.13.3.rel1.win32_1.0.0.202411081344/tools/bin/../lib/gcc/arm-none-eabi/13.3.1/thumb/v8-m.main+fp/hard/crtbegin.o
 *(.bss*)
 .bss.hrtc      0x200000a0       0x30 ./Core/Src/main.o
                0x200000a0                hrtc
 .bss.hspi1     0x200000d0       0x90 ./Core/Src/main.o
                0x200000d0                hspi1
 .bss.handle_GPDMA1_Channel7
                0x20000160       0x78 ./Core/Src/main.o
                0x20000160                handle_GPDMA1_Channel7
 .bss.handle_GPDMA1_Channel6
                0x200001d8       0x78 ./Core/Src/main.o
                0x200001d8                handle_GPDMA1_Channel6
 .bss.aRxBuffer
                0x20000250       0x78 ./Core/Src/main.o
 .bss.uwTick    0x200002c8        0x4 ./Drivers/STM32U3xx_HAL_Driver/Src/stm32u3xx_hal.o
                0x200002c8                uwTick
 *(COMMON)
                0x200002cc                        . = ALIGN (0x4)
                0x200002cc                        _ebss = .
                0x200002cc                        __bss_end__ = _ebss

._user_heap_stack
                0x200002cc      0x604 load address 0x08004324
                0x200002d0                        . = ALIGN (0x8)
 *fill*         0x200002cc        0x4 
                [!provide]                        PROVIDE (end = .)
                0x200002d0                        PROVIDE (_end = .)
                0x200004d0                        . = (. + _Min_Heap_Size)
 *fill*         0x200002d0      0x200 
                0x200008d0                        . = (. + _Min_Stack_Size)
 *fill*         0x200004d0      0x400 
                0x200008d0                        . = ALIGN (0x8)

/DISCARD/
 libc.a(*)
 libm.a(*)
 libgcc.a(*)

.ARM.attributes
                0x00000000       0x36
 *(.ARM.attributes)
 .ARM.attributes
                0x00000000       0x26 C:/ST/STM32CubeIDE_1.17.0/STM32CubeIDE/plugins/com.st.stm32cube.ide.mcu.externaltools.gnu-tools-for-stm32.13.3.rel1.win32_1.0.0.202411081344/tools/bin/../lib/gcc/arm-none-eabi/13.3.1/thumb/v8-m.main+fp/hard/crti.o
 .ARM.attributes
                0x00000026       0x38 C:/ST/STM32CubeIDE_1.17.0/STM32CubeIDE/plugins/com.st.stm32cube.ide.mcu.externaltools.gnu-tools-for-stm32.13.3.rel1.win32_1.0.0.202411081344/tools/bin/../lib/gcc/arm-none-eabi/13.3.1/thumb/v8-m.main+fp/hard/crtbegin.o
 .ARM.attributes
                0x0000005e       0x3a ./Core/Src/main.o
 .ARM.attributes
                0x00000098       0x3a ./Core/Src/stm32u3xx_hal_msp.o
 .ARM.attributes
                0x000000d2       0x3a ./Core/Src/stm32u3xx_it.o
 .ARM.attributes
                0x0000010c       0x3a ./Core/Src/system_stm32u3xx.o
 .ARM.attributes
                0x00000146       0x24 ./Core/Startup/startup_stm32u385rgtxq.o
 .ARM.attributes
                0x0000016a       0x3a ./Drivers/STM32U3xx_HAL_Driver/Src/stm32u3xx_hal.o
 .ARM.attributes
                0x000001a4       0x3a ./Drivers/STM32U3xx_HAL_Driver/Src/stm32u3xx_hal_cortex.o
 .ARM.attributes
                0x000001de       0x3a ./Drivers/STM32U3xx_HAL_Driver/Src/stm32u3xx_hal_dma.o
 .ARM.attributes
                0x00000218       0x3a ./Drivers/STM32U3xx_HAL_Driver/Src/stm32u3xx_hal_dma_ex.o
 .ARM.attributes
                0x00000252       0x3a ./Drivers/STM32U3xx_HAL_Driver/Src/stm32u3xx_hal_gpio.o
 .ARM.attributes
                0x0000028c       0x3a ./Drivers/STM32U3xx_HAL_Driver/Src/stm32u3xx_hal_icache.o
 .ARM.attributes
                0x000002c6       0x3a ./Drivers/STM32U3xx_HAL_Driver/Src/stm32u3xx_hal_pwr.o
 .ARM.attributes
                0x00000300       0x3a ./Drivers/STM32U3xx_HAL_Driver/Src/stm32u3xx_hal_pwr_ex.o
 .ARM.attributes
                0x0000033a       0x3a ./Drivers/STM32U3xx_HAL_Driver/Src/stm32u3xx_hal_rcc.o
 .ARM.attributes
                0x00000374       0x3a ./Drivers/STM32U3xx_HAL_Driver/Src/stm32u3xx_hal_rcc_ex.o
 .ARM.attributes
                0x000003ae       0x3a ./Drivers/STM32U3xx_HAL_Driver/Src/stm32u3xx_hal_rtc.o
 .ARM.attributes
                0x000003e8       0x3a ./Drivers/STM32U3xx_HAL_Driver/Src/stm32u3xx_hal_rtc_ex.o
 .ARM.attributes
                0x00000422       0x3a ./Drivers/STM32U3xx_HAL_Driver/Src/stm32u3xx_hal_spi.o
 .ARM.attributes
                0x0000045c       0x3a ./Drivers/STM32U3xx_HAL_Driver/Src/stm32u3xx_hal_spi_ex.o
 .ARM.attributes
                0x00000496       0x38 C:/ST/STM32CubeIDE_1.17.0/STM32CubeIDE/plugins/com.st.stm32cube.ide.mcu.externaltools.gnu-tools-for-stm32.13.3.rel1.win32_1.0.0.202411081344/tools/bin/../lib/gcc/arm-none-eabi/13.3.1/../../../../arm-none-eabi/lib/thumb/v8-m.main+fp/hard\libc_nano.a(libc_a-memset.o)
 .ARM.attributes
                0x000004ce       0x38 C:/ST/STM32CubeIDE_1.17.0/STM32CubeIDE/plugins/com.st.stm32cube.ide.mcu.externaltools.gnu-tools-for-stm32.13.3.rel1.win32_1.0.0.202411081344/tools/bin/../lib/gcc/arm-none-eabi/13.3.1/../../../../arm-none-eabi/lib/thumb/v8-m.main+fp/hard\libc_nano.a(libc_a-init.o)
 .ARM.attributes
                0x00000506       0x26 C:/ST/STM32CubeIDE_1.17.0/STM32CubeIDE/plugins/com.st.stm32cube.ide.mcu.externaltools.gnu-tools-for-stm32.13.3.rel1.win32_1.0.0.202411081344/tools/bin/../lib/gcc/arm-none-eabi/13.3.1/thumb/v8-m.main+fp/hard/crtn.o
OUTPUT(SPI_Auto_test.elf elf32-littlearm)
LOAD linker stubs
LOAD C:/ST/STM32CubeIDE_1.17.0/STM32CubeIDE/plugins/com.st.stm32cube.ide.mcu.externaltools.gnu-tools-for-stm32.13.3.rel1.win32_1.0.0.202411081344/tools/bin/../lib/gcc/arm-none-eabi/13.3.1/../../../../arm-none-eabi/lib/thumb/v8-m.main+fp/hard\libc.a
LOAD C:/ST/STM32CubeIDE_1.17.0/STM32CubeIDE/plugins/com.st.stm32cube.ide.mcu.externaltools.gnu-tools-for-stm32.13.3.rel1.win32_1.0.0.202411081344/tools/bin/../lib/gcc/arm-none-eabi/13.3.1/../../../../arm-none-eabi/lib/thumb/v8-m.main+fp/hard\libm.a
LOAD C:/ST/STM32CubeIDE_1.17.0/STM32CubeIDE/plugins/com.st.stm32cube.ide.mcu.externaltools.gnu-tools-for-stm32.13.3.rel1.win32_1.0.0.202411081344/tools/bin/../lib/gcc/arm-none-eabi/13.3.1/thumb/v8-m.main+fp/hard\libgcc.a

.debug_info     0x00000000    0x14343
 .debug_info    0x00000000     0x1c06 ./Core/Src/main.o
 .debug_info    0x00001c06     0x16ab ./Core/Src/stm32u3xx_hal_msp.o
 .debug_info    0x000032b1      0xd1c ./Core/Src/stm32u3xx_it.o
 .debug_info    0x00003fcd      0x8c4 ./Core/Src/system_stm32u3xx.o
 .debug_info    0x00004891       0x30 ./Core/Startup/startup_stm32u385rgtxq.o
 .debug_info    0x000048c1     0x140d ./Drivers/STM32U3xx_HAL_Driver/Src/stm32u3xx_hal.o
 .debug_info    0x00005cce     0x15a9 ./Drivers/STM32U3xx_HAL_Driver/Src/stm32u3xx_hal_cortex.o
 .debug_info    0x00007277      0xe3c ./Drivers/STM32U3xx_HAL_Driver/Src/stm32u3xx_hal_dma.o
 .debug_info    0x000080b3     0x1ccb ./Drivers/STM32U3xx_HAL_Driver/Src/stm32u3xx_hal_dma_ex.o
 .debug_info    0x00009d7e      0x9d3 ./Drivers/STM32U3xx_HAL_Driver/Src/stm32u3xx_hal_gpio.o
 .debug_info    0x0000a751      0x832 ./Drivers/STM32U3xx_HAL_Driver/Src/stm32u3xx_hal_icache.o
 .debug_info    0x0000af83     0x11da ./Drivers/STM32U3xx_HAL_Driver/Src/stm32u3xx_hal_pwr.o
 .debug_info    0x0000c15d      0xeea ./Drivers/STM32U3xx_HAL_Driver/Src/stm32u3xx_hal_pwr_ex.o
 .debug_info    0x0000d047     0x107a ./Drivers/STM32U3xx_HAL_Driver/Src/stm32u3xx_hal_rcc.o
 .debug_info    0x0000e0c1      0xee7 ./Drivers/STM32U3xx_HAL_Driver/Src/stm32u3xx_hal_rcc_ex.o
 .debug_info    0x0000efa8     0x1192 ./Drivers/STM32U3xx_HAL_Driver/Src/stm32u3xx_hal_rtc.o
 .debug_info    0x0001013a     0x1b0c ./Drivers/STM32U3xx_HAL_Driver/Src/stm32u3xx_hal_rtc_ex.o
 .debug_info    0x00011c46     0x1911 ./Drivers/STM32U3xx_HAL_Driver/Src/stm32u3xx_hal_spi.o
 .debug_info    0x00013557      0xdec ./Drivers/STM32U3xx_HAL_Driver/Src/stm32u3xx_hal_spi_ex.o

.debug_abbrev   0x00000000     0x2ae8
 .debug_abbrev  0x00000000      0x322 ./Core/Src/main.o
 .debug_abbrev  0x00000322      0x26c ./Core/Src/stm32u3xx_hal_msp.o
 .debug_abbrev  0x0000058e      0x1de ./Core/Src/stm32u3xx_it.o
 .debug_abbrev  0x0000076c      0x142 ./Core/Src/system_stm32u3xx.o
 .debug_abbrev  0x000008ae       0x24 ./Core/Startup/startup_stm32u385rgtxq.o
 .debug_abbrev  0x000008d2      0x344 ./Drivers/STM32U3xx_HAL_Driver/Src/stm32u3xx_hal.o
 .debug_abbrev  0x00000c16      0x312 ./Drivers/STM32U3xx_HAL_Driver/Src/stm32u3xx_hal_cortex.o
 .debug_abbrev  0x00000f28      0x232 ./Drivers/STM32U3xx_HAL_Driver/Src/stm32u3xx_hal_dma.o
 .debug_abbrev  0x0000115a      0x261 ./Drivers/STM32U3xx_HAL_Driver/Src/stm32u3xx_hal_dma_ex.o
 .debug_abbrev  0x000013bb      0x1fb ./Drivers/STM32U3xx_HAL_Driver/Src/stm32u3xx_hal_gpio.o
 .debug_abbrev  0x000015b6      0x25c ./Drivers/STM32U3xx_HAL_Driver/Src/stm32u3xx_hal_icache.o
 .debug_abbrev  0x00001812      0x25c ./Drivers/STM32U3xx_HAL_Driver/Src/stm32u3xx_hal_pwr.o
 .debug_abbrev  0x00001a6e      0x20f ./Drivers/STM32U3xx_HAL_Driver/Src/stm32u3xx_hal_pwr_ex.o
 .debug_abbrev  0x00001c7d      0x2c8 ./Drivers/STM32U3xx_HAL_Driver/Src/stm32u3xx_hal_rcc.o
 .debug_abbrev  0x00001f45      0x24a ./Drivers/STM32U3xx_HAL_Driver/Src/stm32u3xx_hal_rcc_ex.o
 .debug_abbrev  0x0000218f      0x23b ./Drivers/STM32U3xx_HAL_Driver/Src/stm32u3xx_hal_rtc.o
 .debug_abbrev  0x000023ca      0x241 ./Drivers/STM32U3xx_HAL_Driver/Src/stm32u3xx_hal_rtc_ex.o
 .debug_abbrev  0x0000260b      0x2e4 ./Drivers/STM32U3xx_HAL_Driver/Src/stm32u3xx_hal_spi.o
 .debug_abbrev  0x000028ef      0x1f9 ./Drivers/STM32U3xx_HAL_Driver/Src/stm32u3xx_hal_spi_ex.o

.debug_aranges  0x00000000     0x1110
 .debug_aranges
                0x00000000       0x68 ./Core/Src/main.o
 .debug_aranges
                0x00000068       0x40 ./Core/Src/stm32u3xx_hal_msp.o
 .debug_aranges
                0x000000a8       0x80 ./Core/Src/stm32u3xx_it.o
 .debug_aranges
                0x00000128       0x28 ./Core/Src/system_stm32u3xx.o
 .debug_aranges
                0x00000150       0x28 ./Core/Startup/startup_stm32u385rgtxq.o
 .debug_aranges
                0x00000178      0x168 ./Drivers/STM32U3xx_HAL_Driver/Src/stm32u3xx_hal.o
 .debug_aranges
                0x000002e0      0x148 ./Drivers/STM32U3xx_HAL_Driver/Src/stm32u3xx_hal_cortex.o
 .debug_aranges
                0x00000428       0xa0 ./Drivers/STM32U3xx_HAL_Driver/Src/stm32u3xx_hal_dma.o
 .debug_aranges
                0x000004c8      0x1a0 ./Drivers/STM32U3xx_HAL_Driver/Src/stm32u3xx_hal_dma_ex.o
 .debug_aranges
                0x00000668       0x80 ./Drivers/STM32U3xx_HAL_Driver/Src/stm32u3xx_hal_gpio.o
 .debug_aranges
                0x000006e8       0xa8 ./Drivers/STM32U3xx_HAL_Driver/Src/stm32u3xx_hal_icache.o
 .debug_aranges
                0x00000790      0x1a0 ./Drivers/STM32U3xx_HAL_Driver/Src/stm32u3xx_hal_pwr.o
 .debug_aranges
                0x00000930      0x140 ./Drivers/STM32U3xx_HAL_Driver/Src/stm32u3xx_hal_pwr_ex.o
 .debug_aranges
                0x00000a70       0xb0 ./Drivers/STM32U3xx_HAL_Driver/Src/stm32u3xx_hal_rcc.o
 .debug_aranges
                0x00000b20       0xe8 ./Drivers/STM32U3xx_HAL_Driver/Src/stm32u3xx_hal_rcc_ex.o
 .debug_aranges
                0x00000c08       0xe8 ./Drivers/STM32U3xx_HAL_Driver/Src/stm32u3xx_hal_rtc.o
 .debug_aranges
                0x00000cf0      0x230 ./Drivers/STM32U3xx_HAL_Driver/Src/stm32u3xx_hal_rtc_ex.o
 .debug_aranges
                0x00000f20      0x1a8 ./Drivers/STM32U3xx_HAL_Driver/Src/stm32u3xx_hal_spi.o
 .debug_aranges
                0x000010c8       0x48 ./Drivers/STM32U3xx_HAL_Driver/Src/stm32u3xx_hal_spi_ex.o

.debug_rnglists
                0x00000000      0xcea
 .debug_rnglists
                0x00000000       0x4e ./Core/Src/main.o
 .debug_rnglists
                0x0000004e       0x2d ./Core/Src/stm32u3xx_hal_msp.o
 .debug_rnglists
                0x0000007b       0x5b ./Core/Src/stm32u3xx_it.o
 .debug_rnglists
                0x000000d6       0x1a ./Core/Src/system_stm32u3xx.o
 .debug_rnglists
                0x000000f0       0x19 ./Core/Startup/startup_stm32u385rgtxq.o
 .debug_rnglists
                0x00000109      0x10c ./Drivers/STM32U3xx_HAL_Driver/Src/stm32u3xx_hal.o
 .debug_rnglists
                0x00000215       0xf2 ./Drivers/STM32U3xx_HAL_Driver/Src/stm32u3xx_hal_cortex.o
 .debug_rnglists
                0x00000307       0x7e ./Drivers/STM32U3xx_HAL_Driver/Src/stm32u3xx_hal_dma.o
 .debug_rnglists
                0x00000385      0x155 ./Drivers/STM32U3xx_HAL_Driver/Src/stm32u3xx_hal_dma_ex.o
 .debug_rnglists
                0x000004da       0x5d ./Drivers/STM32U3xx_HAL_Driver/Src/stm32u3xx_hal_gpio.o
 .debug_rnglists
                0x00000537       0x7a ./Drivers/STM32U3xx_HAL_Driver/Src/stm32u3xx_hal_icache.o
 .debug_rnglists
                0x000005b1      0x138 ./Drivers/STM32U3xx_HAL_Driver/Src/stm32u3xx_hal_pwr.o
 .debug_rnglists
                0x000006e9       0xf0 ./Drivers/STM32U3xx_HAL_Driver/Src/stm32u3xx_hal_pwr_ex.o
 .debug_rnglists
                0x000007d9       0x85 ./Drivers/STM32U3xx_HAL_Driver/Src/stm32u3xx_hal_rcc.o
 .debug_rnglists
                0x0000085e       0xb2 ./Drivers/STM32U3xx_HAL_Driver/Src/stm32u3xx_hal_rcc_ex.o
 .debug_rnglists
                0x00000910       0xb3 ./Drivers/STM32U3xx_HAL_Driver/Src/stm32u3xx_hal_rtc.o
 .debug_rnglists
                0x000009c3      0x1ab ./Drivers/STM32U3xx_HAL_Driver/Src/stm32u3xx_hal_rtc_ex.o
 .debug_rnglists
                0x00000b6e      0x148 ./Drivers/STM32U3xx_HAL_Driver/Src/stm32u3xx_hal_spi.o
 .debug_rnglists
                0x00000cb6       0x34 ./Drivers/STM32U3xx_HAL_Driver/Src/stm32u3xx_hal_spi_ex.o

.debug_macro    0x00000000    0x2d516
 .debug_macro   0x00000000      0x29a ./Core/Src/main.o
 .debug_macro   0x0000029a      0xade ./Core/Src/main.o
 .debug_macro   0x00000d78      0x1dd ./Core/Src/main.o
 .debug_macro   0x00000f55       0x2e ./Core/Src/main.o
 .debug_macro   0x00000f83       0x42 ./Core/Src/main.o
 .debug_macro   0x00000fc5       0x22 ./Core/Src/main.o
 .debug_macro   0x00000fe7       0x8e ./Core/Src/main.o
 .debug_macro   0x00001075       0x51 ./Core/Src/main.o
 .debug_macro   0x000010c6      0x103 ./Core/Src/main.o
 .debug_macro   0x000011c9       0x6a ./Core/Src/main.o
 .debug_macro   0x00001233      0x1df ./Core/Src/main.o
 .debug_macro   0x00001412       0x1c ./Core/Src/main.o
 .debug_macro   0x0000142e       0x29 ./Core/Src/main.o
 .debug_macro   0x00001457       0xfb ./Core/Src/main.o
 .debug_macro   0x00001552     0x1685 ./Core/Src/main.o
 .debug_macro   0x00002bd7       0x5e ./Core/Src/main.o
 .debug_macro   0x00002c35    0x1df2a ./Core/Src/main.o
 .debug_macro   0x00020b5f       0x6c ./Core/Src/main.o
 .debug_macro   0x00020bcb     0x3432 ./Core/Src/main.o
 .debug_macro   0x00023ffd      0x190 ./Core/Src/main.o
 .debug_macro   0x0002418d       0x61 ./Core/Src/main.o
 .debug_macro   0x000241ee       0x2a ./Core/Src/main.o
 .debug_macro   0x00024218       0x43 ./Core/Src/main.o
 .debug_macro   0x0002425b       0x34 ./Core/Src/main.o
 .debug_macro   0x0002428f      0x370 ./Core/Src/main.o
 .debug_macro   0x000245ff       0x16 ./Core/Src/main.o
 .debug_macro   0x00024615       0x4a ./Core/Src/main.o
 .debug_macro   0x0002465f       0x34 ./Core/Src/main.o
 .debug_macro   0x00024693       0x10 ./Core/Src/main.o
 .debug_macro   0x000246a3       0x58 ./Core/Src/main.o
 .debug_macro   0x000246fb       0x8e ./Core/Src/main.o
 .debug_macro   0x00024789       0x1c ./Core/Src/main.o
 .debug_macro   0x000247a5      0x185 ./Core/Src/main.o
 .debug_macro   0x0002492a      0x19b ./Core/Src/main.o
 .debug_macro   0x00024ac5       0x5d ./Core/Src/main.o
 .debug_macro   0x00024b22      0x914 ./Core/Src/main.o
 .debug_macro   0x00025436     0x1750 ./Core/Src/main.o
 .debug_macro   0x00026b86      0x837 ./Core/Src/main.o
 .debug_macro   0x000273bd      0x1dd ./Core/Src/main.o
 .debug_macro   0x0002759a      0x1c9 ./Core/Src/main.o
 .debug_macro   0x00027763      0x47f ./Core/Src/main.o
 .debug_macro   0x00027be2      0x313 ./Core/Src/main.o
 .debug_macro   0x00027ef5       0xd6 ./Core/Src/main.o
 .debug_macro   0x00027fcb      0x1d5 ./Core/Src/main.o
 .debug_macro   0x000281a0      0x1b0 ./Core/Src/main.o
 .debug_macro   0x00028350      0x439 ./Core/Src/main.o
 .debug_macro   0x00028789       0xd8 ./Core/Src/main.o
 .debug_macro   0x00028861      0x11c ./Core/Src/main.o
 .debug_macro   0x0002897d       0xc9 ./Core/Src/main.o
 .debug_macro   0x00028a46      0x511 ./Core/Src/main.o
 .debug_macro   0x00028f57      0x23b ./Core/Src/main.o
 .debug_macro   0x00029192      0x31a ./Core/Src/main.o
 .debug_macro   0x000294ac      0x845 ./Core/Src/main.o
 .debug_macro   0x00029cf1       0xe4 ./Core/Src/main.o
 .debug_macro   0x00029dd5      0x5cf ./Core/Src/main.o
 .debug_macro   0x0002a3a4       0xed ./Core/Src/main.o
 .debug_macro   0x0002a491       0xeb ./Core/Src/main.o
 .debug_macro   0x0002a57c      0x37b ./Core/Src/main.o
 .debug_macro   0x0002a8f7      0x294 ./Core/Src/stm32u3xx_hal_msp.o
 .debug_macro   0x0002ab8b      0x29e ./Core/Src/stm32u3xx_it.o
 .debug_macro   0x0002ae29      0x28a ./Core/Src/system_stm32u3xx.o
 .debug_macro   0x0002b0b3      0x290 ./Drivers/STM32U3xx_HAL_Driver/Src/stm32u3xx_hal.o
 .debug_macro   0x0002b343      0x28b ./Drivers/STM32U3xx_HAL_Driver/Src/stm32u3xx_hal_cortex.o
 .debug_macro   0x0002b5ce      0x28b ./Drivers/STM32U3xx_HAL_Driver/Src/stm32u3xx_hal_dma.o
 .debug_macro   0x0002b859      0x28b ./Drivers/STM32U3xx_HAL_Driver/Src/stm32u3xx_hal_dma_ex.o
 .debug_macro   0x0002bae4      0x291 ./Drivers/STM32U3xx_HAL_Driver/Src/stm32u3xx_hal_gpio.o
 .debug_macro   0x0002bd75      0x2bc ./Drivers/STM32U3xx_HAL_Driver/Src/stm32u3xx_hal_icache.o
 .debug_macro   0x0002c031      0x2c3 ./Drivers/STM32U3xx_HAL_Driver/Src/stm32u3xx_hal_pwr.o
 .debug_macro   0x0002c2f4      0x29f ./Drivers/STM32U3xx_HAL_Driver/Src/stm32u3xx_hal_pwr_ex.o
 .debug_macro   0x0002c593      0x2ba ./Drivers/STM32U3xx_HAL_Driver/Src/stm32u3xx_hal_rcc.o
 .debug_macro   0x0002c84d      0x290 ./Drivers/STM32U3xx_HAL_Driver/Src/stm32u3xx_hal_rcc_ex.o
 .debug_macro   0x0002cadd      0x28b ./Drivers/STM32U3xx_HAL_Driver/Src/stm32u3xx_hal_rtc.o
 .debug_macro   0x0002cd68      0x292 ./Drivers/STM32U3xx_HAL_Driver/Src/stm32u3xx_hal_rtc_ex.o
 .debug_macro   0x0002cffa      0x292 ./Drivers/STM32U3xx_HAL_Driver/Src/stm32u3xx_hal_spi.o
 .debug_macro   0x0002d28c      0x28a ./Drivers/STM32U3xx_HAL_Driver/Src/stm32u3xx_hal_spi_ex.o

.debug_line     0x00000000    0x13344
 .debug_line    0x00000000      0xb2c ./Core/Src/main.o
 .debug_line    0x00000b2c      0xa1a ./Core/Src/stm32u3xx_hal_msp.o
 .debug_line    0x00001546      0x9b7 ./Core/Src/stm32u3xx_it.o
 .debug_line    0x00001efd      0x90d ./Core/Src/system_stm32u3xx.o
 .debug_line    0x0000280a       0x79 ./Core/Startup/startup_stm32u385rgtxq.o
 .debug_line    0x00002883      0xea3 ./Drivers/STM32U3xx_HAL_Driver/Src/stm32u3xx_hal.o
 .debug_line    0x00003726      0xeed ./Drivers/STM32U3xx_HAL_Driver/Src/stm32u3xx_hal_cortex.o
 .debug_line    0x00004613     0x11d6 ./Drivers/STM32U3xx_HAL_Driver/Src/stm32u3xx_hal_dma.o
 .debug_line    0x000057e9     0x269d ./Drivers/STM32U3xx_HAL_Driver/Src/stm32u3xx_hal_dma_ex.o
 .debug_line    0x00007e86      0xd87 ./Drivers/STM32U3xx_HAL_Driver/Src/stm32u3xx_hal_gpio.o
 .debug_line    0x00008c0d      0xb9e ./Drivers/STM32U3xx_HAL_Driver/Src/stm32u3xx_hal_icache.o
 .debug_line    0x000097ab      0xff9 ./Drivers/STM32U3xx_HAL_Driver/Src/stm32u3xx_hal_pwr.o
 .debug_line    0x0000a7a4      0xd8a ./Drivers/STM32U3xx_HAL_Driver/Src/stm32u3xx_hal_pwr_ex.o
 .debug_line    0x0000b52e     0x1251 ./Drivers/STM32U3xx_HAL_Driver/Src/stm32u3xx_hal_rcc.o
 .debug_line    0x0000c77f     0x14f6 ./Drivers/STM32U3xx_HAL_Driver/Src/stm32u3xx_hal_rcc_ex.o
 .debug_line    0x0000dc75     0x1187 ./Drivers/STM32U3xx_HAL_Driver/Src/stm32u3xx_hal_rtc.o
 .debug_line    0x0000edfc     0x15f4 ./Drivers/STM32U3xx_HAL_Driver/Src/stm32u3xx_hal_rtc_ex.o
 .debug_line    0x000103f0     0x24dc ./Drivers/STM32U3xx_HAL_Driver/Src/stm32u3xx_hal_spi.o
 .debug_line    0x000128cc      0xa78 ./Drivers/STM32U3xx_HAL_Driver/Src/stm32u3xx_hal_spi_ex.o

.debug_str      0x00000000   0x11adb5
 .debug_str     0x00000000   0x11adb5 ./Core/Src/main.o
                             0x11679e (size before relaxing)
 .debug_str     0x0011adb5   0x116493 ./Core/Src/stm32u3xx_hal_msp.o
 .debug_str     0x0011adb5   0x115a24 ./Core/Src/stm32u3xx_it.o
 .debug_str     0x0011adb5   0x115381 ./Core/Src/system_stm32u3xx.o
 .debug_str     0x0011adb5       0xaa ./Core/Startup/startup_stm32u385rgtxq.o
 .debug_str     0x0011adb5   0x116052 ./Drivers/STM32U3xx_HAL_Driver/Src/stm32u3xx_hal.o
 .debug_str     0x0011adb5   0x115e93 ./Drivers/STM32U3xx_HAL_Driver/Src/stm32u3xx_hal_cortex.o
 .debug_str     0x0011adb5   0x11596a ./Drivers/STM32U3xx_HAL_Driver/Src/stm32u3xx_hal_dma.o
 .debug_str     0x0011adb5   0x115fd6 ./Drivers/STM32U3xx_HAL_Driver/Src/stm32u3xx_hal_dma_ex.o
 .debug_str     0x0011adb5   0x11551c ./Drivers/STM32U3xx_HAL_Driver/Src/stm32u3xx_hal_gpio.o
 .debug_str     0x0011adb5   0x11592d ./Drivers/STM32U3xx_HAL_Driver/Src/stm32u3xx_hal_icache.o
 .debug_str     0x0011adb5   0x115b2c ./Drivers/STM32U3xx_HAL_Driver/Src/stm32u3xx_hal_pwr.o
 .debug_str     0x0011adb5   0x115983 ./Drivers/STM32U3xx_HAL_Driver/Src/stm32u3xx_hal_pwr_ex.o
 .debug_str     0x0011adb5   0x115a47 ./Drivers/STM32U3xx_HAL_Driver/Src/stm32u3xx_hal_rcc.o
 .debug_str     0x0011adb5   0x115b58 ./Drivers/STM32U3xx_HAL_Driver/Src/stm32u3xx_hal_rcc_ex.o
 .debug_str     0x0011adb5   0x11590c ./Drivers/STM32U3xx_HAL_Driver/Src/stm32u3xx_hal_rtc.o
 .debug_str     0x0011adb5   0x116179 ./Drivers/STM32U3xx_HAL_Driver/Src/stm32u3xx_hal_rtc_ex.o
 .debug_str     0x0011adb5   0x115eeb ./Drivers/STM32U3xx_HAL_Driver/Src/stm32u3xx_hal_spi.o
 .debug_str     0x0011adb5   0x115a5b ./Drivers/STM32U3xx_HAL_Driver/Src/stm32u3xx_hal_spi_ex.o

.comment        0x00000000       0x43
 .comment       0x00000000       0x43 ./Core/Src/main.o
                                 0x44 (size before relaxing)
 .comment       0x00000043       0x44 ./Core/Src/stm32u3xx_hal_msp.o
 .comment       0x00000043       0x44 ./Core/Src/stm32u3xx_it.o
 .comment       0x00000043       0x44 ./Core/Src/system_stm32u3xx.o
 .comment       0x00000043       0x44 ./Drivers/STM32U3xx_HAL_Driver/Src/stm32u3xx_hal.o
 .comment       0x00000043       0x44 ./Drivers/STM32U3xx_HAL_Driver/Src/stm32u3xx_hal_cortex.o
 .comment       0x00000043       0x44 ./Drivers/STM32U3xx_HAL_Driver/Src/stm32u3xx_hal_dma.o
 .comment       0x00000043       0x44 ./Drivers/STM32U3xx_HAL_Driver/Src/stm32u3xx_hal_dma_ex.o
 .comment       0x00000043       0x44 ./Drivers/STM32U3xx_HAL_Driver/Src/stm32u3xx_hal_gpio.o
 .comment       0x00000043       0x44 ./Drivers/STM32U3xx_HAL_Driver/Src/stm32u3xx_hal_icache.o
 .comment       0x00000043       0x44 ./Drivers/STM32U3xx_HAL_Driver/Src/stm32u3xx_hal_pwr.o
 .comment       0x00000043       0x44 ./Drivers/STM32U3xx_HAL_Driver/Src/stm32u3xx_hal_pwr_ex.o
 .comment       0x00000043       0x44 ./Drivers/STM32U3xx_HAL_Driver/Src/stm32u3xx_hal_rcc.o
 .comment       0x00000043       0x44 ./Drivers/STM32U3xx_HAL_Driver/Src/stm32u3xx_hal_rcc_ex.o
 .comment       0x00000043       0x44 ./Drivers/STM32U3xx_HAL_Driver/Src/stm32u3xx_hal_rtc.o
 .comment       0x00000043       0x44 ./Drivers/STM32U3xx_HAL_Driver/Src/stm32u3xx_hal_rtc_ex.o
 .comment       0x00000043       0x44 ./Drivers/STM32U3xx_HAL_Driver/Src/stm32u3xx_hal_spi.o
 .comment       0x00000043       0x44 ./Drivers/STM32U3xx_HAL_Driver/Src/stm32u3xx_hal_spi_ex.o

.debug_frame    0x00000000     0x4750
 .debug_frame   0x00000000      0x164 ./Core/Src/main.o
 .debug_frame   0x00000164       0xd0 ./Core/Src/stm32u3xx_hal_msp.o
 .debug_frame   0x00000234      0x174 ./Core/Src/stm32u3xx_it.o
 .debug_frame   0x000003a8       0x58 ./Core/Src/system_stm32u3xx.o
 .debug_frame   0x00000400      0x5c0 ./Drivers/STM32U3xx_HAL_Driver/Src/stm32u3xx_hal.o
 .debug_frame   0x000009c0      0x580 ./Drivers/STM32U3xx_HAL_Driver/Src/stm32u3xx_hal_cortex.o
 .debug_frame   0x00000f40      0x2a0 ./Drivers/STM32U3xx_HAL_Driver/Src/stm32u3xx_hal_dma.o
 .debug_frame   0x000011e0      0x754 ./Drivers/STM32U3xx_HAL_Driver/Src/stm32u3xx_hal_dma_ex.o
 .debug_frame   0x00001934      0x214 ./Drivers/STM32U3xx_HAL_Driver/Src/stm32u3xx_hal_gpio.o
 .debug_frame   0x00001b48      0x298 ./Drivers/STM32U3xx_HAL_Driver/Src/stm32u3xx_hal_icache.o
 .debug_frame   0x00001de0      0x680 ./Drivers/STM32U3xx_HAL_Driver/Src/stm32u3xx_hal_pwr.o
 .debug_frame   0x00002460      0x530 ./Drivers/STM32U3xx_HAL_Driver/Src/stm32u3xx_hal_pwr_ex.o
 .debug_frame   0x00002990      0x2b0 ./Drivers/STM32U3xx_HAL_Driver/Src/stm32u3xx_hal_rcc.o
 .debug_frame   0x00002c40      0x3dc ./Drivers/STM32U3xx_HAL_Driver/Src/stm32u3xx_hal_rcc_ex.o
 .debug_frame   0x0000301c      0x3f8 ./Drivers/STM32U3xx_HAL_Driver/Src/stm32u3xx_hal_rtc.o
 .debug_frame   0x00003414      0xa48 ./Drivers/STM32U3xx_HAL_Driver/Src/stm32u3xx_hal_rtc_ex.o
 .debug_frame   0x00003e5c      0x7a8 ./Drivers/STM32U3xx_HAL_Driver/Src/stm32u3xx_hal_spi.o
 .debug_frame   0x00004604      0x100 ./Drivers/STM32U3xx_HAL_Driver/Src/stm32u3xx_hal_spi_ex.o
 .debug_frame   0x00004704       0x20 C:/ST/STM32CubeIDE_1.17.0/STM32CubeIDE/plugins/com.st.stm32cube.ide.mcu.externaltools.gnu-tools-for-stm32.13.3.rel1.win32_1.0.0.202411081344/tools/bin/../lib/gcc/arm-none-eabi/13.3.1/../../../../arm-none-eabi/lib/thumb/v8-m.main+fp/hard\libc_nano.a(libc_a-memset.o)
 .debug_frame   0x00004724       0x2c C:/ST/STM32CubeIDE_1.17.0/STM32CubeIDE/plugins/com.st.stm32cube.ide.mcu.externaltools.gnu-tools-for-stm32.13.3.rel1.win32_1.0.0.202411081344/tools/bin/../lib/gcc/arm-none-eabi/13.3.1/../../../../arm-none-eabi/lib/thumb/v8-m.main+fp/hard\libc_nano.a(libc_a-init.o)

.debug_line_str
                0x00000000       0x8e
 .debug_line_str
                0x00000000       0x8e ./Core/Startup/startup_stm32u385rgtxq.o
