Archive member included to satisfy reference by file (symbol)

C:/ST/STM32CubeIDE_1.17.0/STM32CubeIDE/plugins/com.st.stm32cube.ide.mcu.externaltools.gnu-tools-for-stm32.13.3.rel1.win32_1.0.0.202411081344/tools/bin/../lib/gcc/arm-none-eabi/13.3.1/../../../../arm-none-eabi/lib/thumb/v8-m.main+fp/hard\libc_nano.a(libc_a-exit.o)
                              C:/ST/STM32CubeIDE_1.17.0/STM32CubeIDE/plugins/com.st.stm32cube.ide.mcu.externaltools.gnu-tools-for-stm32.13.3.rel1.win32_1.0.0.202411081344/tools/bin/../lib/gcc/arm-none-eabi/13.3.1/../../../../arm-none-eabi/lib/thumb/v8-m.main+fp/hard/crt0.o (exit)
C:/ST/STM32CubeIDE_1.17.0/STM32CubeIDE/plugins/com.st.stm32cube.ide.mcu.externaltools.gnu-tools-for-stm32.13.3.rel1.win32_1.0.0.202411081344/tools/bin/../lib/gcc/arm-none-eabi/13.3.1/../../../../arm-none-eabi/lib/thumb/v8-m.main+fp/hard\libc_nano.a(libc_a-findfp.o)
                              C:/ST/STM32CubeIDE_1.17.0/STM32CubeIDE/plugins/com.st.stm32cube.ide.mcu.externaltools.gnu-tools-for-stm32.13.3.rel1.win32_1.0.0.202411081344/tools/bin/../lib/gcc/arm-none-eabi/13.3.1/../../../../arm-none-eabi/lib/thumb/v8-m.main+fp/hard\libc_nano.a(libc_a-exit.o) (__stdio_exit_handler)
C:/ST/STM32CubeIDE_1.17.0/STM32CubeIDE/plugins/com.st.stm32cube.ide.mcu.externaltools.gnu-tools-for-stm32.13.3.rel1.win32_1.0.0.202411081344/tools/bin/../lib/gcc/arm-none-eabi/13.3.1/../../../../arm-none-eabi/lib/thumb/v8-m.main+fp/hard\libc_nano.a(libc_a-fwalk.o)
                              C:/ST/STM32CubeIDE_1.17.0/STM32CubeIDE/plugins/com.st.stm32cube.ide.mcu.externaltools.gnu-tools-for-stm32.13.3.rel1.win32_1.0.0.202411081344/tools/bin/../lib/gcc/arm-none-eabi/13.3.1/../../../../arm-none-eabi/lib/thumb/v8-m.main+fp/hard\libc_nano.a(libc_a-findfp.o) (_fwalk_sglue)
C:/ST/STM32CubeIDE_1.17.0/STM32CubeIDE/plugins/com.st.stm32cube.ide.mcu.externaltools.gnu-tools-for-stm32.13.3.rel1.win32_1.0.0.202411081344/tools/bin/../lib/gcc/arm-none-eabi/13.3.1/../../../../arm-none-eabi/lib/thumb/v8-m.main+fp/hard\libc_nano.a(libc_a-stdio.o)
                              C:/ST/STM32CubeIDE_1.17.0/STM32CubeIDE/plugins/com.st.stm32cube.ide.mcu.externaltools.gnu-tools-for-stm32.13.3.rel1.win32_1.0.0.202411081344/tools/bin/../lib/gcc/arm-none-eabi/13.3.1/../../../../arm-none-eabi/lib/thumb/v8-m.main+fp/hard\libc_nano.a(libc_a-findfp.o) (__sread)
C:/ST/STM32CubeIDE_1.17.0/STM32CubeIDE/plugins/com.st.stm32cube.ide.mcu.externaltools.gnu-tools-for-stm32.13.3.rel1.win32_1.0.0.202411081344/tools/bin/../lib/gcc/arm-none-eabi/13.3.1/../../../../arm-none-eabi/lib/thumb/v8-m.main+fp/hard\libc_nano.a(libc_a-memset.o)
                              C:/ST/STM32CubeIDE_1.17.0/STM32CubeIDE/plugins/com.st.stm32cube.ide.mcu.externaltools.gnu-tools-for-stm32.13.3.rel1.win32_1.0.0.202411081344/tools/bin/../lib/gcc/arm-none-eabi/13.3.1/../../../../arm-none-eabi/lib/thumb/v8-m.main+fp/hard/crt0.o (memset)
C:/ST/STM32CubeIDE_1.17.0/STM32CubeIDE/plugins/com.st.stm32cube.ide.mcu.externaltools.gnu-tools-for-stm32.13.3.rel1.win32_1.0.0.202411081344/tools/bin/../lib/gcc/arm-none-eabi/13.3.1/../../../../arm-none-eabi/lib/thumb/v8-m.main+fp/hard\libc_nano.a(libc_a-closer.o)
                              C:/ST/STM32CubeIDE_1.17.0/STM32CubeIDE/plugins/com.st.stm32cube.ide.mcu.externaltools.gnu-tools-for-stm32.13.3.rel1.win32_1.0.0.202411081344/tools/bin/../lib/gcc/arm-none-eabi/13.3.1/../../../../arm-none-eabi/lib/thumb/v8-m.main+fp/hard\libc_nano.a(libc_a-stdio.o) (_close_r)
C:/ST/STM32CubeIDE_1.17.0/STM32CubeIDE/plugins/com.st.stm32cube.ide.mcu.externaltools.gnu-tools-for-stm32.13.3.rel1.win32_1.0.0.202411081344/tools/bin/../lib/gcc/arm-none-eabi/13.3.1/../../../../arm-none-eabi/lib/thumb/v8-m.main+fp/hard\libc_nano.a(libc_a-reent.o)
                              C:/ST/STM32CubeIDE_1.17.0/STM32CubeIDE/plugins/com.st.stm32cube.ide.mcu.externaltools.gnu-tools-for-stm32.13.3.rel1.win32_1.0.0.202411081344/tools/bin/../lib/gcc/arm-none-eabi/13.3.1/../../../../arm-none-eabi/lib/thumb/v8-m.main+fp/hard\libc_nano.a(libc_a-closer.o) (errno)
C:/ST/STM32CubeIDE_1.17.0/STM32CubeIDE/plugins/com.st.stm32cube.ide.mcu.externaltools.gnu-tools-for-stm32.13.3.rel1.win32_1.0.0.202411081344/tools/bin/../lib/gcc/arm-none-eabi/13.3.1/../../../../arm-none-eabi/lib/thumb/v8-m.main+fp/hard\libc_nano.a(libc_a-impure.o)
                              C:/ST/STM32CubeIDE_1.17.0/STM32CubeIDE/plugins/com.st.stm32cube.ide.mcu.externaltools.gnu-tools-for-stm32.13.3.rel1.win32_1.0.0.202411081344/tools/bin/../lib/gcc/arm-none-eabi/13.3.1/../../../../arm-none-eabi/lib/thumb/v8-m.main+fp/hard\libc_nano.a(libc_a-reent.o) (_impure_ptr)
C:/ST/STM32CubeIDE_1.17.0/STM32CubeIDE/plugins/com.st.stm32cube.ide.mcu.externaltools.gnu-tools-for-stm32.13.3.rel1.win32_1.0.0.202411081344/tools/bin/../lib/gcc/arm-none-eabi/13.3.1/../../../../arm-none-eabi/lib/thumb/v8-m.main+fp/hard\libc_nano.a(libc_a-lseekr.o)
[...]
Memory Configuration

Name             Origin             Length             Attributes
RAM              0x20030000         0x00002000         xrw
FLASH            0x08000000         0x00080000         xr
*default*        0x00000000         0xffffffff

Linker script and memory map

LOAD C:/ST/STM32CubeIDE_1.17.0/STM32CubeIDE/plugins/com.st.stm32cube.ide.mcu.externaltools.gnu-tools-for-stm32.13.3.rel1.win32_1.0.0.202411081344/tools/bin/../lib/gcc/arm-none-eabi/13.3.1/thumb/v8-m.main+fp/hard/crti.o
LOAD C:/ST/STM32CubeIDE_1.17.0/STM32CubeIDE/plugins/com.st.stm32cube.ide.mcu.externaltools.gnu-tools-for-stm32.13.3.rel1.win32_1.0.0.202411081344/tools/bin/../lib/gcc/arm-none-eabi/13.3.1/thumb/v8-m.main+fp/hard/crtbegin.o
LOAD C:/ST/STM32CubeIDE_1.17.0/STM32CubeIDE/plugins/com.st.stm32cube.ide.mcu.externaltools.gnu-tools-for-stm32.13.3.rel1.win32_1.0.0.202411081344/tools/bin/../lib/gcc/arm-none-eabi/13.3.1/../../../../arm-none-eabi/lib/thumb/v8-m.main+fp/hard/crt0.o
LOAD ./Core/Src/main.o
LOAD ./Core/Src/stm32u3xx_hal_msp.o
LOAD ./Core/Src/stm32u3xx_it.o
LOAD ./Core/Src/syscalls.o
LOAD ./Core/Src/sysmem.o
LOAD ./Core/Src/system_stm32u3xx.o
LOAD ./Core/Startup/startup_stm32u385rgtxq.o
LOAD ./Drivers/STM32U3xx_HAL_Driver/Src/stm32u3xx_hal.o
LOAD ./Drivers/STM32U3xx_HAL_Driver/Src/stm32u3xx_hal_cortex.o
LOAD ./Drivers/STM32U3xx_HAL_Driver/Src/stm32u3xx_hal_dma.o
LOAD ./Drivers/STM32U3xx_HAL_Driver/Src/stm32u3xx_hal_dma_ex.o
LOAD ./Drivers/STM32U3xx_HAL_Driver/Src/stm32u3xx_hal_exti.o
LOAD ./Drivers/STM32U3xx_HAL_Driver/Src/stm32u3xx_hal_flash.o
LOAD ./Drivers/STM32U3xx_HAL_Driver/Src/stm32u3xx_hal_flash_ex.o
LOAD ./Drivers/STM32U3xx_HAL_Driver/Src/stm32u3xx_hal_gpio.o
LOAD ./Drivers/STM32U3xx_HAL_Driver/Src/stm32u3xx_hal_gtzc.o
LOAD ./Drivers/STM32U3xx_HAL_Driver/Src/stm32u3xx_hal_icache.o
LOAD ./Drivers/STM32U3xx_HAL_Driver/Src/stm32u3xx_hal_lptim.o
LOAD ./Drivers/STM32U3xx_HAL_Driver/Src/stm32u3xx_hal_pwr.o
LOAD ./Drivers/STM32U3xx_HAL_Driver/Src/stm32u3xx_hal_pwr_ex.o
LOAD ./Drivers/STM32U3xx_HAL_Driver/Src/stm32u3xx_hal_rcc.o
LOAD ./Drivers/STM32U3xx_HAL_Driver/Src/stm32u3xx_hal_rcc_ex.o
LOAD ./Drivers/STM32U3xx_HAL_Driver/Src/stm32u3xx_hal_tim.o
LOAD ./Drivers/STM32U3xx_HAL_Driver/Src/stm32u3xx_hal_tim_ex.o
START GROUP
LOAD C:/ST/STM32CubeIDE_1.17.0/STM32CubeIDE/plugins/com.st.stm32cube.ide.mcu.externaltools.gnu-tools-for-stm32.13.3.rel1.win32_1.0.0.202411081344/tools/bin/../lib/gcc/arm-none-eabi/13.3.1/../../../../arm-none-eabi/lib/thumb/v8-m.main+fp/hard\libc_nano.a
LOAD C:/ST/STM32CubeIDE_1.17.0/STM32CubeIDE/plugins/com.st.stm32cube.ide.mcu.externaltools.gnu-tools-for-stm32.13.3.rel1.win32_1.0.0.202411081344/tools/bin/../lib/gcc/arm-none-eabi/13.3.1/../../../../arm-none-eabi/lib/thumb/v8-m.main+fp/hard\libm.a
END GROUP
START GROUP
LOAD C:/ST/STM32CubeIDE_1.17.0/STM32CubeIDE/plugins/com.st.stm32cube.ide.mcu.externaltools.gnu-tools-for-stm32.13.3.rel1.win32_1.0.0.202411081344/tools/bin/../lib/gcc/arm-none-eabi/13.3.1/thumb/v8-m.main+fp/hard\libgcc.a
LOAD C:/ST/STM32CubeIDE_1.17.0/STM32CubeIDE/plugins/com.st.stm32cube.ide.mcu.externaltools.gnu-tools-for-stm32.13.3.rel1.win32_1.0.0.202411081344/tools/bin/../lib/gcc/arm-none-eabi/13.3.1/../../../../arm-none-eabi/lib/thumb/v8-m.main+fp/hard\libc_nano.a
END GROUP
START GROUP
LOAD C:/ST/STM32CubeIDE_1.17.0/STM32CubeIDE/plugins/com.st.stm32cube.ide.mcu.externaltools.gnu-tools-for-stm32.13.3.rel1.win32_1.0.0.202411081344/tools/bin/../lib/gcc/arm-none-eabi/13.3.1/thumb/v8-m.main+fp/hard\libgcc.a
LOAD C:/ST/STM32CubeIDE_1.17.0/STM32CubeIDE/plugins/com.st.stm32cube.ide.mcu.externaltools.gnu-tools-for-stm32.13.3.rel1.win32_1.0.0.202411081344/tools/bin/../lib/gcc/arm-none-eabi/13.3.1/../../../../arm-none-eabi/lib/thumb/v8-m.main+fp/hard\libc_nano.a
LOAD C:/ST/STM32CubeIDE_1.17.0/STM32CubeIDE/plugins/com.st.stm32cube.ide.mcu.externaltools.gnu-tools-for-stm32.13.3.rel1.win32_1.0.0.202411081344/tools/bin/../lib/gcc/arm-none-eabi/13.3.1/../../../../arm-none-eabi/lib/thumb/v8-m.main+fp/hard\libnosys.a
END GROUP
START GROUP
LOAD C:/ST/STM32CubeIDE_1.17.0/STM32CubeIDE/plugins/com.st.stm32cube.ide.mcu.externaltools.gnu-tools-for-stm32.13.3.rel1.win32_1.0.0.202411081344/tools/bin/../lib/gcc/arm-none-eabi/13.3.1/thumb/v8-m.main+fp/hard\libgcc.a
LOAD C:/ST/STM32CubeIDE_1.17.0/STM32CubeIDE/plugins/com.st.stm32cube.ide.mcu.externaltools.gnu-tools-for-stm32.13.3.rel1.win32_1.0.0.202411081344/tools/bin/../lib/gcc/arm-none-eabi/13.3.1/../../../../arm-none-eabi/lib/thumb/v8-m.main+fp/hard\libc_nano.a
LOAD C:/ST/STM32CubeIDE_1.17.0/STM32CubeIDE/plugins/com.st.stm32cube.ide.mcu.externaltools.gnu-tools-for-stm32.13.3.rel1.win32_1.0.0.202411081344/tools/bin/../lib/gcc/arm-none-eabi/13.3.1/../../../../arm-none-eabi/lib/thumb/v8-m.main+fp/hard\libnosys.a
END GROUP
LOAD C:/ST/STM32CubeIDE_1.17.0/STM32CubeIDE/plugins/com.st.stm32cube.ide.mcu.externaltools.gnu-tools-for-stm32.13.3.rel1.win32_1.0.0.202411081344/tools/bin/../lib/gcc/arm-none-eabi/13.3.1/thumb/v8-m.main+fp/hard/crtend.o
LOAD C:/ST/STM32CubeIDE_1.17.0/STM32CubeIDE/plugins/com.st.stm32cube.ide.mcu.externaltools.gnu-tools-for-stm32.13.3.rel1.win32_1.0.0.202411081344/tools/bin/../lib/gcc/arm-none-eabi/13.3.1/thumb/v8-m.main+fp/hard/crtn.o
                0x20032000                        _estack = (ORIGIN (RAM) + LENGTH (RAM))
                0x00000200                        _Min_Heap_Size = 0x200
                0x00000400                        _Min_Stack_Size = 0x400

.isr_vector     0x08000000      0x234
                0x08000000                        . = ALIGN (0x4)
 *(.isr_vector)
 .isr_vector    0x08000000      0x234 ./Core/Startup/startup_stm32u385rgtxq.o
                0x08000000                g_pfnVectors
                0x08000234                        . = ALIGN (0x4)

.text           0x08000234     0x23f8
                0x08000234                        . = ALIGN (0x4)
 *(.text)
 .text          0x08000234       0x40 C:/ST/STM32CubeIDE_1.17.0/STM32CubeIDE/plugins/com.st.stm32cube.ide.mcu.externaltools.gnu-tools-for-stm32.13.3.rel1.win32_1.0.0.202411081344/tools/bin/../lib/gcc/arm-none-eabi/13.3.1/thumb/v8-m.main+fp/hard/crtbegin.o
 *(.text*)
 .text.main     0x08000274       0x6c ./Core/Src/main.o
                0x08000274                main
 .text.SystemClock_Config
                0x080002e0       0xe0 ./Core/Src/main.o
                0x080002e0                SystemClock_Config
 .text.MX_ICACHE_Init
                0x080003c0       0x26 ./Core/Src/main.o
 *fill*         0x080003e6        0x2 
 .text.MX_LPTIM1_Init
                0x080003e8       0x94 ./Core/Src/main.o
 .text.MX_GPIO_Init
                0x0800047c      0x14c ./Core/Src/main.o
 .text.Error_Handler
                0x080005c8        0xc ./Core/Src/main.o
                0x080005c8                Error_Handler
 .text.HAL_MspInit
                0x080005d4       0x34 ./Core/Src/stm32u3xx_hal_msp.o
                0x080005d4                HAL_MspInit
 .text.HAL_LPTIM_MspInit
                0x08000608       0x70 ./Core/Src/stm32u3xx_hal_msp.o
                0x08000608                HAL_LPTIM_MspInit
 .text.HAL_LPTIM_MspPostInit
                0x08000678       0x74 ./Core/Src/stm32u3xx_hal_msp.o
                0x08000678                HAL_LPTIM_MspPostInit
 .text.NMI_Handler
                0x080006ec        0x8 ./Core/Src/stm32u3xx_it.o
                0x080006ec                NMI_Handler
 .text.HardFault_Handler
                0x080006f4        0x8 ./Core/Src/stm32u3xx_it.o
                0x080006f4                HardFault_Handler
 .text.MemManage_Handler
                0x080006fc        0x8 ./Core/Src/stm32u3xx_it.o
                0x080006fc                MemManage_Handler
 .text.BusFault_Handler
                0x08000704        0x8 ./Core/Src/stm32u3xx_it.o
                0x08000704                BusFault_Handler
 .text.UsageFault_Handler
                0x0800070c        0x8 ./Core/Src/stm32u3xx_it.o
                0x0800070c                UsageFault_Handler
 .text.SVC_Handler
                0x08000714        0xe ./Core/Src/stm32u3xx_it.o
                0x08000714                SVC_Handler
 .text.DebugMon_Handler
                0x08000722        0xe ./Core/Src/stm32u3xx_it.o
                0x08000722                DebugMon_Handler
 .text.PendSV_Handler
                0x08000730        0xe ./Core/Src/stm32u3xx_it.o
                0x08000730                PendSV_Handler
 .text.SysTick_Handler
                0x0800073e        0xc ./Core/Src/stm32u3xx_it.o
                0x0800073e                SysTick_Handler
 *fill*         0x0800074a        0x2 
 .text.SystemInit
                0x0800074c       0x24 ./Core/Src/system_stm32u3xx.o
                0x0800074c                SystemInit
 .text.SystemCoreClockUpdate
                0x08000770       0xd0 ./Core/Src/system_stm32u3xx.o
                0x08000770                SystemCoreClockUpdate
 .text.Reset_Handler
                0x08000840       0x50 ./Core/Startup/startup_stm32u385rgtxq.o
                0x08000840                Reset_Handler
 .text.Default_Handler
                0x08000890        0x2 ./Core/Startup/startup_stm32u385rgtxq.o
                0x08000890                EXTI2_IRQHandler
                0x08000890                EXTI5_IRQHandler
                0x08000890                I3C1_ER_IRQHandler
                0x08000890                FLASH_S_IRQHandler
                0x08000890                EXTI13_IRQHandler
                0x08000890                TIM1_CC_IRQHandler
                0x08000890                TSC_IRQHandler
                0x08000890                TIM1_TRG_COM_DIR_IDX_IRQHandler
                0x08000890                TAMP_IRQHandler
                0x08000890                TIM6_IRQHandler
                0x08000890                EXTI12_IRQHandler
                0x08000890                EXTI3_IRQHandler
                0x08000890                LPTIM4_IRQHandler
                0x08000890                GPDMA1_Channel5_IRQHandler
                0x08000890                EXTI8_IRQHandler
                0x08000890                LPTIM2_IRQHandler
                0x08000890                USB_FS_IRQHandler
                0x08000890                I2C3_ER_IRQHandler
                0x08000890                LPTIM3_IRQHandler
                0x08000890                EXTI0_IRQHandler
                0x08000890                I2C2_EV_IRQHandler
                0x08000890                FPU_IRQHandler
                0x08000890                GPDMA1_Channel3_IRQHandler
                0x08000890                GPDMA1_Channel7_IRQHandler
                0x08000890                FDCAN1_IT1_IRQHandler
                0x08000890                RAMCFG_IRQHandler
                0x08000890                PWR_S_IRQHandler
                0x08000890                GPDMA1_Channel9_IRQHandler
                0x08000890                SPI1_IRQHandler
                0x08000890                OCTOSPI1_IRQHandler
                0x08000890                GPDMA1_Channel2_IRQHandler
                0x08000890                RCC_S_IRQHandler
                0x08000890                ADC1_IRQHandler
                0x08000890                PKA_IRQHandler
                0x08000890                PWR_IRQHandler
                0x08000890                I3C2_ER_IRQHandler
                0x08000890                EXTI15_IRQHandler
                0x08000890                TIM17_IRQHandler
                0x08000890                USART3_IRQHandler
                0x08000890                RTC_IRQHandler
                0x08000890                EXTI9_IRQHandler
                0x08000890                UART5_IRQHandler
                0x08000890                TIM4_IRQHandler
                0x08000890                I3C2_EV_IRQHandler
                0x08000890                I2C1_EV_IRQHandler
                0x08000890                GPDMA1_Channel1_IRQHandler
                0x08000890                TIM16_IRQHandler
                0x08000890                UART4_IRQHandler
                0x08000890                SecureFault_Handler
                0x08000890                TIM3_IRQHandler
                0x08000890                RCC_IRQHandler
                0x08000890                Default_Handler
                0x08000890                GPDMA1_Channel8_IRQHandler
                0x08000890                GPDMA1_Channel11_IRQHandler
                0x08000890                TIM7_IRQHandler
                0x08000890                SDMMC1_IRQHandler
                0x08000890                SAES_IRQHandler
                0x08000890                GPDMA1_Channel0_IRQHandler
                0x08000890                I3C1_EV_IRQHandler
                0x08000890                TIM15_IRQHandler
                0x08000890                I2C3_EV_IRQHandler
                0x08000890                PVD_PVM_IRQHandler
                0x08000890                ADC2_IRQHandler
                0x08000890                SPI2_IRQHandler
                0x08000890                EXTI14_IRQHandler
                0x08000890                EXTI11_IRQHandler
                0x08000890                CRS_IRQHandler
                0x08000890                EXTI4_IRQHandler
                0x08000890                TIM1_BRK_TERR_IERR_IRQHandler
                0x08000890                RTC_S_IRQHandler
                0x08000890                RNG_IRQHandler
                0x08000890                COMP_IRQHandler
                0x08000890                TIM1_UP_IRQHandler
                0x08000890                WWDG_IRQHandler
                0x08000890                ADF1_IRQHandler
                0x08000890                IWDG_IRQHandler
                0x08000890                LPUART1_IRQHandler
                0x08000890                FDCAN1_IT0_IRQHandler
                0x08000890                TIM2_IRQHandler
                0x08000890                GPDMA1_Channel4_IRQHandler
                0x08000890                EXTI7_IRQHandler
                0x08000890                EXTI1_IRQHandler
                0x08000890                AES_IRQHandler
                0x08000890                DAC1_IRQHandler
                0x08000890                GTZC_IRQHandler
                0x08000890                GPDMA1_Channel6_IRQHandler
                0x08000890                I2C2_ER_IRQHandler
                0x08000890                FLASH_IRQHandler
                0x08000890                USART1_IRQHandler
                0x08000890                EXTI10_IRQHandler
                0x08000890                SPI3_IRQHandler
                0x08000890                I2C1_ER_IRQHandler
                0x08000890                EXTI6_IRQHandler
                0x08000890                LPTIM1_IRQHandler
                0x08000890                GPDMA1_Channel10_IRQHandler
                0x08000890                ICACHE_IRQHandler
                0x08000890                SAI1_IRQHandler
                0x08000890                HASH_IRQHandler
 *fill*         0x08000892        0x2 
 .text.HAL_Init
                0x08000894       0x40 ./Drivers/STM32U3xx_HAL_Driver/Src/stm32u3xx_hal.o
                0x08000894                HAL_Init
 .text.HAL_InitTick
                0x080008d4       0xfc ./Drivers/STM32U3xx_HAL_Driver/Src/stm32u3xx_hal.o
                0x080008d4                HAL_InitTick
 .text.HAL_IncTick
                0x080009d0       0x28 ./Drivers/STM32U3xx_HAL_Driver/Src/stm32u3xx_hal.o
                0x080009d0                HAL_IncTick
 .text.HAL_GetTick
                0x080009f8       0x18 ./Drivers/STM32U3xx_HAL_Driver/Src/stm32u3xx_hal.o
                0x080009f8                HAL_GetTick
 .text.HAL_Delay
                0x08000a10       0x48 ./Drivers/STM32U3xx_HAL_Driver/Src/stm32u3xx_hal.o
                0x08000a10                HAL_Delay
 .text.__NVIC_SetPriorityGrouping
                0x08000a58       0x48 ./Drivers/STM32U3xx_HAL_Driver/Src/stm32u3xx_hal_cortex.o
 .text.__NVIC_GetPriorityGrouping
                0x08000aa0       0x1c ./Drivers/STM32U3xx_HAL_Driver/Src/stm32u3xx_hal_cortex.o
 .text.__NVIC_SetPriority
                0x08000abc       0x54 ./Drivers/STM32U3xx_HAL_Driver/Src/stm32u3xx_hal_cortex.o
 .text.NVIC_EncodePriority
                0x08000b10       0x66 ./Drivers/STM32U3xx_HAL_Driver/Src/stm32u3xx_hal_cortex.o
 .text.HAL_NVIC_SetPriorityGrouping
                0x08000b76       0x16 ./Drivers/STM32U3xx_HAL_Driver/Src/stm32u3xx_hal_cortex.o
                0x08000b76                HAL_NVIC_SetPriorityGrouping
 .text.HAL_NVIC_SetPriority
                0x08000b8c       0x34 ./Drivers/STM32U3xx_HAL_Driver/Src/stm32u3xx_hal_cortex.o
                0x08000b8c                HAL_NVIC_SetPriority
 .text.HAL_SYSTICK_Config
                0x08000bc0       0x44 ./Drivers/STM32U3xx_HAL_Driver/Src/stm32u3xx_hal_cortex.o
                0x08000bc0                HAL_SYSTICK_Config
 .text.HAL_SYSTICK_CLKSourceConfig
                0x08000c04       0xb0 ./Drivers/STM32U3xx_HAL_Driver/Src/stm32u3xx_hal_cortex.o
                0x08000c04                HAL_SYSTICK_CLKSourceConfig
 .text.HAL_GPIO_Init
                0x08000cb4      0x314 ./Drivers/STM32U3xx_HAL_Driver/Src/stm32u3xx_hal_gpio.o
                0x08000cb4                HAL_GPIO_Init
 .text.HAL_ICACHE_ConfigAssociativityMode
                0x08000fc8       0x40 ./Drivers/STM32U3xx_HAL_Driver/Src/stm32u3xx_hal_icache.o
                0x08000fc8                HAL_ICACHE_ConfigAssociativityMode
 .text.HAL_ICACHE_Enable
                0x08001008       0x20 ./Drivers/STM32U3xx_HAL_Driver/Src/stm32u3xx_hal_icache.o
                0x08001008                HAL_ICACHE_Enable
 .text.HAL_LPTIM_Init
                0x08001028      0x200 ./Drivers/STM32U3xx_HAL_Driver/Src/stm32u3xx_hal_lptim.o
                0x08001028                HAL_LPTIM_Init
 .text.HAL_LPTIM_PWM_Start
                0x08001228       0xd4 ./Drivers/STM32U3xx_HAL_Driver/Src/stm32u3xx_hal_lptim.o
                0x08001228                HAL_LPTIM_PWM_Start
 .text.HAL_LPTIM_OC_ConfigChannel
                0x080012fc       0x66 ./Drivers/STM32U3xx_HAL_Driver/Src/stm32u3xx_hal_lptim.o
                0x080012fc                HAL_LPTIM_OC_ConfigChannel
 *fill*         0x08001362        0x2 
 .text.LPTIM_WaitForFlag
                0x08001364       0x60 ./Drivers/STM32U3xx_HAL_Driver/Src/stm32u3xx_hal_lptim.o
 .text.LPTIM_OC1_SetConfig
                0x080013c4       0x98 ./Drivers/STM32U3xx_HAL_Driver/Src/stm32u3xx_hal_lptim.o
 .text.LPTIM_OC2_SetConfig
                0x0800145c       0x9c ./Drivers/STM32U3xx_HAL_Driver/Src/stm32u3xx_hal_lptim.o
 .text.HAL_PWR_EnableBkUpAccess
                0x080014f8       0x18 ./Drivers/STM32U3xx_HAL_Driver/Src/stm32u3xx_hal_pwr.o
                0x080014f8                HAL_PWR_EnableBkUpAccess
 .text.HAL_PWR_EnterSTOPMode
                0x08001510       0x60 ./Drivers/STM32U3xx_HAL_Driver/Src/stm32u3xx_hal_pwr.o
                0x08001510                HAL_PWR_EnterSTOPMode
 .text.HAL_PWREx_ControlVoltageScaling
                0x08001570       0x7c ./Drivers/STM32U3xx_HAL_Driver/Src/stm32u3xx_hal_pwr_ex.o
                0x08001570                HAL_PWREx_ControlVoltageScaling
 .text.HAL_PWREx_EnableEpodBooster
                0x080015ec       0x58 ./Drivers/STM32U3xx_HAL_Driver/Src/stm32u3xx_hal_pwr_ex.o
                0x080015ec                HAL_PWREx_EnableEpodBooster
 .text.HAL_PWREx_ConfigSupply
                0x08001644       0x98 ./Drivers/STM32U3xx_HAL_Driver/Src/stm32u3xx_hal_pwr_ex.o
                0x08001644                HAL_PWREx_ConfigSupply
 .text.HAL_PWREx_EnableRAMsPowerDown
                0x080016dc       0x24 ./Drivers/STM32U3xx_HAL_Driver/Src/stm32u3xx_hal_pwr_ex.o
                0x080016dc                HAL_PWREx_EnableRAMsPowerDown
 .text.HAL_PWREx_DisableRAMsContentStopRetention
                0x08001700       0x24 ./Drivers/STM32U3xx_HAL_Driver/Src/stm32u3xx_hal_pwr_ex.o
                0x08001700                HAL_PWREx_DisableRAMsContentStopRetention
 .text.HAL_PWREx_DisableFlashFastWakeUp
                0x08001724       0x20 ./Drivers/STM32U3xx_HAL_Driver/Src/stm32u3xx_hal_pwr_ex.o
                0x08001724                HAL_PWREx_DisableFlashFastWakeUp
 .text.HAL_RCC_OscConfig
                0x08001744      0x6ac ./Drivers/STM32U3xx_HAL_Driver/Src/stm32u3xx_hal_rcc.o
                0x08001744                HAL_RCC_OscConfig
 .text.HAL_RCC_ClockConfig
                0x08001df0      0x1d8 ./Drivers/STM32U3xx_HAL_Driver/Src/stm32u3xx_hal_rcc.o
                0x08001df0                HAL_RCC_ClockConfig
 .text.HAL_RCC_GetSysClockFreq
                0x08001fc8       0x90 ./Drivers/STM32U3xx_HAL_Driver/Src/stm32u3xx_hal_rcc.o
                0x08001fc8                HAL_RCC_GetSysClockFreq
 .text.HAL_RCCEx_PeriphCLKConfig
                0x08002058      0x4dc ./Drivers/STM32U3xx_HAL_Driver/Src/stm32u3xx_hal_rcc_ex.o
                0x08002058                HAL_RCCEx_PeriphCLKConfig
 .text.HAL_RCCEx_EpodBoosterClkConfig
                0x08002534       0x88 ./Drivers/STM32U3xx_HAL_Driver/Src/stm32u3xx_hal_rcc_ex.o
                0x08002534                HAL_RCCEx_EpodBoosterClkConfig
 .text.memset   0x080025bc       0x10 C:/ST/STM32CubeIDE_1.17.0/STM32CubeIDE/plugins/com.st.stm32cube.ide.mcu.externaltools.gnu-tools-for-stm32.13.3.rel1.win32_1.0.0.202411081344/tools/bin/../lib/gcc/arm-none-eabi/13.3.1/../../../../arm-none-eabi/lib/thumb/v8-m.main+fp/hard\libc_nano.a(libc_a-memset.o)
                0x080025bc                memset
 .text.__libc_init_array
                0x080025cc       0x48 C:/ST/STM32CubeIDE_1.17.0/STM32CubeIDE/plugins/com.st.stm32cube.ide.mcu.externaltools.gnu-tools-for-stm32.13.3.rel1.win32_1.0.0.202411081344/tools/bin/../lib/gcc/arm-none-eabi/13.3.1/../../../../arm-none-eabi/lib/thumb/v8-m.main+fp/hard\libc_nano.a(libc_a-init.o)
                0x080025cc                __libc_init_array
 *(.glue_7)
 .glue_7        0x08002614        0x0 linker stubs
 *(.glue_7t)
 .glue_7t       0x08002614        0x0 linker stubs
 *(.eh_frame)
 .eh_frame      0x08002614        0x0 C:/ST/STM32CubeIDE_1.17.0/STM32CubeIDE/plugins/com.st.stm32cube.ide.mcu.externaltools.gnu-tools-for-stm32.13.3.rel1.win32_1.0.0.202411081344/tools/bin/../lib/gcc/arm-none-eabi/13.3.1/thumb/v8-m.main+fp/hard/crtbegin.o
 *(.init)
 .init          0x08002614        0x4 C:/ST/STM32CubeIDE_1.17.0/STM32CubeIDE/plugins/com.st.stm32cube.ide.mcu.externaltools.gnu-tools-for-stm32.13.3.rel1.win32_1.0.0.202411081344/tools/bin/../lib/gcc/arm-none-eabi/13.3.1/thumb/v8-m.main+fp/hard/crti.o
                0x08002614                _init
 .init          0x08002618        0x8 C:/ST/STM32CubeIDE_1.17.0/STM32CubeIDE/plugins/com.st.stm32cube.ide.mcu.externaltools.gnu-tools-for-stm32.13.3.rel1.win32_1.0.0.202411081344/tools/bin/../lib/gcc/arm-none-eabi/13.3.1/thumb/v8-m.main+fp/hard/crtn.o
 *(.fini)
 .fini          0x08002620        0x4 C:/ST/STM32CubeIDE_1.17.0/STM32CubeIDE/plugins/com.st.stm32cube.ide.mcu.externaltools.gnu-tools-for-stm32.13.3.rel1.win32_1.0.0.202411081344/tools/bin/../lib/gcc/arm-none-eabi/13.3.1/thumb/v8-m.main+fp/hard/crti.o
                0x08002620                _fini
 .fini          0x08002624        0x8 C:/ST/STM32CubeIDE_1.17.0/STM32CubeIDE/plugins/com.st.stm32cube.ide.mcu.externaltools.gnu-tools-for-stm32.13.3.rel1.win32_1.0.0.202411081344/tools/bin/../lib/gcc/arm-none-eabi/13.3.1/thumb/v8-m.main+fp/hard/crtn.o
                0x0800262c                        . = ALIGN (0x4)
                0x0800262c                        _etext = .

.vfp11_veneer   0x0800262c        0x0
 .vfp11_veneer  0x0800262c        0x0 linker stubs

.v4_bx          0x0800262c        0x0
 .v4_bx         0x0800262c        0x0 linker stubs

.iplt           0x0800262c        0x0
 .iplt          0x0800262c        0x0 C:/ST/STM32CubeIDE_1.17.0/STM32CubeIDE/plugins/com.st.stm32cube.ide.mcu.externaltools.gnu-tools-for-stm32.13.3.rel1.win32_1.0.0.202411081344/tools/bin/../lib/gcc/arm-none-eabi/13.3.1/thumb/v8-m.main+fp/hard/crtbegin.o

.rodata         0x0800262c       0x10
                0x0800262c                        . = ALIGN (0x4)
 *(.rodata)
 *(.rodata*)
 .rodata.AHBPrescTable
                0x0800262c       0x10 ./Core/Src/system_stm32u3xx.o
                0x0800262c                AHBPrescTable
                0x0800263c                        . = ALIGN (0x4)

.ARM.extab      0x0800263c        0x0
                0x0800263c                        . = ALIGN (0x4)
 *(.ARM.extab* .gnu.linkonce.armextab.*)
                0x0800263c                        . = ALIGN (0x4)

.ARM            0x0800263c        0x0
                0x0800263c                        . = ALIGN (0x4)
                0x0800263c                        __exidx_start = .
 *(.ARM.exidx*)
                0x0800263c                        __exidx_end = .
                0x0800263c                        . = ALIGN (0x4)

.preinit_array  0x0800263c        0x0
                0x0800263c                        . = ALIGN (0x4)
                0x0800263c                        PROVIDE (__preinit_array_start = .)
 *(.preinit_array*)
                0x0800263c                        PROVIDE (__preinit_array_end = .)
                0x0800263c                        . = ALIGN (0x4)

.init_array     0x0800263c        0x4
                0x0800263c                        . = ALIGN (0x4)
                0x0800263c                        PROVIDE (__init_array_start = .)
 *(SORT_BY_NAME(.init_array.*))
 *(.init_array*)
 .init_array    0x0800263c        0x4 C:/ST/STM32CubeIDE_1.17.0/STM32CubeIDE/plugins/com.st.stm32cube.ide.mcu.externaltools.gnu-tools-for-stm32.13.3.rel1.win32_1.0.0.202411081344/tools/bin/../lib/gcc/arm-none-eabi/13.3.1/thumb/v8-m.main+fp/hard/crtbegin.o
                0x08002640                        PROVIDE (__init_array_end = .)
                0x08002640                        . = ALIGN (0x4)

.fini_array     0x08002640        0x4
                0x08002640                        . = ALIGN (0x4)
                [!provide]                        PROVIDE (__fini_array_start = .)
 *(SORT_BY_NAME(.fini_array.*))
 *(.fini_array*)
 .fini_array    0x08002640        0x4 C:/ST/STM32CubeIDE_1.17.0/STM32CubeIDE/plugins/com.st.stm32cube.ide.mcu.externaltools.gnu-tools-for-stm32.13.3.rel1.win32_1.0.0.202411081344/tools/bin/../lib/gcc/arm-none-eabi/13.3.1/thumb/v8-m.main+fp/hard/crtbegin.o
                [!provide]                        PROVIDE (__fini_array_end = .)
                0x08002644                        . = ALIGN (0x4)
                0x08002644                        _sidata = LOADADDR (.data)

.rel.dyn        0x08002644        0x0
 .rel.iplt      0x08002644        0x0 C:/ST/STM32CubeIDE_1.17.0/STM32CubeIDE/plugins/com.st.stm32cube.ide.mcu.externaltools.gnu-tools-for-stm32.13.3.rel1.win32_1.0.0.202411081344/tools/bin/../lib/gcc/arm-none-eabi/13.3.1/thumb/v8-m.main+fp/hard/crtbegin.o

.data           0x20030000        0xc load address 0x08002644
                0x20030000                        . = ALIGN (0x4)
                0x20030000                        _sdata = .
 *(.data)
 *(.data*)
 .data.SystemCoreClock
                0x20030000        0x4 ./Core/Src/system_stm32u3xx.o
                0x20030000                SystemCoreClock
 .data.uwTickPrio
                0x20030004        0x4 ./Drivers/STM32U3xx_HAL_Driver/Src/stm32u3xx_hal.o
                0x20030004                uwTickPrio
 .data.uwTickFreq
                0x20030008        0x1 ./Drivers/STM32U3xx_HAL_Driver/Src/stm32u3xx_hal.o
                0x20030008                uwTickFreq
 *(.RamFunc)
 *(.RamFunc*)
                0x2003000c                        . = ALIGN (0x4)
 *fill*         0x20030009        0x3 
                0x2003000c                        _edata = .

.igot.plt       0x2003000c        0x0 load address 0x08002650
 .igot.plt      0x2003000c        0x0 C:/ST/STM32CubeIDE_1.17.0/STM32CubeIDE/plugins/com.st.stm32cube.ide.mcu.externaltools.gnu-tools-for-stm32.13.3.rel1.win32_1.0.0.202411081344/tools/bin/../lib/gcc/arm-none-eabi/13.3.1/thumb/v8-m.main+fp/hard/crtbegin.o
                0x2003000c                        . = ALIGN (0x4)

.bss            0x2003000c       0x70 load address 0x08002650
                0x2003000c                        _sbss = .
                0x2003000c                        __bss_start__ = _sbss
 *(.bss)
 .bss           0x2003000c       0x1c C:/ST/STM32CubeIDE_1.17.0/STM32CubeIDE/plugins/com.st.stm32cube.ide.mcu.externaltools.gnu-tools-for-stm32.13.3.rel1.win32_1.0.0.202411081344/tools/bin/../lib/gcc/arm-none-eabi/13.3.1/thumb/v8-m.main+fp/hard/crtbegin.o
 *(.bss*)
 .bss.hlptim1   0x20030028       0x50 ./Core/Src/main.o
                0x20030028                hlptim1
 .bss.uwTick    0x20030078        0x4 ./Drivers/STM32U3xx_HAL_Driver/Src/stm32u3xx_hal.o
                0x20030078                uwTick
 *(COMMON)
                0x2003007c                        . = ALIGN (0x4)
                0x2003007c                        _ebss = .
                0x2003007c                        __bss_end__ = _ebss

._user_heap_stack
                0x2003007c      0x604 load address 0x08002650
                0x20030080                        . = ALIGN (0x8)
 *fill*         0x2003007c        0x4 
                [!provide]                        PROVIDE (end = .)
                0x20030080                        PROVIDE (_end = .)
                0x20030280                        . = (. + _Min_Heap_Size)
 *fill*         0x20030080      0x200 
                0x20030680                        . = (. + _Min_Stack_Size)
 *fill*         0x20030280      0x400 
                0x20030680                        . = ALIGN (0x8)

/DISCARD/
 libc.a(*)
 libm.a(*)
 libgcc.a(*)

.ARM.attributes
                0x00000000       0x36
 *(.ARM.attributes)
 .ARM.attributes
                0x00000000       0x26 C:/ST/STM32CubeIDE_1.17.0/STM32CubeIDE/plugins/com.st.stm32cube.ide.mcu.externaltools.gnu-tools-for-stm32.13.3.rel1.win32_1.0.0.202411081344/tools/bin/../lib/gcc/arm-none-eabi/13.3.1/thumb/v8-m.main+fp/hard/crti.o
 .ARM.attributes
                0x00000026       0x38 C:/ST/STM32CubeIDE_1.17.0/STM32CubeIDE/plugins/com.st.stm32cube.ide.mcu.externaltools.gnu-tools-for-stm32.13.3.rel1.win32_1.0.0.202411081344/tools/bin/../lib/gcc/arm-none-eabi/13.3.1/thumb/v8-m.main+fp/hard/crtbegin.o
 .ARM.attributes
                0x0000005e       0x3a ./Core/Src/main.o
 .ARM.attributes
                0x00000098       0x3a ./Core/Src/stm32u3xx_hal_msp.o
 .ARM.attributes
                0x000000d2       0x3a ./Core/Src/stm32u3xx_it.o
 .ARM.attributes
                0x0000010c       0x3a ./Core/Src/system_stm32u3xx.o
 .ARM.attributes
                0x00000146       0x24 ./Core/Startup/startup_stm32u385rgtxq.o
 .ARM.attributes
                0x0000016a       0x3a ./Drivers/STM32U3xx_HAL_Driver/Src/stm32u3xx_hal.o
 .ARM.attributes
                0x000001a4       0x3a ./Drivers/STM32U3xx_HAL_Driver/Src/stm32u3xx_hal_cortex.o
 .ARM.attributes
                0x000001de       0x3a ./Drivers/STM32U3xx_HAL_Driver/Src/stm32u3xx_hal_gpio.o
 .ARM.attributes
                0x00000218       0x3a ./Drivers/STM32U3xx_HAL_Driver/Src/stm32u3xx_hal_icache.o
 .ARM.attributes
                0x00000252       0x3a ./Drivers/STM32U3xx_HAL_Driver/Src/stm32u3xx_hal_lptim.o
 .ARM.attributes
                0x0000028c       0x3a ./Drivers/STM32U3xx_HAL_Driver/Src/stm32u3xx_hal_pwr.o
 .ARM.attributes
                0x000002c6       0x3a ./Drivers/STM32U3xx_HAL_Driver/Src/stm32u3xx_hal_pwr_ex.o
 .ARM.attributes
                0x00000300       0x3a ./Drivers/STM32U3xx_HAL_Driver/Src/stm32u3xx_hal_rcc.o
 .ARM.attributes
                0x0000033a       0x3a ./Drivers/STM32U3xx_HAL_Driver/Src/stm32u3xx_hal_rcc_ex.o
 .ARM.attributes
                0x00000374       0x38 C:/ST/STM32CubeIDE_1.17.0/STM32CubeIDE/plugins/com.st.stm32cube.ide.mcu.externaltools.gnu-tools-for-stm32.13.3.rel1.win32_1.0.0.202411081344/tools/bin/../lib/gcc/arm-none-eabi/13.3.1/../../../../arm-none-eabi/lib/thumb/v8-m.main+fp/hard\libc_nano.a(libc_a-memset.o)
 .ARM.attributes
                0x000003ac       0x38 C:/ST/STM32CubeIDE_1.17.0/STM32CubeIDE/plugins/com.st.stm32cube.ide.mcu.externaltools.gnu-tools-for-stm32.13.3.rel1.win32_1.0.0.202411081344/tools/bin/../lib/gcc/arm-none-eabi/13.3.1/../../../../arm-none-eabi/lib/thumb/v8-m.main+fp/hard\libc_nano.a(libc_a-init.o)
 .ARM.attributes
                0x000003e4       0x26 C:/ST/STM32CubeIDE_1.17.0/STM32CubeIDE/plugins/com.st.stm32cube.ide.mcu.externaltools.gnu-tools-for-stm32.13.3.rel1.win32_1.0.0.202411081344/tools/bin/../lib/gcc/arm-none-eabi/13.3.1/thumb/v8-m.main+fp/hard/crtn.o
OUTPUT(lptim_test.elf elf32-littlearm)
LOAD linker stubs
LOAD C:/ST/STM32CubeIDE_1.17.0/STM32CubeIDE/plugins/com.st.stm32cube.ide.mcu.externaltools.gnu-tools-for-stm32.13.3.rel1.win32_1.0.0.202411081344/tools/bin/../lib/gcc/arm-none-eabi/13.3.1/../../../../arm-none-eabi/lib/thumb/v8-m.main+fp/hard\libc.a
LOAD C:/ST/STM32CubeIDE_1.17.0/STM32CubeIDE/plugins/com.st.stm32cube.ide.mcu.externaltools.gnu-tools-for-stm32.13.3.rel1.win32_1.0.0.202411081344/tools/bin/../lib/gcc/arm-none-eabi/13.3.1/../../../../arm-none-eabi/lib/thumb/v8-m.main+fp/hard\libm.a
LOAD C:/ST/STM32CubeIDE_1.17.0/STM32CubeIDE/plugins/com.st.stm32cube.ide.mcu.externaltools.gnu-tools-for-stm32.13.3.rel1.win32_1.0.0.202411081344/tools/bin/../lib/gcc/arm-none-eabi/13.3.1/thumb/v8-m.main+fp/hard\libgcc.a

.debug_info     0x00000000     0xd22c
 .debug_info    0x00000000     0x14f4 ./Core/Src/main.o
 .debug_info    0x000014f4     0x1032 ./Core/Src/stm32u3xx_hal_msp.o
 .debug_info    0x00002526      0x573 ./Core/Src/stm32u3xx_it.o
 .debug_info    0x00002a99      0x960 ./Core/Src/system_stm32u3xx.o
 .debug_info    0x000033f9       0x30 ./Core/Startup/startup_stm32u385rgtxq.o
 .debug_info    0x00003429     0x14ae ./Drivers/STM32U3xx_HAL_Driver/Src/stm32u3xx_hal.o
 .debug_info    0x000048d7     0x164a ./Drivers/STM32U3xx_HAL_Driver/Src/stm32u3xx_hal_cortex.o
 .debug_info    0x00005f21      0xa8c ./Drivers/STM32U3xx_HAL_Driver/Src/stm32u3xx_hal_gpio.o
 .debug_info    0x000069ad      0x8eb ./Drivers/STM32U3xx_HAL_Driver/Src/stm32u3xx_hal_icache.o
 .debug_info    0x00007298     0x1cd8 ./Drivers/STM32U3xx_HAL_Driver/Src/stm32u3xx_hal_lptim.o
 .debug_info    0x00008f70     0x127b ./Drivers/STM32U3xx_HAL_Driver/Src/stm32u3xx_hal_pwr.o
 .debug_info    0x0000a1eb      0xf8b ./Drivers/STM32U3xx_HAL_Driver/Src/stm32u3xx_hal_pwr_ex.o
 .debug_info    0x0000b176     0x1116 ./Drivers/STM32U3xx_HAL_Driver/Src/stm32u3xx_hal_rcc.o
 .debug_info    0x0000c28c      0xfa0 ./Drivers/STM32U3xx_HAL_Driver/Src/stm32u3xx_hal_rcc_ex.o

.debug_abbrev   0x00000000     0x1e97
 .debug_abbrev  0x00000000      0x2f9 ./Core/Src/main.o
 .debug_abbrev  0x000002f9      0x216 ./Core/Src/stm32u3xx_hal_msp.o
 .debug_abbrev  0x0000050f      0x122 ./Core/Src/stm32u3xx_it.o
 .debug_abbrev  0x00000631      0x142 ./Core/Src/system_stm32u3xx.o
 .debug_abbrev  0x00000773       0x24 ./Core/Startup/startup_stm32u385rgtxq.o
 .debug_abbrev  0x00000797      0x344 ./Drivers/STM32U3xx_HAL_Driver/Src/stm32u3xx_hal.o
 .debug_abbrev  0x00000adb      0x312 ./Drivers/STM32U3xx_HAL_Driver/Src/stm32u3xx_hal_cortex.o
 .debug_abbrev  0x00000ded      0x1fb ./Drivers/STM32U3xx_HAL_Driver/Src/stm32u3xx_hal_gpio.o
 .debug_abbrev  0x00000fe8      0x25c ./Drivers/STM32U3xx_HAL_Driver/Src/stm32u3xx_hal_icache.o
 .debug_abbrev  0x00001244      0x2d6 ./Drivers/STM32U3xx_HAL_Driver/Src/stm32u3xx_hal_lptim.o
 .debug_abbrev  0x0000151a      0x25c ./Drivers/STM32U3xx_HAL_Driver/Src/stm32u3xx_hal_pwr.o
 .debug_abbrev  0x00001776      0x20f ./Drivers/STM32U3xx_HAL_Driver/Src/stm32u3xx_hal_pwr_ex.o
 .debug_abbrev  0x00001985      0x2c8 ./Drivers/STM32U3xx_HAL_Driver/Src/stm32u3xx_hal_rcc.o
 .debug_abbrev  0x00001c4d      0x24a ./Drivers/STM32U3xx_HAL_Driver/Src/stm32u3xx_hal_rcc_ex.o

.debug_aranges  0x00000000      0xbd0
 .debug_aranges
                0x00000000       0x48 ./Core/Src/main.o
 .debug_aranges
                0x00000048       0x38 ./Core/Src/stm32u3xx_hal_msp.o
 .debug_aranges
                0x00000080       0x60 ./Core/Src/stm32u3xx_it.o
 .debug_aranges
                0x000000e0       0x28 ./Core/Src/system_stm32u3xx.o
 .debug_aranges
                0x00000108       0x28 ./Core/Startup/startup_stm32u385rgtxq.o
 .debug_aranges
                0x00000130      0x168 ./Drivers/STM32U3xx_HAL_Driver/Src/stm32u3xx_hal.o
 .debug_aranges
                0x00000298      0x148 ./Drivers/STM32U3xx_HAL_Driver/Src/stm32u3xx_hal_cortex.o
 .debug_aranges
                0x000003e0       0x80 ./Drivers/STM32U3xx_HAL_Driver/Src/stm32u3xx_hal_gpio.o
 .debug_aranges
                0x00000460       0xa8 ./Drivers/STM32U3xx_HAL_Driver/Src/stm32u3xx_hal_icache.o
 .debug_aranges
                0x00000508      0x250 ./Drivers/STM32U3xx_HAL_Driver/Src/stm32u3xx_hal_lptim.o
 .debug_aranges
                0x00000758      0x1a0 ./Drivers/STM32U3xx_HAL_Driver/Src/stm32u3xx_hal_pwr.o
 .debug_aranges
                0x000008f8      0x140 ./Drivers/STM32U3xx_HAL_Driver/Src/stm32u3xx_hal_pwr_ex.o
 .debug_aranges
                0x00000a38       0xb0 ./Drivers/STM32U3xx_HAL_Driver/Src/stm32u3xx_hal_rcc.o
 .debug_aranges
                0x00000ae8       0xe8 ./Drivers/STM32U3xx_HAL_Driver/Src/stm32u3xx_hal_rcc_ex.o

.debug_rnglists
                0x00000000      0x8d9
 .debug_rnglists
                0x00000000       0x34 ./Core/Src/main.o
 .debug_rnglists
                0x00000034       0x25 ./Core/Src/stm32u3xx_hal_msp.o
 .debug_rnglists
                0x00000059       0x43 ./Core/Src/stm32u3xx_it.o
 .debug_rnglists
                0x0000009c       0x1a ./Core/Src/system_stm32u3xx.o
 .debug_rnglists
                0x000000b6       0x19 ./Core/Startup/startup_stm32u385rgtxq.o
 .debug_rnglists
                0x000000cf      0x10c ./Drivers/STM32U3xx_HAL_Driver/Src/stm32u3xx_hal.o
 .debug_rnglists
                0x000001db       0xf2 ./Drivers/STM32U3xx_HAL_Driver/Src/stm32u3xx_hal_cortex.o
 .debug_rnglists
                0x000002cd       0x5d ./Drivers/STM32U3xx_HAL_Driver/Src/stm32u3xx_hal_gpio.o
 .debug_rnglists
                0x0000032a       0x7a ./Drivers/STM32U3xx_HAL_Driver/Src/stm32u3xx_hal_icache.o
 .debug_rnglists
                0x000003a4      0x1d6 ./Drivers/STM32U3xx_HAL_Driver/Src/stm32u3xx_hal_lptim.o
 .debug_rnglists
                0x0000057a      0x138 ./Drivers/STM32U3xx_HAL_Driver/Src/stm32u3xx_hal_pwr.o
 .debug_rnglists
                0x000006b2       0xf0 ./Drivers/STM32U3xx_HAL_Driver/Src/stm32u3xx_hal_pwr_ex.o
 .debug_rnglists
                0x000007a2       0x85 ./Drivers/STM32U3xx_HAL_Driver/Src/stm32u3xx_hal_rcc.o
 .debug_rnglists
                0x00000827       0xb2 ./Drivers/STM32U3xx_HAL_Driver/Src/stm32u3xx_hal_rcc_ex.o

.debug_macro    0x00000000    0x2baa3
 .debug_macro   0x00000000      0x27b ./Core/Src/main.o
 .debug_macro   0x0000027b      0xade ./Core/Src/main.o
 .debug_macro   0x00000d59      0x1d7 ./Core/Src/main.o
 .debug_macro   0x00000f30       0x2e ./Core/Src/main.o
 .debug_macro   0x00000f5e       0x42 ./Core/Src/main.o
 .debug_macro   0x00000fa0       0x22 ./Core/Src/main.o
 .debug_macro   0x00000fc2       0x8e ./Core/Src/main.o
 .debug_macro   0x00001050       0x51 ./Core/Src/main.o
 .debug_macro   0x000010a1      0x103 ./Core/Src/main.o
 .debug_macro   0x000011a4       0x6a ./Core/Src/main.o
 .debug_macro   0x0000120e      0x1df ./Core/Src/main.o
 .debug_macro   0x000013ed       0x1c ./Core/Src/main.o
 .debug_macro   0x00001409       0x29 ./Core/Src/main.o
 .debug_macro   0x00001432       0xfb ./Core/Src/main.o
 .debug_macro   0x0000152d     0x1685 ./Core/Src/main.o
 .debug_macro   0x00002bb2       0x5e ./Core/Src/main.o
 .debug_macro   0x00002c10    0x1df2a ./Core/Src/main.o
 .debug_macro   0x00020b3a       0x6c ./Core/Src/main.o
 .debug_macro   0x00020ba6     0x3432 ./Core/Src/main.o
 .debug_macro   0x00023fd8      0x190 ./Core/Src/main.o
 .debug_macro   0x00024168       0x61 ./Core/Src/main.o
 .debug_macro   0x000241c9       0x2a ./Core/Src/main.o
 .debug_macro   0x000241f3       0x43 ./Core/Src/main.o
 .debug_macro   0x00024236       0x34 ./Core/Src/main.o
 .debug_macro   0x0002426a      0x370 ./Core/Src/main.o
 .debug_macro   0x000245da       0x16 ./Core/Src/main.o
 .debug_macro   0x000245f0       0x4a ./Core/Src/main.o
 .debug_macro   0x0002463a       0x34 ./Core/Src/main.o
 .debug_macro   0x0002466e       0x10 ./Core/Src/main.o
 .debug_macro   0x0002467e       0x58 ./Core/Src/main.o
 .debug_macro   0x000246d6       0x8e ./Core/Src/main.o
 .debug_macro   0x00024764       0x1c ./Core/Src/main.o
 .debug_macro   0x00024780      0x185 ./Core/Src/main.o
 .debug_macro   0x00024905      0x19b ./Core/Src/main.o
 .debug_macro   0x00024aa0       0x5d ./Core/Src/main.o
 .debug_macro   0x00024afd      0x914 ./Core/Src/main.o
 .debug_macro   0x00025411     0x1750 ./Core/Src/main.o
 .debug_macro   0x00026b61      0x837 ./Core/Src/main.o
 .debug_macro   0x00027398      0x1dd ./Core/Src/main.o
 .debug_macro   0x00027575      0x1c9 ./Core/Src/main.o
 .debug_macro   0x0002773e      0x47f ./Core/Src/main.o
 .debug_macro   0x00027bbd      0x313 ./Core/Src/main.o
 .debug_macro   0x00027ed0       0xd6 ./Core/Src/main.o
 .debug_macro   0x00027fa6      0x1d5 ./Core/Src/main.o
 .debug_macro   0x0002817b      0x1b0 ./Core/Src/main.o
 .debug_macro   0x0002832b      0x439 ./Core/Src/main.o
 .debug_macro   0x00028764       0xd8 ./Core/Src/main.o
 .debug_macro   0x0002883c      0x11c ./Core/Src/main.o
 .debug_macro   0x00028958       0xc9 ./Core/Src/main.o
 .debug_macro   0x00028a21      0x37c ./Core/Src/main.o
 .debug_macro   0x00028d9d      0x409 ./Core/Src/main.o
 .debug_macro   0x000291a6      0x511 ./Core/Src/main.o
 .debug_macro   0x000296b7      0x23b ./Core/Src/main.o
 .debug_macro   0x000298f2      0x37b ./Core/Src/main.o
 .debug_macro   0x00029c6d      0x27b ./Core/Src/stm32u3xx_hal_msp.o
 .debug_macro   0x00029ee8      0x285 ./Core/Src/stm32u3xx_it.o
 .debug_macro   0x0002a16d      0x271 ./Core/Src/system_stm32u3xx.o
 .debug_macro   0x0002a3de      0x277 ./Drivers/STM32U3xx_HAL_Driver/Src/stm32u3xx_hal.o
 .debug_macro   0x0002a655      0x272 ./Drivers/STM32U3xx_HAL_Driver/Src/stm32u3xx_hal_cortex.o
 .debug_macro   0x0002a8c7      0x278 ./Drivers/STM32U3xx_HAL_Driver/Src/stm32u3xx_hal_gpio.o
 .debug_macro   0x0002ab3f      0x2a3 ./Drivers/STM32U3xx_HAL_Driver/Src/stm32u3xx_hal_icache.o
 .debug_macro   0x0002ade2      0x279 ./Drivers/STM32U3xx_HAL_Driver/Src/stm32u3xx_hal_lptim.o
 .debug_macro   0x0002b05b      0x2aa ./Drivers/STM32U3xx_HAL_Driver/Src/stm32u3xx_hal_pwr.o
 .debug_macro   0x0002b305      0x286 ./Drivers/STM32U3xx_HAL_Driver/Src/stm32u3xx_hal_pwr_ex.o
 .debug_macro   0x0002b58b      0x2a1 ./Drivers/STM32U3xx_HAL_Driver/Src/stm32u3xx_hal_rcc.o
 .debug_macro   0x0002b82c      0x277 ./Drivers/STM32U3xx_HAL_Driver/Src/stm32u3xx_hal_rcc_ex.o

.debug_line     0x00000000     0xbd19
 .debug_line    0x00000000      0xa00 ./Core/Src/main.o
 .debug_line    0x00000a00      0x8f4 ./Core/Src/stm32u3xx_hal_msp.o
 .debug_line    0x000012f4      0x926 ./Core/Src/stm32u3xx_it.o
 .debug_line    0x00001c1a      0x8dc ./Core/Src/system_stm32u3xx.o
 .debug_line    0x000024f6       0x79 ./Core/Startup/startup_stm32u385rgtxq.o
 .debug_line    0x0000256f      0xe72 ./Drivers/STM32U3xx_HAL_Driver/Src/stm32u3xx_hal.o
 .debug_line    0x000033e1      0xebc ./Drivers/STM32U3xx_HAL_Driver/Src/stm32u3xx_hal_cortex.o
 .debug_line    0x0000429d      0xd56 ./Drivers/STM32U3xx_HAL_Driver/Src/stm32u3xx_hal_gpio.o
 .debug_line    0x00004ff3      0xb6d ./Drivers/STM32U3xx_HAL_Driver/Src/stm32u3xx_hal_icache.o
 .debug_line    0x00005b60     0x1db3 ./Drivers/STM32U3xx_HAL_Driver/Src/stm32u3xx_hal_lptim.o
 .debug_line    0x00007913      0xfc8 ./Drivers/STM32U3xx_HAL_Driver/Src/stm32u3xx_hal_pwr.o
 .debug_line    0x000088db      0xd59 ./Drivers/STM32U3xx_HAL_Driver/Src/stm32u3xx_hal_pwr_ex.o
 .debug_line    0x00009634     0x1220 ./Drivers/STM32U3xx_HAL_Driver/Src/stm32u3xx_hal_rcc.o
 .debug_line    0x0000a854     0x14c5 ./Drivers/STM32U3xx_HAL_Driver/Src/stm32u3xx_hal_rcc_ex.o

.debug_str      0x00000000   0x11195f
 .debug_str     0x00000000   0x11195f ./Core/Src/main.o
                             0x10e9d6 (size before relaxing)
 .debug_str     0x0011195f   0x10e7b5 ./Core/Src/stm32u3xx_hal_msp.o
 .debug_str     0x0011195f   0x10de46 ./Core/Src/stm32u3xx_it.o
 .debug_str     0x0011195f   0x10dee2 ./Core/Src/system_stm32u3xx.o
 .debug_str     0x0011195f       0xa7 ./Core/Startup/startup_stm32u385rgtxq.o
 .debug_str     0x0011195f   0x10ebb3 ./Drivers/STM32U3xx_HAL_Driver/Src/stm32u3xx_hal.o
 .debug_str     0x0011195f   0x10e9f4 ./Drivers/STM32U3xx_HAL_Driver/Src/stm32u3xx_hal_cortex.o
 .debug_str     0x0011195f   0x10e08f ./Drivers/STM32U3xx_HAL_Driver/Src/stm32u3xx_hal_gpio.o
 .debug_str     0x0011195f   0x10e4a0 ./Drivers/STM32U3xx_HAL_Driver/Src/stm32u3xx_hal_icache.o
 .debug_str     0x0011195f   0x10ec62 ./Drivers/STM32U3xx_HAL_Driver/Src/stm32u3xx_hal_lptim.o
 .debug_str     0x0011195f   0x10e68d ./Drivers/STM32U3xx_HAL_Driver/Src/stm32u3xx_hal_pwr.o
 .debug_str     0x0011195f   0x10e4e4 ./Drivers/STM32U3xx_HAL_Driver/Src/stm32u3xx_hal_pwr_ex.o
 .debug_str     0x0011195f   0x10e5a8 ./Drivers/STM32U3xx_HAL_Driver/Src/stm32u3xx_hal_rcc.o
 .debug_str     0x0011195f   0x10e6cb ./Drivers/STM32U3xx_HAL_Driver/Src/stm32u3xx_hal_rcc_ex.o

.comment        0x00000000       0x43
 .comment       0x00000000       0x43 ./Core/Src/main.o
                                 0x44 (size before relaxing)
 .comment       0x00000043       0x44 ./Core/Src/stm32u3xx_hal_msp.o
 .comment       0x00000043       0x44 ./Core/Src/stm32u3xx_it.o
 .comment       0x00000043       0x44 ./Core/Src/system_stm32u3xx.o
 .comment       0x00000043       0x44 ./Drivers/STM32U3xx_HAL_Driver/Src/stm32u3xx_hal.o
 .comment       0x00000043       0x44 ./Drivers/STM32U3xx_HAL_Driver/Src/stm32u3xx_hal_cortex.o
 .comment       0x00000043       0x44 ./Drivers/STM32U3xx_HAL_Driver/Src/stm32u3xx_hal_gpio.o
 .comment       0x00000043       0x44 ./Drivers/STM32U3xx_HAL_Driver/Src/stm32u3xx_hal_icache.o
 .comment       0x00000043       0x44 ./Drivers/STM32U3xx_HAL_Driver/Src/stm32u3xx_hal_lptim.o
 .comment       0x00000043       0x44 ./Drivers/STM32U3xx_HAL_Driver/Src/stm32u3xx_hal_pwr.o
 .comment       0x00000043       0x44 ./Drivers/STM32U3xx_HAL_Driver/Src/stm32u3xx_hal_pwr_ex.o
 .comment       0x00000043       0x44 ./Drivers/STM32U3xx_HAL_Driver/Src/stm32u3xx_hal_rcc.o
 .comment       0x00000043       0x44 ./Drivers/STM32U3xx_HAL_Driver/Src/stm32u3xx_hal_rcc_ex.o

.debug_frame    0x00000000     0x2ff0
 .debug_frame   0x00000000       0xcc ./Core/Src/main.o
 .debug_frame   0x000000cc       0xa8 ./Core/Src/stm32u3xx_hal_msp.o
 .debug_frame   0x00000174      0x104 ./Core/Src/stm32u3xx_it.o
 .debug_frame   0x00000278       0x58 ./Core/Src/system_stm32u3xx.o
 .debug_frame   0x000002d0      0x5c0 ./Drivers/STM32U3xx_HAL_Driver/Src/stm32u3xx_hal.o
 .debug_frame   0x00000890      0x580 ./Drivers/STM32U3xx_HAL_Driver/Src/stm32u3xx_hal_cortex.o
 .debug_frame   0x00000e10      0x214 ./Drivers/STM32U3xx_HAL_Driver/Src/stm32u3xx_hal_gpio.o
 .debug_frame   0x00001024      0x298 ./Drivers/STM32U3xx_HAL_Driver/Src/stm32u3xx_hal_icache.o
 .debug_frame   0x000012bc      0xaac ./Drivers/STM32U3xx_HAL_Driver/Src/stm32u3xx_hal_lptim.o
 .debug_frame   0x00001d68      0x680 ./Drivers/STM32U3xx_HAL_Driver/Src/stm32u3xx_hal_pwr.o
 .debug_frame   0x000023e8      0x530 ./Drivers/STM32U3xx_HAL_Driver/Src/stm32u3xx_hal_pwr_ex.o
 .debug_frame   0x00002918      0x2b0 ./Drivers/STM32U3xx_HAL_Driver/Src/stm32u3xx_hal_rcc.o
 .debug_frame   0x00002bc8      0x3dc ./Drivers/STM32U3xx_HAL_Driver/Src/stm32u3xx_hal_rcc_ex.o
 .debug_frame   0x00002fa4       0x20 C:/ST/STM32CubeIDE_1.17.0/STM32CubeIDE/plugins/com.st.stm32cube.ide.mcu.externaltools.gnu-tools-for-stm32.13.3.rel1.win32_1.0.0.202411081344/tools/bin/../lib/gcc/arm-none-eabi/13.3.1/../../../../arm-none-eabi/lib/thumb/v8-m.main+fp/hard\libc_nano.a(libc_a-memset.o)
 .debug_frame   0x00002fc4       0x2c C:/ST/STM32CubeIDE_1.17.0/STM32CubeIDE/plugins/com.st.stm32cube.ide.mcu.externaltools.gnu-tools-for-stm32.13.3.rel1.win32_1.0.0.202411081344/tools/bin/../lib/gcc/arm-none-eabi/13.3.1/../../../../arm-none-eabi/lib/thumb/v8-m.main+fp/hard\libc_nano.a(libc_a-init.o)

.debug_line_str
                0x00000000       0x8b
 .debug_line_str
                0x00000000       0x8b ./Core/Startup/startup_stm32u385rgtxq.o
